Archive member included because of file (symbol)

c:/infineon/tools/dave ide/4.5.0.202105191637/eclipse/arm-gcc-49/bin/../lib/gcc/arm-none-eabi/4.9.3/../../../../arm-none-eabi/lib/armv7e-m/softfp\libm.a(lib_a-s_cos.o)
                              ./SSD1306/ssd1306.o (cos)
c:/infineon/tools/dave ide/4.5.0.202105191637/eclipse/arm-gcc-49/bin/../lib/gcc/arm-none-eabi/4.9.3/../../../../arm-none-eabi/lib/armv7e-m/softfp\libm.a(lib_a-s_sin.o)
                              ./SSD1306/ssd1306.o (sin)
c:/infineon/tools/dave ide/4.5.0.202105191637/eclipse/arm-gcc-49/bin/../lib/gcc/arm-none-eabi/4.9.3/../../../../arm-none-eabi/lib/armv7e-m/softfp\libm.a(lib_a-s_trunc.o)
                              ./main.o (trunc)
c:/infineon/tools/dave ide/4.5.0.202105191637/eclipse/arm-gcc-49/bin/../lib/gcc/arm-none-eabi/4.9.3/../../../../arm-none-eabi/lib/armv7e-m/softfp\libm.a(lib_a-e_rem_pio2.o)
                              c:/infineon/tools/dave ide/4.5.0.202105191637/eclipse/arm-gcc-49/bin/../lib/gcc/arm-none-eabi/4.9.3/../../../../arm-none-eabi/lib/armv7e-m/softfp\libm.a(lib_a-s_cos.o) (__ieee754_rem_pio2)
c:/infineon/tools/dave ide/4.5.0.202105191637/eclipse/arm-gcc-49/bin/../lib/gcc/arm-none-eabi/4.9.3/../../../../arm-none-eabi/lib/armv7e-m/softfp\libm.a(lib_a-k_cos.o)
                              c:/infineon/tools/dave ide/4.5.0.202105191637/eclipse/arm-gcc-49/bin/../lib/gcc/arm-none-eabi/4.9.3/../../../../arm-none-eabi/lib/armv7e-m/softfp\libm.a(lib_a-s_cos.o) (__kernel_cos)
c:/infineon/tools/dave ide/4.5.0.202105191637/eclipse/arm-gcc-49/bin/../lib/gcc/arm-none-eabi/4.9.3/../../../../arm-none-eabi/lib/armv7e-m/softfp\libm.a(lib_a-k_rem_pio2.o)
                              c:/infineon/tools/dave ide/4.5.0.202105191637/eclipse/arm-gcc-49/bin/../lib/gcc/arm-none-eabi/4.9.3/../../../../arm-none-eabi/lib/armv7e-m/softfp\libm.a(lib_a-e_rem_pio2.o) (__kernel_rem_pio2)
c:/infineon/tools/dave ide/4.5.0.202105191637/eclipse/arm-gcc-49/bin/../lib/gcc/arm-none-eabi/4.9.3/../../../../arm-none-eabi/lib/armv7e-m/softfp\libm.a(lib_a-k_sin.o)
                              c:/infineon/tools/dave ide/4.5.0.202105191637/eclipse/arm-gcc-49/bin/../lib/gcc/arm-none-eabi/4.9.3/../../../../arm-none-eabi/lib/armv7e-m/softfp\libm.a(lib_a-s_cos.o) (__kernel_sin)
c:/infineon/tools/dave ide/4.5.0.202105191637/eclipse/arm-gcc-49/bin/../lib/gcc/arm-none-eabi/4.9.3/../../../../arm-none-eabi/lib/armv7e-m/softfp\libm.a(lib_a-s_fabs.o)
                              c:/infineon/tools/dave ide/4.5.0.202105191637/eclipse/arm-gcc-49/bin/../lib/gcc/arm-none-eabi/4.9.3/../../../../arm-none-eabi/lib/armv7e-m/softfp\libm.a(lib_a-e_rem_pio2.o) (fabs)
c:/infineon/tools/dave ide/4.5.0.202105191637/eclipse/arm-gcc-49/bin/../lib/gcc/arm-none-eabi/4.9.3/../../../../arm-none-eabi/lib/armv7e-m/softfp\libm.a(lib_a-s_floor.o)
                              c:/infineon/tools/dave ide/4.5.0.202105191637/eclipse/arm-gcc-49/bin/../lib/gcc/arm-none-eabi/4.9.3/../../../../arm-none-eabi/lib/armv7e-m/softfp\libm.a(lib_a-k_rem_pio2.o) (floor)
c:/infineon/tools/dave ide/4.5.0.202105191637/eclipse/arm-gcc-49/bin/../lib/gcc/arm-none-eabi/4.9.3/../../../../arm-none-eabi/lib/armv7e-m/softfp\libm.a(lib_a-s_scalbn.o)
                              c:/infineon/tools/dave ide/4.5.0.202105191637/eclipse/arm-gcc-49/bin/../lib/gcc/arm-none-eabi/4.9.3/../../../../arm-none-eabi/lib/armv7e-m/softfp\libm.a(lib_a-k_rem_pio2.o) (scalbn)
c:/infineon/tools/dave ide/4.5.0.202105191637/eclipse/arm-gcc-49/bin/../lib/gcc/arm-none-eabi/4.9.3/../../../../arm-none-eabi/lib/armv7e-m/softfp\libm.a(lib_a-s_copysign.o)
                              c:/infineon/tools/dave ide/4.5.0.202105191637/eclipse/arm-gcc-49/bin/../lib/gcc/arm-none-eabi/4.9.3/../../../../arm-none-eabi/lib/armv7e-m/softfp\libm.a(lib_a-s_scalbn.o) (copysign)
c:/infineon/tools/dave ide/4.5.0.202105191637/eclipse/arm-gcc-49/bin/../lib/gcc/arm-none-eabi/4.9.3/armv7e-m/softfp\libgcc.a(_arm_addsubdf3.o)
                              c:/infineon/tools/dave ide/4.5.0.202105191637/eclipse/arm-gcc-49/bin/../lib/gcc/arm-none-eabi/4.9.3/../../../../arm-none-eabi/lib/armv7e-m/softfp\libm.a(lib_a-s_cos.o) (__aeabi_dsub)
c:/infineon/tools/dave ide/4.5.0.202105191637/eclipse/arm-gcc-49/bin/../lib/gcc/arm-none-eabi/4.9.3/armv7e-m/softfp\libgcc.a(_arm_muldivdf3.o)
                              ./SSD1306/ssd1306.o (__aeabi_dmul)
c:/infineon/tools/dave ide/4.5.0.202105191637/eclipse/arm-gcc-49/bin/../lib/gcc/arm-none-eabi/4.9.3/armv7e-m/softfp\libgcc.a(_arm_cmpdf2.o)
                              c:/infineon/tools/dave ide/4.5.0.202105191637/eclipse/arm-gcc-49/bin/../lib/gcc/arm-none-eabi/4.9.3/../../../../arm-none-eabi/lib/armv7e-m/softfp\libm.a(lib_a-e_rem_pio2.o) (__aeabi_dcmpeq)
c:/infineon/tools/dave ide/4.5.0.202105191637/eclipse/arm-gcc-49/bin/../lib/gcc/arm-none-eabi/4.9.3/armv7e-m/softfp\libgcc.a(_arm_fixdfsi.o)
                              ./SSD1306/ssd1306.o (__aeabi_d2iz)
[...]
Memory Configuration

Name             Origin             Length             Attributes
FLASH_1_cached   0x08000000         0x00100000         xr
FLASH_1_uncached 0x0c000000         0x00100000         xr
PSRAM_1          0x10000000         0x00010000         !xr
DSRAM_1_system   0x20000000         0x00010000         !xr
DSRAM_2_comm     0x30000000         0x00008000         !xr
*default*        0x00000000         0xffffffff

Linker script and memory map

LOAD ./Startup/startup_XMC4500.o
LOAD ./Startup/system_XMC4500.o
LOAD ./SSD1306/ssd1306.o
LOAD ./SSD1306/ssd1306_fonts.o
LOAD ./Libraries/XMCLib/src/xmc4_eru.o
LOAD ./Libraries/XMCLib/src/xmc4_flash.o
LOAD ./Libraries/XMCLib/src/xmc4_gpio.o
LOAD ./Libraries/XMCLib/src/xmc4_rtc.o
LOAD ./Libraries/XMCLib/src/xmc4_scu.o
LOAD ./Libraries/XMCLib/src/xmc_can.o
LOAD ./Libraries/XMCLib/src/xmc_ccu4.o
LOAD ./Libraries/XMCLib/src/xmc_ccu8.o
LOAD ./Libraries/XMCLib/src/xmc_common.o
LOAD ./Libraries/XMCLib/src/xmc_dac.o
LOAD ./Libraries/XMCLib/src/xmc_dma.o
LOAD ./Libraries/XMCLib/src/xmc_dsd.o
LOAD ./Libraries/XMCLib/src/xmc_ebu.o
LOAD ./Libraries/XMCLib/src/xmc_ecat.o
LOAD ./Libraries/XMCLib/src/xmc_eru.o
LOAD ./Libraries/XMCLib/src/xmc_eth_mac.o
LOAD ./Libraries/XMCLib/src/xmc_eth_phy_dp83848.o
LOAD ./Libraries/XMCLib/src/xmc_eth_phy_ksz8031rnl.o
LOAD ./Libraries/XMCLib/src/xmc_eth_phy_ksz8081rnb.o
LOAD ./Libraries/XMCLib/src/xmc_fce.o
LOAD ./Libraries/XMCLib/src/xmc_gpio.o
LOAD ./Libraries/XMCLib/src/xmc_hrpwm.o
LOAD ./Libraries/XMCLib/src/xmc_i2c.o
LOAD ./Libraries/XMCLib/src/xmc_i2s.o
LOAD ./Libraries/XMCLib/src/xmc_ledts.o
LOAD ./Libraries/XMCLib/src/xmc_posif.o
LOAD ./Libraries/XMCLib/src/xmc_rtc.o
LOAD ./Libraries/XMCLib/src/xmc_sdmmc.o
LOAD ./Libraries/XMCLib/src/xmc_spi.o
LOAD ./Libraries/XMCLib/src/xmc_uart.o
LOAD ./Libraries/XMCLib/src/xmc_usbd.o
LOAD ./Libraries/XMCLib/src/xmc_usbh.o
LOAD ./Libraries/XMCLib/src/xmc_usic.o
LOAD ./Libraries/XMCLib/src/xmc_vadc.o
LOAD ./Libraries/XMCLib/src/xmc_wdt.o
LOAD ./Libraries/Newlib/syscalls.o
LOAD ./Dave/Generated/I2C_MASTER/i2c_master.o
LOAD ./Dave/Generated/I2C_MASTER/i2c_master_conf.o
LOAD ./Dave/Generated/GLOBAL_CCU4/global_ccu4.o
LOAD ./Dave/Generated/GLOBAL_CCU4/global_ccu4_conf.o
LOAD ./Dave/Generated/GLOBAL_ADC/global_adc.o
LOAD ./Dave/Generated/GLOBAL_ADC/global_adc_conf.o
LOAD ./Dave/Generated/CPU_CTRL_XMC4/cpu_ctrl_xmc4.o
LOAD ./Dave/Generated/CPU_CTRL_XMC4/cpu_ctrl_xmc4_conf.o
LOAD ./Dave/Generated/CLOCK_XMC4/clock_xmc4.o
LOAD ./Dave/Generated/CLOCK_XMC4/clock_xmc4_conf.o
LOAD ./Dave/Generated/ADC_MEASUREMENT/adc_measurement.o
LOAD ./Dave/Generated/ADC_MEASUREMENT/adc_measurement_conf.o
LOAD ./Dave/Generated/DAVE.o
LOAD ./main.o
LOAD c:/infineon/tools/dave ide/4.5.0.202105191637/eclipse/arm-gcc-49/bin/../lib/gcc/arm-none-eabi/4.9.3/../../../../arm-none-eabi/lib/armv7e-m/softfp\libm.a
START GROUP
LOAD c:/infineon/tools/dave ide/4.5.0.202105191637/eclipse/arm-gcc-49/bin/../lib/gcc/arm-none-eabi/4.9.3/armv7e-m/softfp\libgcc.a
LOAD c:/infineon/tools/dave ide/4.5.0.202105191637/eclipse/arm-gcc-49/bin/../lib/gcc/arm-none-eabi/4.9.3/../../../../arm-none-eabi/lib/armv7e-m/softfp\libg_nano.a
LOAD c:/infineon/tools/dave ide/4.5.0.202105191637/eclipse/arm-gcc-49/bin/../lib/gcc/arm-none-eabi/4.9.3/../../../../arm-none-eabi/lib/armv7e-m/softfp\libc_nano.a
END GROUP
START GROUP
LOAD c:/infineon/tools/dave ide/4.5.0.202105191637/eclipse/arm-gcc-49/bin/../lib/gcc/arm-none-eabi/4.9.3/armv7e-m/softfp\libgcc.a
LOAD c:/infineon/tools/dave ide/4.5.0.202105191637/eclipse/arm-gcc-49/bin/../lib/gcc/arm-none-eabi/4.9.3/../../../../arm-none-eabi/lib/armv7e-m/softfp\libc_nano.a
LOAD c:/infineon/tools/dave ide/4.5.0.202105191637/eclipse/arm-gcc-49/bin/../lib/gcc/arm-none-eabi/4.9.3/../../../../arm-none-eabi/lib/armv7e-m/softfp\libnosys.a
END GROUP
START GROUP
LOAD c:/infineon/tools/dave ide/4.5.0.202105191637/eclipse/arm-gcc-49/bin/../lib/gcc/arm-none-eabi/4.9.3/armv7e-m/softfp\libgcc.a
LOAD c:/infineon/tools/dave ide/4.5.0.202105191637/eclipse/arm-gcc-49/bin/../lib/gcc/arm-none-eabi/4.9.3/../../../../arm-none-eabi/lib/armv7e-m/softfp\libc_nano.a
LOAD c:/infineon/tools/dave ide/4.5.0.202105191637/eclipse/arm-gcc-49/bin/../lib/gcc/arm-none-eabi/4.9.3/../../../../arm-none-eabi/lib/armv7e-m/softfp\libnosys.a
END GROUP
                0x00000800                stack_size = DEFINED (stack_size)?stack_size:0x800
                0x00000040                no_init_size = 0x40

.text           0x08000000     0x541c load address 0x0c000000
                0x08000000                sText = .
 *(.reset)
 .reset         0x08000000      0x2b4 ./Startup/startup_XMC4500.o
                0x08000000                __Vectors
                0x08000200                Reset_Handler
                0x080002b0                DSD0_7_IRQHandler
                0x080002b0                DebugMon_Handler
                0x080002b0                VADC0_C0_0_IRQHandler
                0x080002b0                CAN0_4_IRQHandler
                0x080002b0                VADC0_G2_0_IRQHandler
                0x080002b0                USIC0_5_IRQHandler
                0x080002b0                POSIF0_0_IRQHandler
                0x080002b0                POSIF1_0_IRQHandler
                0x080002b0                HardFault_Handler
                0x080002b0                VADC0_G1_1_IRQHandler
                0x080002b0                PendSV_Handler
                0x080002b0                NMI_Handler
                0x080002b0                USIC1_3_IRQHandler
                0x080002b0                CCU40_2_IRQHandler
                0x080002b0                SCU_0_IRQHandler
                0x080002b0                ERU0_0_IRQHandler
                0x080002b0                CCU41_0_IRQHandler
                0x080002b0                USIC1_5_IRQHandler
                0x080002b0                DSD0_4_IRQHandler
                0x080002b0                CCU80_1_IRQHandler
                0x080002b0                CCU81_0_IRQHandler
                0x080002b0                UsageFault_Handler
                0x080002b0                USIC0_0_IRQHandler
                0x080002b0                POSIF1_1_IRQHandler
                0x080002b0                ERU0_2_IRQHandler
                0x080002b0                CCU81_1_IRQHandler
                0x080002b0                ERU1_1_IRQHandler
                0x080002b0                VADC0_G2_3_IRQHandler
                0x080002b0                VADC0_G2_2_IRQHandler
                0x080002b0                CCU42_3_IRQHandler
                0x080002b0                ERU0_3_IRQHandler
                0x080002b0                DSD0_5_IRQHandler
                0x080002b0                VADC0_C0_3_IRQHandler
                0x080002b0                CAN0_6_IRQHandler
                0x080002b0                CCU43_0_IRQHandler
                0x080002b0                VADC0_G0_1_IRQHandler
                0x080002b0                CCU81_2_IRQHandler
                0x080002b0                USIC2_4_IRQHandler
                0x080002b0                CCU81_3_IRQHandler
                0x080002b0                CCU42_1_IRQHandler
                0x080002b0                USIC2_5_IRQHandler
                0x080002b0                CCU40_0_IRQHandler
                0x080002b0                CAN0_0_IRQHandler
                0x080002b0                ERU1_0_IRQHandler
                0x080002b0                CCU42_2_IRQHandler
                0x080002b0                Default_Handler
                0x080002b0                USIC1_4_IRQHandler
                0x080002b0                ERU1_3_IRQHandler
                0x080002b0                POSIF0_1_IRQHandler
                0x080002b0                VADC0_G0_0_IRQHandler
                0x080002b0                DSD0_2_IRQHandler
                0x080002b0                CCU80_3_IRQHandler
                0x080002b0                CCU41_3_IRQHandler
                0x080002b0                CCU80_2_IRQHandler
                0x080002b0                VADC0_G1_3_IRQHandler
                0x080002b0                VADC0_G0_3_IRQHandler
                0x080002b0                GPDMA0_0_IRQHandler
                0x080002b0                PMU0_0_IRQHandler
                0x080002b0                CAN0_7_IRQHandler
                0x080002b0                DSD0_1_IRQHandler
                0x080002b0                CCU41_2_IRQHandler
                0x080002b0                VADC0_C0_1_IRQHandler
                0x080002b0                CCU43_2_IRQHandler
                0x080002b0                USIC2_2_IRQHandler
                0x080002b0                MemManage_Handler
                0x080002b0                VADC0_G3_1_IRQHandler
                0x080002b0                DAC0_0_IRQHandler
                0x080002b0                SVC_Handler
                0x080002b0                VADC0_G3_3_IRQHandler
                0x080002b0                ERU1_2_IRQHandler
                0x080002b0                CCU41_1_IRQHandler
                0x080002b0                DSD0_6_IRQHandler
                0x080002b0                CCU43_1_IRQHandler
                0x080002b0                VADC0_G1_2_IRQHandler
                0x080002b0                USIC2_3_IRQHandler
                0x080002b0                CAN0_2_IRQHandler
                0x080002b0                USIC2_0_IRQHandler
                0x080002b0                VADC0_G0_2_IRQHandler
                0x080002b0                VADC0_G2_1_IRQHandler
                0x080002b0                CAN0_3_IRQHandler
                0x080002b0                ETH0_0_IRQHandler
                0x080002b0                USIC0_3_IRQHandler
                0x080002b0                DSD0_0_IRQHandler
                0x080002b0                CCU42_0_IRQHandler
                0x080002b0                FCE0_0_IRQHandler
                0x080002b0                VADC0_G1_0_IRQHandler
                0x080002b0                USB0_0_IRQHandler
                0x080002b0                CAN0_5_IRQHandler
                0x080002b0                CCU80_0_IRQHandler
                0x080002b0                CCU40_1_IRQHandler
                0x080002b0                USIC2_1_IRQHandler
                0x080002b0                USIC0_1_IRQHandler
                0x080002b0                VADC0_G3_2_IRQHandler
                0x080002b0                CCU40_3_IRQHandler
                0x080002b0                BusFault_Handler
                0x080002b0                LEDTS0_0_IRQHandler
                0x080002b0                USIC0_4_IRQHandler
                0x080002b0                CCU43_3_IRQHandler
                0x080002b0                ERU0_1_IRQHandler
                0x080002b0                VADC0_G3_0_IRQHandler
                0x080002b0                USIC1_2_IRQHandler
                0x080002b0                DSD0_3_IRQHandler
                0x080002b0                SDMMC0_0_IRQHandler
                0x080002b0                CAN0_1_IRQHandler
                0x080002b0                USIC0_2_IRQHandler
                0x080002b0                DAC0_1_IRQHandler
                0x080002b0                GPDMA1_0_IRQHandler
 *(.text .text.* .gnu.linkonce.t.*)
 .text.SystemInit
                0x080002b4       0x20 ./Startup/system_XMC4500.o
                0x080002b4                SystemInit
 .text.SystemCoreClockUpdate
                0x080002d4       0xd4 ./Startup/system_XMC4500.o
                0x080002d4                SystemCoreClockUpdate
 .text.XMC_USIC_CH_TXFIFO_IsFull
                0x080003a8       0x28 ./SSD1306/ssd1306.o
 .text.XMC_USIC_CH_TXFIFO_IsEmpty
                0x080003d0       0x28 ./SSD1306/ssd1306.o
 .text.XMC_I2C_CH_GetStatusFlag
                0x080003f8       0x18 ./SSD1306/ssd1306.o
 .text.XMC_I2C_CH_ClearStatusFlag
                0x08000410       0x20 ./SSD1306/ssd1306.o
 .text.ssd1306_Reset
                0x08000430        0xc ./SSD1306/ssd1306.o
                0x08000430                ssd1306_Reset
 .text.ssd1306_WriteCommand
                0x0800043c       0xac ./SSD1306/ssd1306.o
                0x0800043c                ssd1306_WriteCommand
 .text.ssd1306_WriteData
                0x080004e8       0xc8 ./SSD1306/ssd1306.o
                0x080004e8                ssd1306_WriteData
 .text.ssd1306_Init
                0x080005b0       0xec ./SSD1306/ssd1306.o
                0x080005b0                ssd1306_Init
 .text.ssd1306_Fill
                0x0800069c       0x44 ./SSD1306/ssd1306.o
                0x0800069c                ssd1306_Fill
 .text.ssd1306_UpdateScreen
                0x080006e0       0x54 ./SSD1306/ssd1306.o
                0x080006e0                ssd1306_UpdateScreen
 .text.ssd1306_DrawPixel
                0x08000734       0xd4 ./SSD1306/ssd1306.o
                0x08000734                ssd1306_DrawPixel
 .text.ssd1306_WriteChar
                0x08000808      0x118 ./SSD1306/ssd1306.o
                0x08000808                ssd1306_WriteChar
 .text.ssd1306_WriteString
                0x08000920       0x54 ./SSD1306/ssd1306.o
                0x08000920                ssd1306_WriteString
 .text.ssd1306_SetCursor
                0x08000974       0x30 ./SSD1306/ssd1306.o
                0x08000974                ssd1306_SetCursor
 .text.ssd1306_SetContrast
                0x080009a4       0x24 ./SSD1306/ssd1306.o
                0x080009a4                ssd1306_SetContrast
 .text.ssd1306_SetDisplayOn
                0x080009c8       0x38 ./SSD1306/ssd1306.o
                0x080009c8                ssd1306_SetDisplayOn
 .text.XMC_GPIO_Init
                0x08000a00      0x14c ./Libraries/XMCLib/src/xmc4_gpio.o
                0x08000a00                XMC_GPIO_Init
 .text.XMC_SCU_CLOCK_GetCpuClockFrequency
                0x08000b4c       0x18 ./Libraries/XMCLib/src/xmc4_scu.o
 .text.XMC_SCU_GetMirrorStatus
                0x08000b64       0x18 ./Libraries/XMCLib/src/xmc4_scu.o
 .text.XMC_SCU_lDelay
                0x08000b7c       0x44 ./Libraries/XMCLib/src/xmc4_scu.o
 .text.XMC_SCU_INTERUPT_GetEventStatus
                0x08000bc0       0x18 ./Libraries/XMCLib/src/xmc4_scu.o
                0x08000bc0                XMC_SCU_INTERUPT_GetEventStatus
 .text.XMC_SCU_INTERRUPT_ClearEventStatus
                0x08000bd8       0x1c ./Libraries/XMCLib/src/xmc4_scu.o
                0x08000bd8                XMC_SCU_INTERRUPT_ClearEventStatus
 .text.XMC_SCU_CLOCK_Init
                0x08000bf4       0xf8 ./Libraries/XMCLib/src/xmc4_scu.o
                0x08000bf4                XMC_SCU_CLOCK_Init
 .text.XMC_SCU_RESET_DeassertPeripheralReset
                0x08000cec       0x38 ./Libraries/XMCLib/src/xmc4_scu.o
                0x08000cec                XMC_SCU_RESET_DeassertPeripheralReset
 .text.XMC_SCU_RESET_IsPeripheralResetAsserted
                0x08000d24       0x48 ./Libraries/XMCLib/src/xmc4_scu.o
                0x08000d24                XMC_SCU_RESET_IsPeripheralResetAsserted
 .text.XMC_SCU_CLOCK_GetPeripheralClockFrequency
                0x08000d6c       0x20 ./Libraries/XMCLib/src/xmc4_scu.o
                0x08000d6c                XMC_SCU_CLOCK_GetPeripheralClockFrequency
 .text.XMC_SCU_CLOCK_SetSystemClockSource
                0x08000d8c       0x28 ./Libraries/XMCLib/src/xmc4_scu.o
                0x08000d8c                XMC_SCU_CLOCK_SetSystemClockSource
 .text.XMC_SCU_CLOCK_SetUsbClockSource
                0x08000db4       0x28 ./Libraries/XMCLib/src/xmc4_scu.o
                0x08000db4                XMC_SCU_CLOCK_SetUsbClockSource
 .text.XMC_SCU_CLOCK_SetWdtClockSource
                0x08000ddc       0x28 ./Libraries/XMCLib/src/xmc4_scu.o
                0x08000ddc                XMC_SCU_CLOCK_SetWdtClockSource
 .text.XMC_SCU_CLOCK_SetSystemPllClockSource
                0x08000e04       0x40 ./Libraries/XMCLib/src/xmc4_scu.o
                0x08000e04                XMC_SCU_CLOCK_SetSystemPllClockSource
 .text.XMC_SCU_HIB_SetRtcClockSource
                0x08000e44       0x3c ./Libraries/XMCLib/src/xmc4_scu.o
                0x08000e44                XMC_SCU_HIB_SetRtcClockSource
 .text.XMC_SCU_HIB_SetStandbyClockSource
                0x08000e80       0x3c ./Libraries/XMCLib/src/xmc4_scu.o
                0x08000e80                XMC_SCU_HIB_SetStandbyClockSource
 .text.XMC_SCU_CLOCK_SetSystemClockDivider
                0x08000ebc       0x28 ./Libraries/XMCLib/src/xmc4_scu.o
                0x08000ebc                XMC_SCU_CLOCK_SetSystemClockDivider
 .text.XMC_SCU_CLOCK_SetCcuClockDivider
                0x08000ee4       0x28 ./Libraries/XMCLib/src/xmc4_scu.o
                0x08000ee4                XMC_SCU_CLOCK_SetCcuClockDivider
 .text.XMC_SCU_CLOCK_SetCpuClockDivider
                0x08000f0c       0x28 ./Libraries/XMCLib/src/xmc4_scu.o
                0x08000f0c                XMC_SCU_CLOCK_SetCpuClockDivider
 .text.XMC_SCU_CLOCK_SetPeripheralClockDivider
                0x08000f34       0x28 ./Libraries/XMCLib/src/xmc4_scu.o
                0x08000f34                XMC_SCU_CLOCK_SetPeripheralClockDivider
 .text.XMC_SCU_CLOCK_SetUsbClockDivider
                0x08000f5c       0x28 ./Libraries/XMCLib/src/xmc4_scu.o
                0x08000f5c                XMC_SCU_CLOCK_SetUsbClockDivider
 .text.XMC_SCU_CLOCK_SetEbuClockDivider
                0x08000f84       0x28 ./Libraries/XMCLib/src/xmc4_scu.o
                0x08000f84                XMC_SCU_CLOCK_SetEbuClockDivider
 .text.XMC_SCU_CLOCK_SetWdtClockDivider
                0x08000fac       0x28 ./Libraries/XMCLib/src/xmc4_scu.o
                0x08000fac                XMC_SCU_CLOCK_SetWdtClockDivider
 .text.XMC_SCU_CLOCK_EnableClock
                0x08000fd4       0x20 ./Libraries/XMCLib/src/xmc4_scu.o
                0x08000fd4                XMC_SCU_CLOCK_EnableClock
 .text.XMC_SCU_CLOCK_EnableUsbPll
                0x08000ff4       0x20 ./Libraries/XMCLib/src/xmc4_scu.o
                0x08000ff4                XMC_SCU_CLOCK_EnableUsbPll
 .text.XMC_SCU_CLOCK_StartUsbPll
                0x08001014       0xb4 ./Libraries/XMCLib/src/xmc4_scu.o
                0x08001014                XMC_SCU_CLOCK_StartUsbPll
 .text.XMC_SCU_CLOCK_SetBackupClockCalibrationMode
                0x080010c8       0x4c ./Libraries/XMCLib/src/xmc4_scu.o
                0x080010c8                XMC_SCU_CLOCK_SetBackupClockCalibrationMode
 .text.XMC_SCU_HIB_EnableHibernateDomain
                0x08001114       0x58 ./Libraries/XMCLib/src/xmc4_scu.o
                0x08001114                XMC_SCU_HIB_EnableHibernateDomain
 .text.XMC_SCU_CLOCK_IsLowPowerOscillatorStable
                0x0800116c       0x24 ./Libraries/XMCLib/src/xmc4_scu.o
                0x0800116c                XMC_SCU_CLOCK_IsLowPowerOscillatorStable
 .text.XMC_SCU_CLOCK_EnableLowPowerOscillator
                0x08001190       0x70 ./Libraries/XMCLib/src/xmc4_scu.o
                0x08001190                XMC_SCU_CLOCK_EnableLowPowerOscillator
 .text.XMC_SCU_CLOCK_EnableHighPerformanceOscillator
                0x08001200       0x50 ./Libraries/XMCLib/src/xmc4_scu.o
                0x08001200                XMC_SCU_CLOCK_EnableHighPerformanceOscillator
 .text.XMC_SCU_CLOCK_IsHighPerformanceOscillatorStable
                0x08001250       0x28 ./Libraries/XMCLib/src/xmc4_scu.o
                0x08001250                XMC_SCU_CLOCK_IsHighPerformanceOscillatorStable
 .text.XMC_SCU_CLOCK_EnableSystemPll
                0x08001278       0x20 ./Libraries/XMCLib/src/xmc4_scu.o
                0x08001278                XMC_SCU_CLOCK_EnableSystemPll
 .text.XMC_SCU_CLOCK_DisableSystemPll
                0x08001298       0x20 ./Libraries/XMCLib/src/xmc4_scu.o
                0x08001298                XMC_SCU_CLOCK_DisableSystemPll
 .text.XMC_SCU_CLOCK_StartSystemPll
                0x080012b8      0x19c ./Libraries/XMCLib/src/xmc4_scu.o
                0x080012b8                XMC_SCU_CLOCK_StartSystemPll
 .text.XMC_SCU_CLOCK_StepSystemPllFrequency
                0x08001454       0x3c ./Libraries/XMCLib/src/xmc4_scu.o
                0x08001454                XMC_SCU_CLOCK_StepSystemPllFrequency
 .text.XMC_CCU4_StartPrescaler
                0x08001490       0x1c ./Libraries/XMCLib/src/xmc_ccu4.o
 .text.XMC_CCU4_lDeassertReset
                0x080014ac       0x60 ./Libraries/XMCLib/src/xmc_ccu4.o
 .text.XMC_CCU4_EnableModule
                0x0800150c       0x1c ./Libraries/XMCLib/src/xmc_ccu4.o
                0x0800150c                XMC_CCU4_EnableModule
 .text.XMC_CCU4_Init
                0x08001528       0x3c ./Libraries/XMCLib/src/xmc_ccu4.o
                0x08001528                XMC_CCU4_Init
 .text.XMC_GPIO_SetMode
                0x08001564       0x80 ./Libraries/XMCLib/src/xmc_gpio.o
                0x08001564                XMC_GPIO_SetMode
 .text.XMC_USIC_CH_GetTransmitBufferStatus
                0x080015e4       0x20 ./Libraries/XMCLib/src/xmc_i2c.o
 .text.XMC_I2C_CH_ClearStatusFlag
                0x08001604       0x20 ./Libraries/XMCLib/src/xmc_i2c.o
 .text.XMC_I2C_CH_InitEx
                0x08001624       0x60 ./Libraries/XMCLib/src/xmc_i2c.o
                0x08001624                XMC_I2C_CH_InitEx
 .text.XMC_I2C_CH_SetSlaveAddress
                0x08001684       0x54 ./Libraries/XMCLib/src/xmc_i2c.o
                0x08001684                XMC_I2C_CH_SetSlaveAddress
 .text.XMC_I2C_CH_SetBaudrateEx
                0x080016d8       0x9c ./Libraries/XMCLib/src/xmc_i2c.o
                0x080016d8                XMC_I2C_CH_SetBaudrateEx
 .text.XMC_I2C_CH_MasterStart
                0x08001774       0x68 ./Libraries/XMCLib/src/xmc_i2c.o
                0x08001774                XMC_I2C_CH_MasterStart
 .text.XMC_I2C_CH_MasterStop
                0x080017dc       0x4c ./Libraries/XMCLib/src/xmc_i2c.o
                0x080017dc                XMC_I2C_CH_MasterStop
 .text.XMC_I2C_CH_MasterTransmit
                0x08001828       0x4c ./Libraries/XMCLib/src/xmc_i2c.o
                0x08001828                XMC_I2C_CH_MasterTransmit
 .text.XMC_I2C_CH_MasterReceiveAck
                0x08001874       0x4c ./Libraries/XMCLib/src/xmc_i2c.o
                0x08001874                XMC_I2C_CH_MasterReceiveAck
 .text.XMC_I2C_CH_MasterReceiveNack
                0x080018c0       0x4c ./Libraries/XMCLib/src/xmc_i2c.o
                0x080018c0                XMC_I2C_CH_MasterReceiveNack
 .text.XMC_I2C_CH_GetReceivedData
                0x0800190c       0x34 ./Libraries/XMCLib/src/xmc_i2c.o
                0x0800190c                XMC_I2C_CH_GetReceivedData
 .text.XMC_I2C_CH_DisableEvent
                0x08001940       0x3c ./Libraries/XMCLib/src/xmc_i2c.o
                0x08001940                XMC_I2C_CH_DisableEvent
 .text.XMC_USIC_CH_Enable
                0x0800197c       0x98 ./Libraries/XMCLib/src/xmc_usic.o
                0x0800197c                XMC_USIC_CH_Enable
 .text.XMC_USIC_CH_SetBaudrate
                0x08001a14       0xe4 ./Libraries/XMCLib/src/xmc_usic.o
                0x08001a14                XMC_USIC_CH_SetBaudrate
 .text.XMC_USIC_CH_SetBaudrateEx
                0x08001af8      0x100 ./Libraries/XMCLib/src/xmc_usic.o
                0x08001af8                XMC_USIC_CH_SetBaudrateEx
 .text.XMC_USIC_CH_TXFIFO_Configure
                0x08001bf8       0x50 ./Libraries/XMCLib/src/xmc_usic.o
                0x08001bf8                XMC_USIC_CH_TXFIFO_Configure
 .text.XMC_USIC_CH_RXFIFO_Configure
                0x08001c48       0x54 ./Libraries/XMCLib/src/xmc_usic.o
                0x08001c48                XMC_USIC_CH_RXFIFO_Configure
 .text.XMC_USIC_CH_RXFIFO_SetSizeTriggerLimit
                0x08001c9c       0x30 ./Libraries/XMCLib/src/xmc_usic.o
                0x08001c9c                XMC_USIC_CH_RXFIFO_SetSizeTriggerLimit
 .text.XMC_USIC_CH_SetInterruptNodePointer
                0x08001ccc       0x38 ./Libraries/XMCLib/src/xmc_usic.o
                0x08001ccc                XMC_USIC_CH_SetInterruptNodePointer
 .text.XMC_USIC_CH_TXFIFO_SetInterruptNodePointer
                0x08001d04       0x3c ./Libraries/XMCLib/src/xmc_usic.o
                0x08001d04                XMC_USIC_CH_TXFIFO_SetInterruptNodePointer
 .text.XMC_USIC_CH_RXFIFO_SetInterruptNodePointer
                0x08001d40       0x3c ./Libraries/XMCLib/src/xmc_usic.o
                0x08001d40                XMC_USIC_CH_RXFIFO_SetInterruptNodePointer
 .text.XMC_USIC_Enable
                0x08001d7c       0x80 ./Libraries/XMCLib/src/xmc_usic.o
                0x08001d7c                XMC_USIC_Enable
 .text.XMC_VADC_GROUP_ExternalMuxControlInit
                0x08001dfc       0x6c ./Libraries/XMCLib/src/xmc_vadc.o
 .text.XMC_VADC_GROUP_BackgroundEnableArbitrationSlot
                0x08001e68       0x24 ./Libraries/XMCLib/src/xmc_vadc.o
 .text.XMC_VADC_GROUP_BackgroundDisableArbitrationSlot
                0x08001e8c       0x24 ./Libraries/XMCLib/src/xmc_vadc.o
 .text.XMC_VADC_GLOBAL_EnableModule
                0x08001eb0        0xc ./Libraries/XMCLib/src/xmc_vadc.o
                0x08001eb0                XMC_VADC_GLOBAL_EnableModule
 .text.XMC_VADC_GLOBAL_Init
                0x08001ebc       0x54 ./Libraries/XMCLib/src/xmc_vadc.o
                0x08001ebc                XMC_VADC_GLOBAL_Init
 .text.XMC_VADC_GLOBAL_InputClassInit
                0x08001f10       0x48 ./Libraries/XMCLib/src/xmc_vadc.o
                0x08001f10                XMC_VADC_GLOBAL_InputClassInit
 .text.XMC_VADC_GLOBAL_StartupCalibration
                0x08001f58       0x64 ./Libraries/XMCLib/src/xmc_vadc.o
                0x08001f58                XMC_VADC_GLOBAL_StartupCalibration
 .text.XMC_VADC_GLOBAL_BackgroundSetReqSrcEventInterruptNode
                0x08001fbc       0x48 ./Libraries/XMCLib/src/xmc_vadc.o
                0x08001fbc                XMC_VADC_GLOBAL_BackgroundSetReqSrcEventInterruptNode
 .text.XMC_VADC_GROUP_Init
                0x08002004       0x68 ./Libraries/XMCLib/src/xmc_vadc.o
                0x08002004                XMC_VADC_GROUP_Init
 .text.XMC_VADC_GROUP_InputClassInit
                0x0800206c       0xb8 ./Libraries/XMCLib/src/xmc_vadc.o
                0x0800206c                XMC_VADC_GROUP_InputClassInit
 .text.XMC_VADC_GROUP_SetPowerMode
                0x08002124       0x38 ./Libraries/XMCLib/src/xmc_vadc.o
                0x08002124                XMC_VADC_GROUP_SetPowerMode
 .text.XMC_VADC_GLOBAL_BackgroundInit
                0x0800215c       0xfc ./Libraries/XMCLib/src/xmc_vadc.o
                0x0800215c                XMC_VADC_GLOBAL_BackgroundInit
 .text.XMC_VADC_GROUP_ChannelInit
                0x08002258       0xc8 ./Libraries/XMCLib/src/xmc_vadc.o
                0x08002258                XMC_VADC_GROUP_ChannelInit
 .text._sbrk    0x08002320       0x68 ./Libraries/Newlib/syscalls.o
                0x08002320                _sbrk
 .text._init    0x08002388        0xc ./Libraries/Newlib/syscalls.o
                0x08002388                _init
 .text.__NVIC_ClearPendingIRQ
                0x08002394       0x3c ./Dave/Generated/I2C_MASTER/i2c_master.o
 .text.XMC_USIC_CH_DisableEvent
                0x080023d0       0x24 ./Dave/Generated/I2C_MASTER/i2c_master.o
 .text.XMC_USIC_CH_GetTransmitBufferStatus
                0x080023f4       0x20 ./Dave/Generated/I2C_MASTER/i2c_master.o
 .text.XMC_USIC_CH_TXFIFO_EnableEvent
                0x08002414       0x24 ./Dave/Generated/I2C_MASTER/i2c_master.o
 .text.XMC_USIC_CH_TXFIFO_DisableEvent
                0x08002438       0x28 ./Dave/Generated/I2C_MASTER/i2c_master.o
 .text.XMC_USIC_CH_TXFIFO_IsFull
                0x08002460       0x28 ./Dave/Generated/I2C_MASTER/i2c_master.o
 .text.XMC_USIC_CH_TXFIFO_IsEmpty
                0x08002488       0x28 ./Dave/Generated/I2C_MASTER/i2c_master.o
 .text.XMC_USIC_CH_RXFIFO_DisableEvent
                0x080024b0       0x28 ./Dave/Generated/I2C_MASTER/i2c_master.o
 .text.XMC_USIC_CH_RXFIFO_IsEmpty
                0x080024d8       0x28 ./Dave/Generated/I2C_MASTER/i2c_master.o
 .text.XMC_I2C_CH_GetStatusFlag
                0x08002500       0x18 ./Dave/Generated/I2C_MASTER/i2c_master.o
 .text.XMC_I2C_CH_ClearStatusFlag
                0x08002518       0x20 ./Dave/Generated/I2C_MASTER/i2c_master.o
 .text.I2C_MASTER_SetRXFIFOTriggerLimit
                0x08002538       0x24 ./Dave/Generated/I2C_MASTER/i2c_master.o
 .text.I2C_MASTER_IsTXFIFOFull
                0x0800255c       0x1c ./Dave/Generated/I2C_MASTER/i2c_master.o
 .text.I2C_MASTER_IsRXFIFOEmpty
                0x08002578       0x1c ./Dave/Generated/I2C_MASTER/i2c_master.o
 .text.I2C_MASTER_GetReceivedByte
                0x08002594       0x1c ./Dave/Generated/I2C_MASTER/i2c_master.o
 .text.I2C_MASTER_TransmitByte
                0x080025b0       0x20 ./Dave/Generated/I2C_MASTER/i2c_master.o
 .text.I2C_MASTER_DisableEvent
                0x080025d0       0x1c ./Dave/Generated/I2C_MASTER/i2c_master.o
 .text.I2C_MASTER_ReceiveACK
                0x080025ec       0x18 ./Dave/Generated/I2C_MASTER/i2c_master.o
 .text.I2C_MASTER_ReceiveNACK
                0x08002604       0x18 ./Dave/Generated/I2C_MASTER/i2c_master.o
 .text.I2C_MASTER_SendStop
                0x0800261c       0x24 ./Dave/Generated/I2C_MASTER/i2c_master.o
 .text.calculate_minfifosize
                0x08002640       0x2c ./Dave/Generated/I2C_MASTER/i2c_master.o
 .text.I2C_MASTER_Init
                0x0800266c       0x2c ./Dave/Generated/I2C_MASTER/i2c_master.o
                0x0800266c                I2C_MASTER_Init
 .text.I2C_MASTER_GetFlagStatus
                0x08002698       0x24 ./Dave/Generated/I2C_MASTER/i2c_master.o
                0x08002698                I2C_MASTER_GetFlagStatus
 .text.I2C_MASTER_ClearFlag
                0x080026bc       0x1c ./Dave/Generated/I2C_MASTER/i2c_master.o
                0x080026bc                I2C_MASTER_ClearFlag
 .text.I2C_MASTER_TransmitHandler
                0x080026d8      0x258 ./Dave/Generated/I2C_MASTER/i2c_master.o
                0x080026d8                I2C_MASTER_TransmitHandler
 .text.I2C_MASTER_lSendStop_JumpTo_TxCallback
                0x08002930       0x60 ./Dave/Generated/I2C_MASTER/i2c_master.o
 .text.I2C_MASTER_ReceiveHandler
                0x08002990      0x248 ./Dave/Generated/I2C_MASTER/i2c_master.o
                0x08002990                I2C_MASTER_ReceiveHandler
 .text.I2C_MASTER_lSendStop_JumpTo_RxCallback
                0x08002bd8       0x70 ./Dave/Generated/I2C_MASTER/i2c_master.o
 .text.I2C_MASTER_ProtocolHandler
                0x08002c48       0x88 ./Dave/Generated/I2C_MASTER/i2c_master.o
                0x08002c48                I2C_MASTER_ProtocolHandler
 .text.I2C_MASTER_lReconfigureRxFIFO
                0x08002cd0       0x74 ./Dave/Generated/I2C_MASTER/i2c_master.o
 .text.__NVIC_GetPriorityGrouping
                0x08002d44       0x1c ./Dave/Generated/I2C_MASTER/i2c_master_conf.o
 .text.__NVIC_EnableIRQ
                0x08002d60       0x38 ./Dave/Generated/I2C_MASTER/i2c_master_conf.o
 .text.__NVIC_SetPriority
                0x08002d98       0x54 ./Dave/Generated/I2C_MASTER/i2c_master_conf.o
 .text.NVIC_EncodePriority
                0x08002dec       0x64 ./Dave/Generated/I2C_MASTER/i2c_master_conf.o
 .text.XMC_USIC_CH_SetInputSource
                0x08002e50       0x3c ./Dave/Generated/I2C_MASTER/i2c_master_conf.o
 .text.XMC_USIC_CH_TXFIFO_EnableEvent
                0x08002e8c       0x24 ./Dave/Generated/I2C_MASTER/i2c_master_conf.o
 .text.XMC_USIC_CH_RXFIFO_EnableEvent
                0x08002eb0       0x24 ./Dave/Generated/I2C_MASTER/i2c_master_conf.o
 .text.XMC_USIC_CH_SetMode
                0x08002ed4       0x28 ./Dave/Generated/I2C_MASTER/i2c_master_conf.o
 .text.XMC_I2C_CH_Init
                0x08002efc       0x1c ./Dave/Generated/I2C_MASTER/i2c_master_conf.o
 .text.XMC_I2C_CH_Start
                0x08002f18       0x18 ./Dave/Generated/I2C_MASTER/i2c_master_conf.o
 .text.I2C_MASTER_0_disable_io
                0x08002f30       0x20 ./Dave/Generated/I2C_MASTER/i2c_master_conf.o
 .text.I2C_MASTER_0_enable_io
                0x08002f50       0x24 ./Dave/Generated/I2C_MASTER/i2c_master_conf.o
 .text.I2C_MASTER_0_init
                0x08002f74       0xf0 ./Dave/Generated/I2C_MASTER/i2c_master_conf.o
                0x08002f74                I2C_MASTER_0_init
 .text.USIC1_1_IRQHandler
                0x08003064       0x10 ./Dave/Generated/I2C_MASTER/i2c_master_conf.o
                0x08003064                USIC1_1_IRQHandler
 .text.USIC1_0_IRQHandler
                0x08003074       0x10 ./Dave/Generated/I2C_MASTER/i2c_master_conf.o
                0x08003074                USIC1_0_IRQHandler
 .text.XMC_CCU4_StartPrescaler
                0x08003084       0x1c ./Dave/Generated/GLOBAL_CCU4/global_ccu4.o
 .text.GLOBAL_CCU4_Init
                0x080030a0       0x40 ./Dave/Generated/GLOBAL_CCU4/global_ccu4.o
                0x080030a0                GLOBAL_CCU4_Init
 .text.XMC_VADC_GLOBAL_DisablePostCalibration
                0x080030e0       0x2c ./Dave/Generated/GLOBAL_ADC/global_adc.o
 .text.GLOBAL_ADC_Init
                0x0800310c       0xb0 ./Dave/Generated/GLOBAL_ADC/global_adc.o
                0x0800310c                GLOBAL_ADC_Init
 .text.__NVIC_SetPriorityGrouping
                0x080031bc       0x48 ./Dave/Generated/CPU_CTRL_XMC4/cpu_ctrl_xmc4_conf.o
 .text.SystemCoreSetup
                0x08003204       0xa0 ./Dave/Generated/CPU_CTRL_XMC4/cpu_ctrl_xmc4_conf.o
                0x08003204                SystemCoreSetup
 .text.CLOCK_XMC4_Init
                0x080032a4       0x20 ./Dave/Generated/CLOCK_XMC4/clock_xmc4.o
                0x080032a4                CLOCK_XMC4_Init
 .text.OSCHP_GetFrequency
                0x080032c4       0x14 ./Dave/Generated/CLOCK_XMC4/clock_xmc4.o
                0x080032c4                OSCHP_GetFrequency
 .text.SystemCoreClockSetup
                0x080032d8       0x58 ./Dave/Generated/CLOCK_XMC4/clock_xmc4_conf.o
                0x080032d8                SystemCoreClockSetup
 .text.__NVIC_GetPriorityGrouping
                0x08003330       0x1c ./Dave/Generated/ADC_MEASUREMENT/adc_measurement.o
 .text.__NVIC_EnableIRQ
                0x0800334c       0x38 ./Dave/Generated/ADC_MEASUREMENT/adc_measurement.o
 .text.__NVIC_SetPriority
                0x08003384       0x54 ./Dave/Generated/ADC_MEASUREMENT/adc_measurement.o
 .text.NVIC_EncodePriority
                0x080033d8       0x64 ./Dave/Generated/ADC_MEASUREMENT/adc_measurement.o
 .text.XMC_VADC_GLOBAL_BackgroundTriggerConversion
                0x0800343c       0x24 ./Dave/Generated/ADC_MEASUREMENT/adc_measurement.o
 .text.XMC_VADC_GLOBAL_BackgroundAddChannelToSequence
                0x08003460       0x38 ./Dave/Generated/ADC_MEASUREMENT/adc_measurement.o
 .text.XMC_VADC_GROUP_ResultInit
                0x08003498       0x24 ./Dave/Generated/ADC_MEASUREMENT/adc_measurement.o
 .text.XMC_VADC_GROUP_GetResult
                0x080034bc       0x24 ./Dave/Generated/ADC_MEASUREMENT/adc_measurement.o
 .text.ADC_MEASUREMENT_Init
                0x080034e0      0x150 ./Dave/Generated/ADC_MEASUREMENT/adc_measurement.o
                0x080034e0                ADC_MEASUREMENT_Init
 .text.ADC_MEASUREMENT_StartConversion
                0x08003630       0x1c ./Dave/Generated/ADC_MEASUREMENT/adc_measurement.o
                0x08003630                ADC_MEASUREMENT_StartConversion
 .text.ADC_MEASUREMENT_GetResult
                0x0800364c       0x30 ./Dave/Generated/ADC_MEASUREMENT/adc_measurement.o
                0x0800364c                ADC_MEASUREMENT_GetResult
 .text.DAVE_Init
                0x0800367c       0x60 ./Dave/Generated/DAVE.o
                0x0800367c                DAVE_Init
 .text.__NVIC_SetPriority
                0x080036dc       0x54 ./main.o
 .text.SysTick_Config
                0x08003730       0x44 ./main.o
 .text.VADC0_C0_2_IRQHandler
                0x08003774       0x2c ./main.o
                0x08003774                VADC0_C0_2_IRQHandler
 .text.SysTick_Handler
                0x080037a0       0x1c ./main.o
                0x080037a0                SysTick_Handler
 .text.delay_ms
                0x080037bc       0x30 ./main.o
                0x080037bc                delay_ms
 .text.ssd1306_text
                0x080037ec       0x64 ./main.o
                0x080037ec                ssd1306_text
 .text.float2string
                0x08003850       0xc4 ./main.o
                0x08003850                float2string
 *fill*         0x08003914        0x4 
 .text.main     0x08003918      0x138 ./main.o
                0x08003918                main
 .text.trunc    0x08003a50       0x60 c:/infineon/tools/dave ide/4.5.0.202105191637/eclipse/arm-gcc-49/bin/../lib/gcc/arm-none-eabi/4.9.3/../../../../arm-none-eabi/lib/armv7e-m/softfp\libm.a(lib_a-s_trunc.o)
                0x08003a50                trunc
 .text          0x08003ab0      0x370 c:/infineon/tools/dave ide/4.5.0.202105191637/eclipse/arm-gcc-49/bin/../lib/gcc/arm-none-eabi/4.9.3/armv7e-m/softfp\libgcc.a(_arm_addsubdf3.o)
                0x08003ab0                __aeabi_drsub
                0x08003ab8                __aeabi_dsub
                0x08003ab8                __subdf3
                0x08003abc                __aeabi_dadd
                0x08003abc                __adddf3
                0x08003d34                __floatunsidf
                0x08003d34                __aeabi_ui2d
                0x08003d54                __floatsidf
                0x08003d54                __aeabi_i2d
                0x08003d78                __aeabi_f2d
                0x08003d78                __extendsfdf2
                0x08003db4                __floatundidf
                0x08003db4                __aeabi_ul2d
                0x08003dc4                __floatdidf
                0x08003dc4                __aeabi_l2d
 .text          0x08003e20      0x424 c:/infineon/tools/dave ide/4.5.0.202105191637/eclipse/arm-gcc-49/bin/../lib/gcc/arm-none-eabi/4.9.3/armv7e-m/softfp\libgcc.a(_arm_muldivdf3.o)
                0x08003e20                __aeabi_dmul
                0x08003e20                __muldf3
                0x08004074                __divdf3
                0x08004074                __aeabi_ddiv
 .text          0x08004244      0x110 c:/infineon/tools/dave ide/4.5.0.202105191637/eclipse/arm-gcc-49/bin/../lib/gcc/arm-none-eabi/4.9.3/armv7e-m/softfp\libgcc.a(_arm_cmpdf2.o)
                0x08004244                __gtdf2
                0x08004244                __gedf2
                0x0800424c                __ltdf2
                0x0800424c                __ledf2
                0x08004254                __nedf2
                0x08004254                __eqdf2
                0x08004254                __cmpdf2
                0x080042d0                __aeabi_cdrcmple
                0x080042e0                __aeabi_cdcmpeq
                0x080042e0                __aeabi_cdcmple
                0x080042f0                __aeabi_dcmpeq
                0x08004304                __aeabi_dcmplt
                0x08004318                __aeabi_dcmple
                0x0800432c                __aeabi_dcmpge
                0x08004340                __aeabi_dcmpgt
 .text          0x08004354       0x50 c:/infineon/tools/dave ide/4.5.0.202105191637/eclipse/arm-gcc-49/bin/../lib/gcc/arm-none-eabi/4.9.3/armv7e-m/softfp\libgcc.a(_arm_fixdfsi.o)
                0x08004354                __aeabi_d2iz
                0x08004354                __fixdfsi
 .text          0x080043a4       0xa0 c:/infineon/tools/dave ide/4.5.0.202105191637/eclipse/arm-gcc-49/bin/../lib/gcc/arm-none-eabi/4.9.3/armv7e-m/softfp\libgcc.a(_arm_truncdfsf2.o)
                0x080043a4                __truncdfsf2
                0x080043a4                __aeabi_d2f
 .text.__errno  0x08004444        0xc c:/infineon/tools/dave ide/4.5.0.202105191637/eclipse/arm-gcc-49/bin/../lib/gcc/arm-none-eabi/4.9.3/../../../../arm-none-eabi/lib/armv7e-m/softfp\libg_nano.a(lib_a-errno.o)
                0x08004444                __errno
 .text.__libc_init_array
                0x08004450       0x4c c:/infineon/tools/dave ide/4.5.0.202105191637/eclipse/arm-gcc-49/bin/../lib/gcc/arm-none-eabi/4.9.3/../../../../arm-none-eabi/lib/armv7e-m/softfp\libg_nano.a(lib_a-init.o)
                0x08004450                __libc_init_array
 .text.memcpy   0x0800449c       0x16 c:/infineon/tools/dave ide/4.5.0.202105191637/eclipse/arm-gcc-49/bin/../lib/gcc/arm-none-eabi/4.9.3/../../../../arm-none-eabi/lib/armv7e-m/softfp\libg_nano.a(lib_a-memcpy.o)
                0x0800449c                memcpy
 *fill*         0x080044b2        0x2 
 .text.sprintf  0x080044b4       0x48 c:/infineon/tools/dave ide/4.5.0.202105191637/eclipse/arm-gcc-49/bin/../lib/gcc/arm-none-eabi/4.9.3/../../../../arm-none-eabi/lib/armv7e-m/softfp\libg_nano.a(lib_a-sprintf.o)
                0x080044b4                siprintf
                0x080044b4                sprintf
 .text.__ssputs_r
                0x080044fc       0xb2 c:/infineon/tools/dave ide/4.5.0.202105191637/eclipse/arm-gcc-49/bin/../lib/gcc/arm-none-eabi/4.9.3/../../../../arm-none-eabi/lib/armv7e-m/softfp\libg_nano.a(lib_a-nano-svfprintf.o)
                0x080044fc                __ssputs_r
 *fill*         0x080045ae        0x2 
 .text._svfprintf_r
                0x080045b0      0x1e4 c:/infineon/tools/dave ide/4.5.0.202105191637/eclipse/arm-gcc-49/bin/../lib/gcc/arm-none-eabi/4.9.3/../../../../arm-none-eabi/lib/armv7e-m/softfp\libg_nano.a(lib_a-nano-svfprintf.o)
                0x080045b0                _svfiprintf_r
                0x080045b0                _svfprintf_r
 .text._printf_common
                0x08004794       0xea c:/infineon/tools/dave ide/4.5.0.202105191637/eclipse/arm-gcc-49/bin/../lib/gcc/arm-none-eabi/4.9.3/../../../../arm-none-eabi/lib/armv7e-m/softfp\libg_nano.a(lib_a-nano-vfprintf_i.o)
                0x08004794                _printf_common
 *fill*         0x0800487e        0x2 
 .text._printf_i
                0x08004880      0x234 c:/infineon/tools/dave ide/4.5.0.202105191637/eclipse/arm-gcc-49/bin/../lib/gcc/arm-none-eabi/4.9.3/../../../../arm-none-eabi/lib/armv7e-m/softfp\libg_nano.a(lib_a-nano-vfprintf_i.o)
                0x08004880                _printf_i
 .text.memchr   0x08004ab4       0x1e c:/infineon/tools/dave ide/4.5.0.202105191637/eclipse/arm-gcc-49/bin/../lib/gcc/arm-none-eabi/4.9.3/../../../../arm-none-eabi/lib/armv7e-m/softfp\libg_nano.a(lib_a-memchr.o)
                0x08004ab4                memchr
 .text.memmove  0x08004ad2       0x36 c:/infineon/tools/dave ide/4.5.0.202105191637/eclipse/arm-gcc-49/bin/../lib/gcc/arm-none-eabi/4.9.3/../../../../arm-none-eabi/lib/armv7e-m/softfp\libg_nano.a(lib_a-memmove.o)
                0x08004ad2                memmove
 .text._free_r  0x08004b08       0x88 c:/infineon/tools/dave ide/4.5.0.202105191637/eclipse/arm-gcc-49/bin/../lib/gcc/arm-none-eabi/4.9.3/../../../../arm-none-eabi/lib/armv7e-m/softfp\libg_nano.a(lib_a-nano-freer.o)
                0x08004b08                _free_r
 .text._malloc_r
                0x08004b90       0xac c:/infineon/tools/dave ide/4.5.0.202105191637/eclipse/arm-gcc-49/bin/../lib/gcc/arm-none-eabi/4.9.3/../../../../arm-none-eabi/lib/armv7e-m/softfp\libg_nano.a(lib_a-nano-mallocr.o)
                0x08004b90                _malloc_r
 .text._realloc_r
                0x08004c3c       0x4c c:/infineon/tools/dave ide/4.5.0.202105191637/eclipse/arm-gcc-49/bin/../lib/gcc/arm-none-eabi/4.9.3/../../../../arm-none-eabi/lib/armv7e-m/softfp\libg_nano.a(lib_a-nano-reallocr.o)
                0x08004c3c                _realloc_r
 .text._sbrk_r  0x08004c88       0x20 c:/infineon/tools/dave ide/4.5.0.202105191637/eclipse/arm-gcc-49/bin/../lib/gcc/arm-none-eabi/4.9.3/../../../../arm-none-eabi/lib/armv7e-m/softfp\libg_nano.a(lib_a-sbrkr.o)
                0x08004c88                _sbrk_r
 .text._malloc_usable_size_r
                0x08004ca8       0x14 c:/infineon/tools/dave ide/4.5.0.202105191637/eclipse/arm-gcc-49/bin/../lib/gcc/arm-none-eabi/4.9.3/../../../../arm-none-eabi/lib/armv7e-m/softfp\libg_nano.a(lib_a-nano-msizer.o)
                0x08004ca8                _malloc_usable_size_r
 *(.init)
 *(.fini)
 *crtbegin.o(.ctors)
 *crtbegin?.o(.ctors)
 *(EXCLUDE_FILE(*crtend.o *crtend?.o) .ctors)
 *(SORT(.ctors.*))
 *(.ctors)
 *crtbegin.o(.dtors)
 *crtbegin?.o(.dtors)
 *(EXCLUDE_FILE(*crtend.o *crtend?.o) .dtors)
 *(SORT(.dtors.*))
 *(.dtors)
 *(.rodata .rodata.*)
 .rodata.Font6x8
                0x08004cbc      0x5f0 ./SSD1306/ssd1306_fonts.o
 .rodata.g_xmc_vadc_group_array
                0x080052ac       0x10 ./Libraries/XMCLib/src/xmc_vadc.o
 .rodata.I2C_MASTER_0_sda_pin_config
                0x080052bc        0xc ./Dave/Generated/I2C_MASTER/i2c_master_conf.o
 .rodata.I2C_MASTER_0_scl_pin_config
                0x080052c8        0xc ./Dave/Generated/I2C_MASTER/i2c_master_conf.o
 .rodata.I2C_MASTER_0_channel_config
                0x080052d4        0x8 ./Dave/Generated/I2C_MASTER/i2c_master_conf.o
                0x080052d4                I2C_MASTER_0_channel_config
 .rodata.I2C_MASTER_0_config
                0x080052dc       0x2c ./Dave/Generated/I2C_MASTER/i2c_master_conf.o
                0x080052dc                I2C_MASTER_0_config
 .rodata.group_init_handle0
                0x08005308       0x14 ./Dave/Generated/GLOBAL_ADC/global_adc_conf.o
                0x08005308                group_init_handle0
 .rodata.group_init_handle1
                0x0800531c       0x14 ./Dave/Generated/GLOBAL_ADC/global_adc_conf.o
                0x0800531c                group_init_handle1
 .rodata.group_init_handle2
                0x08005330       0x14 ./Dave/Generated/GLOBAL_ADC/global_adc_conf.o
                0x08005330                group_init_handle2
 .rodata.group_init_handle3
                0x08005344       0x14 ./Dave/Generated/GLOBAL_ADC/global_adc_conf.o
                0x08005344                group_init_handle3
 .rodata.global_config
                0x08005358       0x18 ./Dave/Generated/GLOBAL_ADC/global_adc_conf.o
                0x08005358                global_config
 .rodata        0x08005370       0x14 ./Dave/Generated/CLOCK_XMC4/clock_xmc4_conf.o
 .rodata.global_iclass_config
                0x08005384        0x4 ./Dave/Generated/ADC_MEASUREMENT/adc_measurement_conf.o
                0x08005384                global_iclass_config
 .rodata.backgnd_rs_intr_handle
                0x08005388        0xc ./Dave/Generated/ADC_MEASUREMENT/adc_measurement_conf.o
                0x08005388                backgnd_rs_intr_handle
 .rodata.backgnd_config
                0x08005394        0xc ./Dave/Generated/ADC_MEASUREMENT/adc_measurement_conf.o
                0x08005394                backgnd_config
 .rodata        0x080053a0       0x44 ./main.o
 .rodata.str1.1
                0x080053e4        0x2 c:/infineon/tools/dave ide/4.5.0.202105191637/eclipse/arm-gcc-49/bin/../lib/gcc/arm-none-eabi/4.9.3/../../../../arm-none-eabi/lib/armv7e-m/softfp\libg_nano.a(lib_a-impure.o)
 .rodata.str1.1
                0x080053e6       0x11 c:/infineon/tools/dave ide/4.5.0.202105191637/eclipse/arm-gcc-49/bin/../lib/gcc/arm-none-eabi/4.9.3/../../../../arm-none-eabi/lib/armv7e-m/softfp\libg_nano.a(lib_a-nano-svfprintf.o)
 .rodata.str1.1
                0x080053f7       0x22 c:/infineon/tools/dave ide/4.5.0.202105191637/eclipse/arm-gcc-49/bin/../lib/gcc/arm-none-eabi/4.9.3/../../../../arm-none-eabi/lib/armv7e-m/softfp\libg_nano.a(lib_a-nano-vfprintf_i.o)
 *(.gnu.linkonce.r*)
 *(vtable)
                0x0800541c                . = ALIGN (0x4)
 *fill*         0x08005419        0x3 

.glue_7         0x0800541c        0x0 load address 0x0c00541c
 .glue_7        0x00000000        0x0 linker stubs

.glue_7t        0x0800541c        0x0 load address 0x0c00541c
 .glue_7t       0x00000000        0x0 linker stubs

.vfp11_veneer   0x0800541c        0x0 load address 0x0c00541c
 .vfp11_veneer  0x00000000        0x0 linker stubs

.v4_bx          0x0800541c        0x0 load address 0x0c00541c
 .v4_bx         0x00000000        0x0 linker stubs

.iplt           0x0800541c        0x0 load address 0x0c00541c
 .iplt          0x00000000        0x0 ./Startup/startup_XMC4500.o

.rel.dyn        0x0800541c        0x0 load address 0x0c00541c
 .rel.iplt      0x00000000        0x0 ./Startup/startup_XMC4500.o

.eh_frame_hdr
 *(.eh_frame_hdr)

.eh_frame
 *(.eh_frame)

.ARM.extab
 *(.ARM.extab* .gnu.linkonce.armextab.*)
                0x0800541c                . = ALIGN (0x4)
                0x0800541c                __exidx_start = .

.ARM.exidx
 *(.ARM.exidx* .gnu.linkonce.armexidx.*)
                0x0800541c                __exidx_end = .
                0x0800541c                . = ALIGN (0x4)

Stack           0x10000000      0x800
                0x10000000                __stack_start = .
                0x10000800                . = (. + stack_size)
 *fill*         0x10000000      0x800 
                0x10000800                __stack_end = .
                0x10000800                __initial_sp = .

.ram_code       0x10000800        0x0 load address 0x0c00541c
                0x10000800                . = ALIGN (0x4)
                0x10000800                __ram_code_start = .
 *(.ram_code)
                0x10000800                . = ALIGN (0x4)
                0x10000800                __ram_code_end = .
                0x0c00541c                __ram_code_load = LOADADDR (.ram_code)
                0x00000000                __ram_code_size = (__ram_code_end - __ram_code_start)

PSRAM_DATA      0x10000800        0x0 load address 0x0c00541c
                0x10000800                . = ALIGN (0x4)
                0x10000800                __data3_start = .
 *(PSRAM_DATA)
                0x10000800                . = ALIGN (0x4)
                0x10000800                __data3_end = .
                0x0c00541c                __data3_load = LOADADDR (PSRAM_DATA)
                0x00000000                __data3_size = (__data3_end - __data3_start)

PSRAM_BSS       0x10000800        0x0 load address 0x0c00541c
                0x10000800                . = ALIGN (0x4)
                0x10000800                __bss3_start = .
 *(PSRAM_BSS)
                0x10000800                . = ALIGN (0x4)
                0x10000800                __bss3_end = .
                0x10000800                . = ALIGN (0x8)
                0x10000800                Heap_Bank3_Start = .
                0x00000000                __bss3_size = (__bss3_end - __bss3_start)

.data           0x20000000      0x13c load address 0x0c00541c
                0x20000000                . = ALIGN (0x4)
                0x20000000                __data_start = .
 *(.data)
 *(.data*)
 .data.Font_6x8
                0x20000000        0x8 ./SSD1306/ssd1306_fonts.o
                0x20000000                Font_6x8
 .data.I2C_MASTER_0_runtime
                0x20000008       0x2c ./Dave/Generated/I2C_MASTER/i2c_master_conf.o
                0x20000008                I2C_MASTER_0_runtime
 .data.I2C_MASTER_0
                0x20000034        0xc ./Dave/Generated/I2C_MASTER/i2c_master_conf.o
                0x20000034                I2C_MASTER_0
 .data.GLOBAL_CCU4_0
                0x20000040       0x10 ./Dave/Generated/GLOBAL_CCU4/global_ccu4_conf.o
                0x20000040                GLOBAL_CCU4_0
 .data.group_0_config
                0x20000050        0xc ./Dave/Generated/GLOBAL_ADC/global_adc_conf.o
                0x20000050                group_0_config
 .data.group_1_config
                0x2000005c        0xc ./Dave/Generated/GLOBAL_ADC/global_adc_conf.o
                0x2000005c                group_1_config
 .data.group_2_config
                0x20000068        0xc ./Dave/Generated/GLOBAL_ADC/global_adc_conf.o
                0x20000068                group_2_config
 .data.group_3_config
                0x20000074        0xc ./Dave/Generated/GLOBAL_ADC/global_adc_conf.o
                0x20000074                group_3_config
 .data.GLOBAL_ADC_0
                0x20000080       0x1c ./Dave/Generated/GLOBAL_ADC/global_adc_conf.o
                0x20000080                GLOBAL_ADC_0
 .data.Channel_A_ch_config
                0x2000009c        0xc ./Dave/Generated/ADC_MEASUREMENT/adc_measurement_conf.o
                0x2000009c                Channel_A_ch_config
 .data.ADC_MEASUREMENT_Channel_A_handle
                0x200000a8       0x10 ./Dave/Generated/ADC_MEASUREMENT/adc_measurement_conf.o
                0x200000a8                ADC_MEASUREMENT_Channel_A_handle
 .data.ADC_MEASUREMENT_channel_array
                0x200000b8        0x4 ./Dave/Generated/ADC_MEASUREMENT/adc_measurement_conf.o
                0x200000b8                ADC_MEASUREMENT_channel_array
 .data.ADC_MEASUREMENT_0
                0x200000bc       0x1c ./Dave/Generated/ADC_MEASUREMENT/adc_measurement_conf.o
                0x200000bc                ADC_MEASUREMENT_0
 .data.impure_data
                0x200000d8       0x60 c:/infineon/tools/dave ide/4.5.0.202105191637/eclipse/arm-gcc-49/bin/../lib/gcc/arm-none-eabi/4.9.3/../../../../arm-none-eabi/lib/armv7e-m/softfp\libg_nano.a(lib_a-impure.o)
 .data._impure_ptr
                0x20000138        0x4 c:/infineon/tools/dave ide/4.5.0.202105191637/eclipse/arm-gcc-49/bin/../lib/gcc/arm-none-eabi/4.9.3/../../../../arm-none-eabi/lib/armv7e-m/softfp\libg_nano.a(lib_a-impure.o)
                0x20000138                _impure_ptr
 *(*.data)
 *(.gnu.linkonce.d*)
                0x2000013c                . = ALIGN (0x4)
                0x2000013c                PROVIDE (__preinit_array_start, .)
 *(.preinit_array)
                0x2000013c                PROVIDE (__preinit_array_end, .)
                0x2000013c                . = ALIGN (0x4)
                0x2000013c                PROVIDE (__init_array_start, .)
 *(SORT(.init_array.*))
 *(.init_array)
                0x2000013c                PROVIDE (__init_array_end, .)
                0x2000013c                . = ALIGN (0x4)
                0x2000013c                PROVIDE (__fini_array_start, .)
 *(SORT(.fini_array.*))
 *(.fini_array)
                0x2000013c                PROVIDE (__fini_array_end, .)
                0x2000013c                . = ALIGN (0x4)
                0x2000013c                __data_end = .
                0x0c00541c                __data_load = LOADADDR (.data)
                0x0000013c                __data_size = (__data_end - __data_start)

.igot.plt       0x2000013c        0x0 load address 0x0c005558
 .igot.plt      0x00000000        0x0 ./Startup/startup_XMC4500.o

.bss            0x2000013c      0x23c load address 0x0c005558
                0x2000013c                . = ALIGN (0x4)
                0x2000013c                __bss_start = .
 *(.bss)
 *(.bss*)
 .bss.SSD1306_Buffer
                0x2000013c      0x208 ./SSD1306/ssd1306.o
 .bss.heap_ptr.4331
                0x20000344        0x4 ./Libraries/Newlib/syscalls.o
 .bss.CLOCK_XMC4_0
                0x20000348        0x4 ./Dave/Generated/CLOCK_XMC4/clock_xmc4_conf.o
                0x20000348                CLOCK_XMC4_0
 .bss.Channel_A_res_config
                0x2000034c        0x4 ./Dave/Generated/ADC_MEASUREMENT/adc_measurement_conf.o
                0x2000034c                Channel_A_res_config
 .bss.SysTickCnt
                0x20000350        0x4 ./main.o
                0x20000350                SysTickCnt
 .bss.__malloc_sbrk_start
                0x20000354        0x4 c:/infineon/tools/dave ide/4.5.0.202105191637/eclipse/arm-gcc-49/bin/../lib/gcc/arm-none-eabi/4.9.3/../../../../arm-none-eabi/lib/armv7e-m/softfp\libg_nano.a(lib_a-nano-mallocr.o)
                0x20000354                __malloc_sbrk_start
 .bss.__malloc_free_list
                0x20000358        0x4 c:/infineon/tools/dave ide/4.5.0.202105191637/eclipse/arm-gcc-49/bin/../lib/gcc/arm-none-eabi/4.9.3/../../../../arm-none-eabi/lib/armv7e-m/softfp\libg_nano.a(lib_a-nano-mallocr.o)
                0x20000358                __malloc_free_list
 *(COMMON)
 COMMON         0x2000035c       0x10 ./SSD1306/ssd1306.o
                0x2000035c                SSD1306
 COMMON         0x2000036c        0x2 ./main.o
                0x2000036c                result
 *fill*         0x2000036e        0x2 
 COMMON         0x20000370        0x4 c:/infineon/tools/dave ide/4.5.0.202105191637/eclipse/arm-gcc-49/bin/../lib/gcc/arm-none-eabi/4.9.3/../../../../arm-none-eabi/lib/armv7e-m/softfp\libg_nano.a(lib_a-reent.o)
                0x20000370                errno
 *(.gnu.linkonce.b*)
                0x20000374                . = ALIGN (0x4)
                0x20000374                __bss_end = .
                0x20000378                . = ALIGN (0x8)
 *fill*         0x20000374        0x4 
                0x20000378                Heap_Bank1_Start = .
                0x00000238                __bss_size = (__bss_end - __bss_start)

.no_init        0x2000ffc0       0x14
                0x2000ffc0                Heap_Bank1_End = .
 *(.no_init)
 .no_init       0x2000ffc0       0x14 ./Startup/system_XMC4500.o
                0x2000ffc0                SystemCoreClock
                0x2000ffc4                g_chipid

DSRAM2_DATA     0x30000000        0x0 load address 0x0c005558
                0x30000000                . = ALIGN (0x4)
                0x30000000                __data2_start = .
 *(DSRAM2_DATA)
                0x30000000                . = ALIGN (0x4)
                0x30000000                __data2_end = .
                0x0c005558                __data2_load = LOADADDR (DSRAM2_DATA)
                0x00000000                __data2_size = (__data2_end - __data2_start)
                0x00005558                __text_size = (((((__exidx_end - sText) + __data_size) + __ram_code_size) + __data2_size) + __data3_size)
                0x08005558                eText = (sText + __text_size)

DSRAM2_BSS      0x30000000        0x0 load address 0x0c005558
                0x30000000                . = ALIGN (0x4)
                0x30000000                __bss2_start = .
 *(ETH_RAM)
 *(USB_RAM)
 *(DSRAM2_BSS)
                0x30000000                . = ALIGN (0x4)
                0x30000000                __bss2_end = .
                0x30000000                . = ALIGN (0x8)
                0x30000000                Heap_Bank2_Start = .
                0x00000000                __bss2_size = (__bss2_end - __bss2_start)
                0x0000fc48                Heap_Bank1_Size = (Heap_Bank1_End - Heap_Bank1_Start)
                0x00008000                Heap_Bank2_Size = (0x8000 - (Heap_Bank2_Start - ORIGIN (DSRAM_2_comm)))
                0x0000f800                Heap_Bank3_Size = (0x10000 - (Heap_Bank3_Start - ORIGIN (PSRAM_1)))
                0x00000001                ASSERT ((Heap_Bank1_Start <= Heap_Bank1_End), region SRAM_combined overflowed no_init section)

/DISCARD/
 *(.comment)

.stab
 *(.stab)

.stabstr
 *(.stabstr)

.debug
 *(.debug)

.line
 *(.line)

.debug_srcinfo
 *(.debug_srcinfo)

.debug_sfnames
 *(.debug_sfnames)

.debug_aranges  0x00000000      0xf10
 *(.debug_aranges)
 .debug_aranges
                0x00000000       0x20 ./Startup/startup_XMC4500.o
 .debug_aranges
                0x00000020       0x48 ./Startup/system_XMC4500.o
 .debug_aranges
                0x00000068       0xe0 ./SSD1306/ssd1306.o
 .debug_aranges
                0x00000148       0x18 ./SSD1306/ssd1306_fonts.o
 .debug_aranges
                0x00000160       0x28 ./Libraries/XMCLib/src/xmc4_gpio.o
 .debug_aranges
                0x00000188      0x3c8 ./Libraries/XMCLib/src/xmc4_scu.o
 .debug_aranges
                0x00000550      0x128 ./Libraries/XMCLib/src/xmc_ccu4.o
 .debug_aranges
                0x00000678       0x28 ./Libraries/XMCLib/src/xmc_gpio.o
 .debug_aranges
                0x000006a0       0xb0 ./Libraries/XMCLib/src/xmc_i2c.o
 .debug_aranges
                0x00000750       0xb8 ./Libraries/XMCLib/src/xmc_usic.o
 .debug_aranges
                0x00000808      0x278 ./Libraries/XMCLib/src/xmc_vadc.o
 .debug_aranges
                0x00000a80       0x28 ./Libraries/Newlib/syscalls.o
 .debug_aranges
                0x00000aa8      0x1b0 ./Dave/Generated/I2C_MASTER/i2c_master.o
 .debug_aranges
                0x00000c58       0x90 ./Dave/Generated/I2C_MASTER/i2c_master_conf.o
 .debug_aranges
                0x00000ce8       0x30 ./Dave/Generated/GLOBAL_CCU4/global_ccu4.o
 .debug_aranges
                0x00000d18       0x18 ./Dave/Generated/GLOBAL_CCU4/global_ccu4_conf.o
 .debug_aranges
                0x00000d30       0x30 ./Dave/Generated/GLOBAL_ADC/global_adc.o
 .debug_aranges
                0x00000d60       0x18 ./Dave/Generated/GLOBAL_ADC/global_adc_conf.o
 .debug_aranges
                0x00000d78       0x28 ./Dave/Generated/CPU_CTRL_XMC4/cpu_ctrl_xmc4_conf.o
 .debug_aranges
                0x00000da0       0x38 ./Dave/Generated/CLOCK_XMC4/clock_xmc4.o
 .debug_aranges
                0x00000dd8       0x20 ./Dave/Generated/CLOCK_XMC4/clock_xmc4_conf.o
 .debug_aranges
                0x00000df8       0x88 ./Dave/Generated/ADC_MEASUREMENT/adc_measurement.o
 .debug_aranges
                0x00000e80       0x18 ./Dave/Generated/ADC_MEASUREMENT/adc_measurement_conf.o
 .debug_aranges
                0x00000e98       0x20 ./Dave/Generated/DAVE.o
 .debug_aranges
                0x00000eb8       0x58 ./main.o

.debug_pubnames
 *(.debug_pubnames)

.debug_pubtypes
 *(.debug_pubtypes)

.debug_info     0x00000000    0x187f3
 *(.debug_info .gnu.linkonce.wi.*)
 .debug_info    0x00000000       0x8d ./Startup/startup_XMC4500.o
 .debug_info    0x0000008d      0x970 ./Startup/system_XMC4500.o
 .debug_info    0x000009fd      0xf44 ./SSD1306/ssd1306.o
 .debug_info    0x00001941      0x1ce ./SSD1306/ssd1306_fonts.o
 .debug_info    0x00001b0f      0x4dd ./Libraries/XMCLib/src/xmc4_gpio.o
 .debug_info    0x00001fec     0x217b ./Libraries/XMCLib/src/xmc4_scu.o
 .debug_info    0x00004167     0x1671 ./Libraries/XMCLib/src/xmc_ccu4.o
 .debug_info    0x000057d8      0x458 ./Libraries/XMCLib/src/xmc_gpio.o
 .debug_info    0x00005c30      0xba3 ./Libraries/XMCLib/src/xmc_i2c.o
 .debug_info    0x000067d3      0xead ./Libraries/XMCLib/src/xmc_usic.o
 .debug_info    0x00007680     0x2eab ./Libraries/XMCLib/src/xmc_vadc.o
 .debug_info    0x0000a52b      0x11f ./Libraries/Newlib/syscalls.o
 .debug_info    0x0000a64a     0x1bea ./Dave/Generated/I2C_MASTER/i2c_master.o
 .debug_info    0x0000c234     0x1467 ./Dave/Generated/I2C_MASTER/i2c_master_conf.o
 .debug_info    0x0000d69b      0x472 ./Dave/Generated/GLOBAL_CCU4/global_ccu4.o
 .debug_info    0x0000db0d      0x372 ./Dave/Generated/GLOBAL_CCU4/global_ccu4_conf.o
 .debug_info    0x0000de7f     0x1067 ./Dave/Generated/GLOBAL_ADC/global_adc.o
 .debug_info    0x0000eee6     0x106a ./Dave/Generated/GLOBAL_ADC/global_adc_conf.o
 .debug_info    0x0000ff50      0x52e ./Dave/Generated/CPU_CTRL_XMC4/cpu_ctrl_xmc4_conf.o
 .debug_info    0x0001047e      0x2dd ./Dave/Generated/CLOCK_XMC4/clock_xmc4.o
 .debug_info    0x0001075b      0x43e ./Dave/Generated/CLOCK_XMC4/clock_xmc4_conf.o
 .debug_info    0x00010b99     0x1eb6 ./Dave/Generated/ADC_MEASUREMENT/adc_measurement.o
 .debug_info    0x00012a4f     0x1842 ./Dave/Generated/ADC_MEASUREMENT/adc_measurement_conf.o
 .debug_info    0x00014291     0x2080 ./Dave/Generated/DAVE.o
 .debug_info    0x00016311     0x24e2 ./main.o

.debug_abbrev   0x00000000     0x2e5a
 *(.debug_abbrev)
 .debug_abbrev  0x00000000       0x14 ./Startup/startup_XMC4500.o
 .debug_abbrev  0x00000014      0x1f1 ./Startup/system_XMC4500.o
 .debug_abbrev  0x00000205      0x31f ./SSD1306/ssd1306.o
 .debug_abbrev  0x00000524       0xa0 ./SSD1306/ssd1306_fonts.o
 .debug_abbrev  0x000005c4      0x144 ./Libraries/XMCLib/src/xmc4_gpio.o
 .debug_abbrev  0x00000708      0x2a3 ./Libraries/XMCLib/src/xmc4_scu.o
 .debug_abbrev  0x000009ab      0x232 ./Libraries/XMCLib/src/xmc_ccu4.o
 .debug_abbrev  0x00000bdd      0x144 ./Libraries/XMCLib/src/xmc_gpio.o
 .debug_abbrev  0x00000d21      0x2af ./Libraries/XMCLib/src/xmc_i2c.o
 .debug_abbrev  0x00000fd0      0x24c ./Libraries/XMCLib/src/xmc_usic.o
 .debug_abbrev  0x0000121c      0x282 ./Libraries/XMCLib/src/xmc_vadc.o
 .debug_abbrev  0x0000149e       0xbd ./Libraries/Newlib/syscalls.o
 .debug_abbrev  0x0000155b      0x2fc ./Dave/Generated/I2C_MASTER/i2c_master.o
 .debug_abbrev  0x00001857      0x286 ./Dave/Generated/I2C_MASTER/i2c_master_conf.o
 .debug_abbrev  0x00001add      0x196 ./Dave/Generated/GLOBAL_CCU4/global_ccu4.o
 .debug_abbrev  0x00001c73      0x124 ./Dave/Generated/GLOBAL_CCU4/global_ccu4_conf.o
 .debug_abbrev  0x00001d97      0x20d ./Dave/Generated/GLOBAL_ADC/global_adc.o
 .debug_abbrev  0x00001fa4      0x1ac ./Dave/Generated/GLOBAL_ADC/global_adc_conf.o
 .debug_abbrev  0x00002150      0x1b4 ./Dave/Generated/CPU_CTRL_XMC4/cpu_ctrl_xmc4_conf.o
 .debug_abbrev  0x00002304      0x13d ./Dave/Generated/CLOCK_XMC4/clock_xmc4.o
 .debug_abbrev  0x00002441      0x134 ./Dave/Generated/CLOCK_XMC4/clock_xmc4_conf.o
 .debug_abbrev  0x00002575      0x294 ./Dave/Generated/ADC_MEASUREMENT/adc_measurement.o
 .debug_abbrev  0x00002809      0x1a2 ./Dave/Generated/ADC_MEASUREMENT/adc_measurement_conf.o
 .debug_abbrev  0x000029ab      0x1de ./Dave/Generated/DAVE.o
 .debug_abbrev  0x00002b89      0x2d1 ./main.o

.debug_line     0x00000000     0x6c29
 *(.debug_line)
 .debug_line    0x00000000       0x88 ./Startup/startup_XMC4500.o
 .debug_line    0x00000088      0x324 ./Startup/system_XMC4500.o
 .debug_line    0x000003ac      0x67c ./SSD1306/ssd1306.o
 .debug_line    0x00000a28      0x124 ./SSD1306/ssd1306_fonts.o
 .debug_line    0x00000b4c      0x23f ./Libraries/XMCLib/src/xmc4_gpio.o
 .debug_line    0x00000d8b      0xe05 ./Libraries/XMCLib/src/xmc4_scu.o
 .debug_line    0x00001b90      0x61c ./Libraries/XMCLib/src/xmc_ccu4.o
 .debug_line    0x000021ac      0x22c ./Libraries/XMCLib/src/xmc_gpio.o
 .debug_line    0x000023d8      0x3fb ./Libraries/XMCLib/src/xmc_i2c.o
 .debug_line    0x000027d3      0x54d ./Libraries/XMCLib/src/xmc_usic.o
 .debug_line    0x00002d20      0xb04 ./Libraries/XMCLib/src/xmc_vadc.o
 .debug_line    0x00003824       0xd0 ./Libraries/Newlib/syscalls.o
 .debug_line    0x000038f4      0x91c ./Dave/Generated/I2C_MASTER/i2c_master.o
 .debug_line    0x00004210      0x41f ./Dave/Generated/I2C_MASTER/i2c_master_conf.o
 .debug_line    0x0000462f      0x354 ./Dave/Generated/GLOBAL_CCU4/global_ccu4.o
 .debug_line    0x00004983      0x2b5 ./Dave/Generated/GLOBAL_CCU4/global_ccu4_conf.o
 .debug_line    0x00004c38      0x360 ./Dave/Generated/GLOBAL_ADC/global_adc.o
 .debug_line    0x00004f98      0x2a4 ./Dave/Generated/GLOBAL_ADC/global_adc_conf.o
 .debug_line    0x0000523c      0x299 ./Dave/Generated/CPU_CTRL_XMC4/cpu_ctrl_xmc4_conf.o
 .debug_line    0x000054d5      0x2dd ./Dave/Generated/CLOCK_XMC4/clock_xmc4.o
 .debug_line    0x000057b2      0x2b4 ./Dave/Generated/CLOCK_XMC4/clock_xmc4_conf.o
 .debug_line    0x00005a66      0x51c ./Dave/Generated/ADC_MEASUREMENT/adc_measurement.o
 .debug_line    0x00005f82      0x336 ./Dave/Generated/ADC_MEASUREMENT/adc_measurement_conf.o
 .debug_line    0x000062b8      0x428 ./Dave/Generated/DAVE.o
 .debug_line    0x000066e0      0x549 ./main.o

.debug_frame    0x00000000     0x4310
 *(.debug_frame)
 .debug_frame   0x00000000       0xec ./Startup/system_XMC4500.o
 .debug_frame   0x000000ec      0x40c ./SSD1306/ssd1306.o
 .debug_frame   0x000004f8       0x60 ./Libraries/XMCLib/src/xmc4_gpio.o
 .debug_frame   0x00000558     0x11c0 ./Libraries/XMCLib/src/xmc4_scu.o
 .debug_frame   0x00001718      0x560 ./Libraries/XMCLib/src/xmc_ccu4.o
 .debug_frame   0x00001c78       0x60 ./Libraries/XMCLib/src/xmc_gpio.o
 .debug_frame   0x00001cd8      0x308 ./Libraries/XMCLib/src/xmc_i2c.o
 .debug_frame   0x00001fe0      0x330 ./Libraries/XMCLib/src/xmc_usic.o
 .debug_frame   0x00002310      0xbd8 ./Libraries/XMCLib/src/xmc_vadc.o
 .debug_frame   0x00002ee8       0x5c ./Libraries/Newlib/syscalls.o
 .debug_frame   0x00002f44      0x80c ./Dave/Generated/I2C_MASTER/i2c_master.o
 .debug_frame   0x00003750      0x234 ./Dave/Generated/I2C_MASTER/i2c_master_conf.o
 .debug_frame   0x00003984       0x88 ./Dave/Generated/GLOBAL_CCU4/global_ccu4.o
 .debug_frame   0x00003a0c       0x88 ./Dave/Generated/GLOBAL_ADC/global_adc.o
 .debug_frame   0x00003a94       0x60 ./Dave/Generated/CPU_CTRL_XMC4/cpu_ctrl_xmc4_conf.o
 .debug_frame   0x00003af4       0xac ./Dave/Generated/CLOCK_XMC4/clock_xmc4.o
 .debug_frame   0x00003ba0       0x3c ./Dave/Generated/CLOCK_XMC4/clock_xmc4_conf.o
 .debug_frame   0x00003bdc      0x240 ./Dave/Generated/ADC_MEASUREMENT/adc_measurement.o
 .debug_frame   0x00003e1c       0x38 ./Dave/Generated/DAVE.o
 .debug_frame   0x00003e54      0x138 ./main.o
 .debug_frame   0x00003f8c       0x30 c:/infineon/tools/dave ide/4.5.0.202105191637/eclipse/arm-gcc-49/bin/../lib/gcc/arm-none-eabi/4.9.3/../../../../arm-none-eabi/lib/armv7e-m/softfp\libm.a(lib_a-s_trunc.o)
 .debug_frame   0x00003fbc       0x20 c:/infineon/tools/dave ide/4.5.0.202105191637/eclipse/arm-gcc-49/bin/../lib/gcc/arm-none-eabi/4.9.3/../../../../arm-none-eabi/lib/armv7e-m/softfp\libg_nano.a(lib_a-errno.o)
 .debug_frame   0x00003fdc       0x2c c:/infineon/tools/dave ide/4.5.0.202105191637/eclipse/arm-gcc-49/bin/../lib/gcc/arm-none-eabi/4.9.3/../../../../arm-none-eabi/lib/armv7e-m/softfp\libg_nano.a(lib_a-init.o)
 .debug_frame   0x00004008       0x28 c:/infineon/tools/dave ide/4.5.0.202105191637/eclipse/arm-gcc-49/bin/../lib/gcc/arm-none-eabi/4.9.3/../../../../arm-none-eabi/lib/armv7e-m/softfp\libg_nano.a(lib_a-memcpy.o)
 .debug_frame   0x00004030       0x70 c:/infineon/tools/dave ide/4.5.0.202105191637/eclipse/arm-gcc-49/bin/../lib/gcc/arm-none-eabi/4.9.3/../../../../arm-none-eabi/lib/armv7e-m/softfp\libg_nano.a(lib_a-sprintf.o)
 .debug_frame   0x000040a0       0x8c c:/infineon/tools/dave ide/4.5.0.202105191637/eclipse/arm-gcc-49/bin/../lib/gcc/arm-none-eabi/4.9.3/../../../../arm-none-eabi/lib/armv7e-m/softfp\libg_nano.a(lib_a-nano-svfprintf.o)
 .debug_frame   0x0000412c       0x58 c:/infineon/tools/dave ide/4.5.0.202105191637/eclipse/arm-gcc-49/bin/../lib/gcc/arm-none-eabi/4.9.3/../../../../arm-none-eabi/lib/armv7e-m/softfp\libg_nano.a(lib_a-nano-vfprintf_i.o)
 .debug_frame   0x00004184       0x28 c:/infineon/tools/dave ide/4.5.0.202105191637/eclipse/arm-gcc-49/bin/../lib/gcc/arm-none-eabi/4.9.3/../../../../arm-none-eabi/lib/armv7e-m/softfp\libg_nano.a(lib_a-memchr.o)
 .debug_frame   0x000041ac       0x28 c:/infineon/tools/dave ide/4.5.0.202105191637/eclipse/arm-gcc-49/bin/../lib/gcc/arm-none-eabi/4.9.3/../../../../arm-none-eabi/lib/armv7e-m/softfp\libg_nano.a(lib_a-memmove.o)
 .debug_frame   0x000041d4       0x2c c:/infineon/tools/dave ide/4.5.0.202105191637/eclipse/arm-gcc-49/bin/../lib/gcc/arm-none-eabi/4.9.3/../../../../arm-none-eabi/lib/armv7e-m/softfp\libg_nano.a(lib_a-nano-freer.o)
 .debug_frame   0x00004200       0x2c c:/infineon/tools/dave ide/4.5.0.202105191637/eclipse/arm-gcc-49/bin/../lib/gcc/arm-none-eabi/4.9.3/../../../../arm-none-eabi/lib/armv7e-m/softfp\libg_nano.a(lib_a-nano-mallocr.o)
 .debug_frame   0x0000422c       0x3c c:/infineon/tools/dave ide/4.5.0.202105191637/eclipse/arm-gcc-49/bin/../lib/gcc/arm-none-eabi/4.9.3/../../../../arm-none-eabi/lib/armv7e-m/softfp\libg_nano.a(lib_a-nano-reallocr.o)
 .debug_frame   0x00004268       0x2c c:/infineon/tools/dave ide/4.5.0.202105191637/eclipse/arm-gcc-49/bin/../lib/gcc/arm-none-eabi/4.9.3/../../../../arm-none-eabi/lib/armv7e-m/softfp\libg_nano.a(lib_a-sbrkr.o)
 .debug_frame   0x00004294       0x20 c:/infineon/tools/dave ide/4.5.0.202105191637/eclipse/arm-gcc-49/bin/../lib/gcc/arm-none-eabi/4.9.3/../../../../arm-none-eabi/lib/armv7e-m/softfp\libg_nano.a(lib_a-nano-msizer.o)
 .debug_frame   0x000042b4       0x5c c:/infineon/tools/dave ide/4.5.0.202105191637/eclipse/arm-gcc-49/bin/../lib/gcc/arm-none-eabi/4.9.3/../../../../arm-none-eabi/lib/armv7e-m/softfp\libg_nano.a(lib_a-reent.o)

.debug_str      0x00000000     0xa234
 *(.debug_str)
 .debug_str     0x00000000      0x577 ./Startup/system_XMC4500.o
                                0x5f7 (size before relaxing)
 .debug_str     0x00000577      0xbc5 ./SSD1306/ssd1306.o
                                0xe9e (size before relaxing)
 .debug_str     0x0000113c       0x69 ./SSD1306/ssd1306_fonts.o
                                0x25f (size before relaxing)
 .debug_str     0x000011a5      0x53f ./Libraries/XMCLib/src/xmc4_gpio.o
                                0x7ec (size before relaxing)
 .debug_str     0x000016e4     0x1f69 ./Libraries/XMCLib/src/xmc4_scu.o
                               0x24ae (size before relaxing)
 .debug_str     0x0000364d     0x14e4 ./Libraries/XMCLib/src/xmc_ccu4.o
                               0x1b80 (size before relaxing)
 .debug_str     0x00004b31       0xca ./Libraries/XMCLib/src/xmc_gpio.o
                                0x69a (size before relaxing)
 .debug_str     0x00004bfb      0x5fb ./Libraries/XMCLib/src/xmc_i2c.o
                                0xd53 (size before relaxing)
 .debug_str     0x000051f6      0x9f1 ./Libraries/XMCLib/src/xmc_usic.o
                               0x12a8 (size before relaxing)
 .debug_str     0x00005be7     0x2083 ./Libraries/XMCLib/src/xmc_vadc.o
                               0x2735 (size before relaxing)
 .debug_str     0x00007c6a       0x6f ./Libraries/Newlib/syscalls.o
                                0x228 (size before relaxing)
 .debug_str     0x00007cd9     0x1364 ./Dave/Generated/I2C_MASTER/i2c_master.o
                               0x1e42 (size before relaxing)
 .debug_str     0x0000903d      0x22c ./Dave/Generated/I2C_MASTER/i2c_master_conf.o
                               0x19dd (size before relaxing)
 .debug_str     0x00009269      0x1d6 ./Dave/Generated/GLOBAL_CCU4/global_ccu4.o
                                0x5f9 (size before relaxing)
 .debug_str     0x0000943f       0x3f ./Dave/Generated/GLOBAL_CCU4/global_ccu4_conf.o
                                0x50d (size before relaxing)
 .debug_str     0x0000947e      0x1bd ./Dave/Generated/GLOBAL_ADC/global_adc.o
                                0xa9b (size before relaxing)
 .debug_str     0x0000963b      0x21d ./Dave/Generated/GLOBAL_ADC/global_adc_conf.o
                                0xb9a (size before relaxing)
 .debug_str     0x00009858       0x88 ./Dave/Generated/CPU_CTRL_XMC4/cpu_ctrl_xmc4_conf.o
                                0x42c (size before relaxing)
 .debug_str     0x000098e0       0xf3 ./Dave/Generated/CLOCK_XMC4/clock_xmc4.o
                                0x3dd (size before relaxing)
 .debug_str     0x000099d3       0x50 ./Dave/Generated/CLOCK_XMC4/clock_xmc4_conf.o
                                0x7bd (size before relaxing)
 .debug_str     0x00009a23      0x3df ./Dave/Generated/ADC_MEASUREMENT/adc_measurement.o
                               0x18ac (size before relaxing)
 .debug_str     0x00009e02      0x2c8 ./Dave/Generated/ADC_MEASUREMENT/adc_measurement_conf.o
                               0x181b (size before relaxing)
 .debug_str     0x0000a0ca       0x65 ./Dave/Generated/DAVE.o
                               0x1ce9 (size before relaxing)
 .debug_str     0x0000a12f      0x105 ./main.o
                               0x1fd8 (size before relaxing)

.debug_loc      0x00000000     0x8521
 *(.debug_loc)
 .debug_loc     0x00000000      0x1a4 ./Startup/system_XMC4500.o
 .debug_loc     0x000001a4      0x818 ./SSD1306/ssd1306.o
 .debug_loc     0x000009bc       0xb8 ./Libraries/XMCLib/src/xmc4_gpio.o
 .debug_loc     0x00000a74     0x2504 ./Libraries/XMCLib/src/xmc4_scu.o
 .debug_loc     0x00002f78      0xbf0 ./Libraries/XMCLib/src/xmc_ccu4.o
 .debug_loc     0x00003b68       0xb8 ./Libraries/XMCLib/src/xmc_gpio.o
 .debug_loc     0x00003c20      0x650 ./Libraries/XMCLib/src/xmc_i2c.o
 .debug_loc     0x00004270      0x6c6 ./Libraries/XMCLib/src/xmc_usic.o
 .debug_loc     0x00004936     0x1a6c ./Libraries/XMCLib/src/xmc_vadc.o
 .debug_loc     0x000063a2       0x94 ./Libraries/Newlib/syscalls.o
 .debug_loc     0x00006436     0x10c8 ./Dave/Generated/I2C_MASTER/i2c_master.o
 .debug_loc     0x000074fe      0x468 ./Dave/Generated/I2C_MASTER/i2c_master_conf.o
 .debug_loc     0x00007966      0x108 ./Dave/Generated/GLOBAL_CCU4/global_ccu4.o
 .debug_loc     0x00007a6e      0x108 ./Dave/Generated/GLOBAL_ADC/global_adc.o
 .debug_loc     0x00007b76       0xac ./Dave/Generated/CPU_CTRL_XMC4/cpu_ctrl_xmc4_conf.o
 .debug_loc     0x00007c22      0x14c ./Dave/Generated/CLOCK_XMC4/clock_xmc4.o
 .debug_loc     0x00007d6e       0x50 ./Dave/Generated/CLOCK_XMC4/clock_xmc4_conf.o
 .debug_loc     0x00007dbe      0x4c0 ./Dave/Generated/ADC_MEASUREMENT/adc_measurement.o
 .debug_loc     0x0000827e       0x50 ./Dave/Generated/DAVE.o
 .debug_loc     0x000082ce      0x253 ./main.o

.debug_macinfo
 *(.debug_macinfo)

.debug_ranges   0x00000000      0xd50
 *(.debug_ranges)
 .debug_ranges  0x00000000       0x38 ./Startup/system_XMC4500.o
 .debug_ranges  0x00000038       0xd0 ./SSD1306/ssd1306.o
 .debug_ranges  0x00000108       0x18 ./Libraries/XMCLib/src/xmc4_gpio.o
 .debug_ranges  0x00000120      0x3b8 ./Libraries/XMCLib/src/xmc4_scu.o
 .debug_ranges  0x000004d8      0x118 ./Libraries/XMCLib/src/xmc_ccu4.o
 .debug_ranges  0x000005f0       0x18 ./Libraries/XMCLib/src/xmc_gpio.o
 .debug_ranges  0x00000608       0xa0 ./Libraries/XMCLib/src/xmc_i2c.o
 .debug_ranges  0x000006a8       0xa8 ./Libraries/XMCLib/src/xmc_usic.o
 .debug_ranges  0x00000750      0x268 ./Libraries/XMCLib/src/xmc_vadc.o
 .debug_ranges  0x000009b8       0x18 ./Libraries/Newlib/syscalls.o
 .debug_ranges  0x000009d0      0x1a0 ./Dave/Generated/I2C_MASTER/i2c_master.o
 .debug_ranges  0x00000b70       0x80 ./Dave/Generated/I2C_MASTER/i2c_master_conf.o
 .debug_ranges  0x00000bf0       0x20 ./Dave/Generated/GLOBAL_CCU4/global_ccu4.o
 .debug_ranges  0x00000c10       0x20 ./Dave/Generated/GLOBAL_ADC/global_adc.o
 .debug_ranges  0x00000c30       0x18 ./Dave/Generated/CPU_CTRL_XMC4/cpu_ctrl_xmc4_conf.o
 .debug_ranges  0x00000c48       0x28 ./Dave/Generated/CLOCK_XMC4/clock_xmc4.o
 .debug_ranges  0x00000c70       0x10 ./Dave/Generated/CLOCK_XMC4/clock_xmc4_conf.o
 .debug_ranges  0x00000c80       0x78 ./Dave/Generated/ADC_MEASUREMENT/adc_measurement.o
 .debug_ranges  0x00000cf8       0x10 ./Dave/Generated/DAVE.o
 .debug_ranges  0x00000d08       0x48 ./main.o

.debug_weaknames
 *(.debug_weaknames)

.debug_funcnames
 *(.debug_funcnames)

.debug_typenames
 *(.debug_typenames)

.debug_varnames
 *(.debug_varnames)

.build_attributes
                0x00000000      0x917
 *(.ARM.attributes)
 .ARM.attributes
                0x00000000       0x25 ./Startup/startup_XMC4500.o
 .ARM.attributes
                0x00000025       0x37 ./Startup/system_XMC4500.o
 .ARM.attributes
                0x0000005c       0x37 ./SSD1306/ssd1306.o
 .ARM.attributes
                0x00000093       0x37 ./SSD1306/ssd1306_fonts.o
 .ARM.attributes
                0x000000ca       0x37 ./Libraries/XMCLib/src/xmc4_gpio.o
 .ARM.attributes
                0x00000101       0x37 ./Libraries/XMCLib/src/xmc4_scu.o
 .ARM.attributes
                0x00000138       0x37 ./Libraries/XMCLib/src/xmc_ccu4.o
 .ARM.attributes
                0x0000016f       0x37 ./Libraries/XMCLib/src/xmc_gpio.o
 .ARM.attributes
                0x000001a6       0x37 ./Libraries/XMCLib/src/xmc_i2c.o
 .ARM.attributes
                0x000001dd       0x37 ./Libraries/XMCLib/src/xmc_usic.o
 .ARM.attributes
                0x00000214       0x37 ./Libraries/XMCLib/src/xmc_vadc.o
 .ARM.attributes
                0x0000024b       0x37 ./Libraries/Newlib/syscalls.o
 .ARM.attributes
                0x00000282       0x37 ./Dave/Generated/I2C_MASTER/i2c_master.o
 .ARM.attributes
                0x000002b9       0x37 ./Dave/Generated/I2C_MASTER/i2c_master_conf.o
 .ARM.attributes
                0x000002f0       0x37 ./Dave/Generated/GLOBAL_CCU4/global_ccu4.o
 .ARM.attributes
                0x00000327       0x37 ./Dave/Generated/GLOBAL_CCU4/global_ccu4_conf.o
 .ARM.attributes
                0x0000035e       0x37 ./Dave/Generated/GLOBAL_ADC/global_adc.o
 .ARM.attributes
                0x00000395       0x37 ./Dave/Generated/GLOBAL_ADC/global_adc_conf.o
 .ARM.attributes
                0x000003cc       0x37 ./Dave/Generated/CPU_CTRL_XMC4/cpu_ctrl_xmc4_conf.o
 .ARM.attributes
                0x00000403       0x37 ./Dave/Generated/CLOCK_XMC4/clock_xmc4.o
 .ARM.attributes
                0x0000043a       0x37 ./Dave/Generated/CLOCK_XMC4/clock_xmc4_conf.o
 .ARM.attributes
                0x00000471       0x37 ./Dave/Generated/ADC_MEASUREMENT/adc_measurement.o
 .ARM.attributes
                0x000004a8       0x37 ./Dave/Generated/ADC_MEASUREMENT/adc_measurement_conf.o
 .ARM.attributes
                0x000004df       0x37 ./Dave/Generated/DAVE.o
 .ARM.attributes
                0x00000516       0x37 ./main.o
 .ARM.attributes
                0x0000054d       0x32 c:/infineon/tools/dave ide/4.5.0.202105191637/eclipse/arm-gcc-49/bin/../lib/gcc/arm-none-eabi/4.9.3/../../../../arm-none-eabi/lib/armv7e-m/softfp\libm.a(lib_a-s_trunc.o)
 .ARM.attributes
                0x0000057f       0x22 c:/infineon/tools/dave ide/4.5.0.202105191637/eclipse/arm-gcc-49/bin/../lib/gcc/arm-none-eabi/4.9.3/armv7e-m/softfp\libgcc.a(_arm_addsubdf3.o)
 .ARM.attributes
                0x000005a1       0x22 c:/infineon/tools/dave ide/4.5.0.202105191637/eclipse/arm-gcc-49/bin/../lib/gcc/arm-none-eabi/4.9.3/armv7e-m/softfp\libgcc.a(_arm_muldivdf3.o)
 .ARM.attributes
                0x000005c3       0x22 c:/infineon/tools/dave ide/4.5.0.202105191637/eclipse/arm-gcc-49/bin/../lib/gcc/arm-none-eabi/4.9.3/armv7e-m/softfp\libgcc.a(_arm_cmpdf2.o)
 .ARM.attributes
                0x000005e5       0x22 c:/infineon/tools/dave ide/4.5.0.202105191637/eclipse/arm-gcc-49/bin/../lib/gcc/arm-none-eabi/4.9.3/armv7e-m/softfp\libgcc.a(_arm_fixdfsi.o)
 .ARM.attributes
                0x00000607       0x22 c:/infineon/tools/dave ide/4.5.0.202105191637/eclipse/arm-gcc-49/bin/../lib/gcc/arm-none-eabi/4.9.3/armv7e-m/softfp\libgcc.a(_arm_truncdfsf2.o)
 .ARM.attributes
                0x00000629       0x32 c:/infineon/tools/dave ide/4.5.0.202105191637/eclipse/arm-gcc-49/bin/../lib/gcc/arm-none-eabi/4.9.3/../../../../arm-none-eabi/lib/armv7e-m/softfp\libg_nano.a(lib_a-errno.o)
 .ARM.attributes
                0x0000065b       0x32 c:/infineon/tools/dave ide/4.5.0.202105191637/eclipse/arm-gcc-49/bin/../lib/gcc/arm-none-eabi/4.9.3/../../../../arm-none-eabi/lib/armv7e-m/softfp\libg_nano.a(lib_a-impure.o)
 .ARM.attributes
                0x0000068d       0x32 c:/infineon/tools/dave ide/4.5.0.202105191637/eclipse/arm-gcc-49/bin/../lib/gcc/arm-none-eabi/4.9.3/../../../../arm-none-eabi/lib/armv7e-m/softfp\libg_nano.a(lib_a-init.o)
 .ARM.attributes
                0x000006bf       0x32 c:/infineon/tools/dave ide/4.5.0.202105191637/eclipse/arm-gcc-49/bin/../lib/gcc/arm-none-eabi/4.9.3/../../../../arm-none-eabi/lib/armv7e-m/softfp\libg_nano.a(lib_a-memcpy.o)
 .ARM.attributes
                0x000006f1       0x32 c:/infineon/tools/dave ide/4.5.0.202105191637/eclipse/arm-gcc-49/bin/../lib/gcc/arm-none-eabi/4.9.3/../../../../arm-none-eabi/lib/armv7e-m/softfp\libg_nano.a(lib_a-sprintf.o)
 .ARM.attributes
                0x00000723       0x32 c:/infineon/tools/dave ide/4.5.0.202105191637/eclipse/arm-gcc-49/bin/../lib/gcc/arm-none-eabi/4.9.3/../../../../arm-none-eabi/lib/armv7e-m/softfp\libg_nano.a(lib_a-nano-svfprintf.o)
 .ARM.attributes
                0x00000755       0x32 c:/infineon/tools/dave ide/4.5.0.202105191637/eclipse/arm-gcc-49/bin/../lib/gcc/arm-none-eabi/4.9.3/../../../../arm-none-eabi/lib/armv7e-m/softfp\libg_nano.a(lib_a-nano-vfprintf_i.o)
 .ARM.attributes
                0x00000787       0x32 c:/infineon/tools/dave ide/4.5.0.202105191637/eclipse/arm-gcc-49/bin/../lib/gcc/arm-none-eabi/4.9.3/../../../../arm-none-eabi/lib/armv7e-m/softfp\libg_nano.a(lib_a-memchr.o)
 .ARM.attributes
                0x000007b9       0x32 c:/infineon/tools/dave ide/4.5.0.202105191637/eclipse/arm-gcc-49/bin/../lib/gcc/arm-none-eabi/4.9.3/../../../../arm-none-eabi/lib/armv7e-m/softfp\libg_nano.a(lib_a-memmove.o)
 .ARM.attributes
                0x000007eb       0x32 c:/infineon/tools/dave ide/4.5.0.202105191637/eclipse/arm-gcc-49/bin/../lib/gcc/arm-none-eabi/4.9.3/../../../../arm-none-eabi/lib/armv7e-m/softfp\libg_nano.a(lib_a-nano-freer.o)
 .ARM.attributes
                0x0000081d       0x32 c:/infineon/tools/dave ide/4.5.0.202105191637/eclipse/arm-gcc-49/bin/../lib/gcc/arm-none-eabi/4.9.3/../../../../arm-none-eabi/lib/armv7e-m/softfp\libg_nano.a(lib_a-nano-mallocr.o)
 .ARM.attributes
                0x0000084f       0x32 c:/infineon/tools/dave ide/4.5.0.202105191637/eclipse/arm-gcc-49/bin/../lib/gcc/arm-none-eabi/4.9.3/../../../../arm-none-eabi/lib/armv7e-m/softfp\libg_nano.a(lib_a-nano-reallocr.o)
 .ARM.attributes
                0x00000881       0x32 c:/infineon/tools/dave ide/4.5.0.202105191637/eclipse/arm-gcc-49/bin/../lib/gcc/arm-none-eabi/4.9.3/../../../../arm-none-eabi/lib/armv7e-m/softfp\libg_nano.a(lib_a-sbrkr.o)
 .ARM.attributes
                0x000008b3       0x32 c:/infineon/tools/dave ide/4.5.0.202105191637/eclipse/arm-gcc-49/bin/../lib/gcc/arm-none-eabi/4.9.3/../../../../arm-none-eabi/lib/armv7e-m/softfp\libg_nano.a(lib_a-nano-msizer.o)
 .ARM.attributes
                0x000008e5       0x32 c:/infineon/tools/dave ide/4.5.0.202105191637/eclipse/arm-gcc-49/bin/../lib/gcc/arm-none-eabi/4.9.3/../../../../arm-none-eabi/lib/armv7e-m/softfp\libg_nano.a(lib_a-reent.o)
OUTPUT(infineon_xmc4500_ac-current-meter.elf elf32-littlearm)
