Archive member included because of file (symbol)

c:/infineon/tools/dave ide/4.5.0.202105191637/eclipse/arm-gcc-49/bin/../lib/gcc/arm-none-eabi/4.9.3/../../../../arm-none-eabi/lib/armv7e-m/softfp\libm.a(lib_a-s_cos.o)
                              ./SSD1306/ssd1306.o (cos)
c:/infineon/tools/dave ide/4.5.0.202105191637/eclipse/arm-gcc-49/bin/../lib/gcc/arm-none-eabi/4.9.3/../../../../arm-none-eabi/lib/armv7e-m/softfp\libm.a(lib_a-s_sin.o)
                              ./SSD1306/ssd1306.o (sin)
c:/infineon/tools/dave ide/4.5.0.202105191637/eclipse/arm-gcc-49/bin/../lib/gcc/arm-none-eabi/4.9.3/../../../../arm-none-eabi/lib/armv7e-m/softfp\libm.a(lib_a-s_trunc.o)
                              ./main.o (trunc)
c:/infineon/tools/dave ide/4.5.0.202105191637/eclipse/arm-gcc-49/bin/../lib/gcc/arm-none-eabi/4.9.3/../../../../arm-none-eabi/lib/armv7e-m/softfp\libm.a(lib_a-e_rem_pio2.o)
                              c:/infineon/tools/dave ide/4.5.0.202105191637/eclipse/arm-gcc-49/bin/../lib/gcc/arm-none-eabi/4.9.3/../../../../arm-none-eabi/lib/armv7e-m/softfp\libm.a(lib_a-s_cos.o) (__ieee754_rem_pio2)
c:/infineon/tools/dave ide/4.5.0.202105191637/eclipse/arm-gcc-49/bin/../lib/gcc/arm-none-eabi/4.9.3/../../../../arm-none-eabi/lib/armv7e-m/softfp\libm.a(lib_a-k_cos.o)
                              c:/infineon/tools/dave ide/4.5.0.202105191637/eclipse/arm-gcc-49/bin/../lib/gcc/arm-none-eabi/4.9.3/../../../../arm-none-eabi/lib/armv7e-m/softfp\libm.a(lib_a-s_cos.o) (__kernel_cos)
c:/infineon/tools/dave ide/4.5.0.202105191637/eclipse/arm-gcc-49/bin/../lib/gcc/arm-none-eabi/4.9.3/../../../../arm-none-eabi/lib/armv7e-m/softfp\libm.a(lib_a-k_rem_pio2.o)
                              c:/infineon/tools/dave ide/4.5.0.202105191637/eclipse/arm-gcc-49/bin/../lib/gcc/arm-none-eabi/4.9.3/../../../../arm-none-eabi/lib/armv7e-m/softfp\libm.a(lib_a-e_rem_pio2.o) (__kernel_rem_pio2)
c:/infineon/tools/dave ide/4.5.0.202105191637/eclipse/arm-gcc-49/bin/../lib/gcc/arm-none-eabi/4.9.3/../../../../arm-none-eabi/lib/armv7e-m/softfp\libm.a(lib_a-k_sin.o)
                              c:/infineon/tools/dave ide/4.5.0.202105191637/eclipse/arm-gcc-49/bin/../lib/gcc/arm-none-eabi/4.9.3/../../../../arm-none-eabi/lib/armv7e-m/softfp\libm.a(lib_a-s_cos.o) (__kernel_sin)
c:/infineon/tools/dave ide/4.5.0.202105191637/eclipse/arm-gcc-49/bin/../lib/gcc/arm-none-eabi/4.9.3/../../../../arm-none-eabi/lib/armv7e-m/softfp\libm.a(lib_a-s_fabs.o)
                              c:/infineon/tools/dave ide/4.5.0.202105191637/eclipse/arm-gcc-49/bin/../lib/gcc/arm-none-eabi/4.9.3/../../../../arm-none-eabi/lib/armv7e-m/softfp\libm.a(lib_a-e_rem_pio2.o) (fabs)
c:/infineon/tools/dave ide/4.5.0.202105191637/eclipse/arm-gcc-49/bin/../lib/gcc/arm-none-eabi/4.9.3/../../../../arm-none-eabi/lib/armv7e-m/softfp\libm.a(lib_a-s_floor.o)
                              c:/infineon/tools/dave ide/4.5.0.202105191637/eclipse/arm-gcc-49/bin/../lib/gcc/arm-none-eabi/4.9.3/../../../../arm-none-eabi/lib/armv7e-m/softfp\libm.a(lib_a-k_rem_pio2.o) (floor)
c:/infineon/tools/dave ide/4.5.0.202105191637/eclipse/arm-gcc-49/bin/../lib/gcc/arm-none-eabi/4.9.3/../../../../arm-none-eabi/lib/armv7e-m/softfp\libm.a(lib_a-s_scalbn.o)
                              c:/infineon/tools/dave ide/4.5.0.202105191637/eclipse/arm-gcc-49/bin/../lib/gcc/arm-none-eabi/4.9.3/../../../../arm-none-eabi/lib/armv7e-m/softfp\libm.a(lib_a-k_rem_pio2.o) (scalbn)
c:/infineon/tools/dave ide/4.5.0.202105191637/eclipse/arm-gcc-49/bin/../lib/gcc/arm-none-eabi/4.9.3/../../../../arm-none-eabi/lib/armv7e-m/softfp\libm.a(lib_a-s_copysign.o)
                              c:/infineon/tools/dave ide/4.5.0.202105191637/eclipse/arm-gcc-49/bin/../lib/gcc/arm-none-eabi/4.9.3/../../../../arm-none-eabi/lib/armv7e-m/softfp\libm.a(lib_a-s_scalbn.o) (copysign)
c:/infineon/tools/dave ide/4.5.0.202105191637/eclipse/arm-gcc-49/bin/../lib/gcc/arm-none-eabi/4.9.3/armv7e-m/softfp\libgcc.a(_arm_addsubdf3.o)
                              c:/infineon/tools/dave ide/4.5.0.202105191637/eclipse/arm-gcc-49/bin/../lib/gcc/arm-none-eabi/4.9.3/../../../../arm-none-eabi/lib/armv7e-m/softfp\libm.a(lib_a-s_cos.o) (__aeabi_dsub)
c:/infineon/tools/dave ide/4.5.0.202105191637/eclipse/arm-gcc-49/bin/../lib/gcc/arm-none-eabi/4.9.3/armv7e-m/softfp\libgcc.a(_arm_muldivdf3.o)
                              ./SSD1306/ssd1306.o (__aeabi_dmul)
c:/infineon/tools/dave ide/4.5.0.202105191637/eclipse/arm-gcc-49/bin/../lib/gcc/arm-none-eabi/4.9.3/armv7e-m/softfp\libgcc.a(_arm_cmpdf2.o)
                              c:/infineon/tools/dave ide/4.5.0.202105191637/eclipse/arm-gcc-49/bin/../lib/gcc/arm-none-eabi/4.9.3/../../../../arm-none-eabi/lib/armv7e-m/softfp\libm.a(lib_a-e_rem_pio2.o) (__aeabi_dcmpeq)
c:/infineon/tools/dave ide/4.5.0.202105191637/eclipse/arm-gcc-49/bin/../lib/gcc/arm-none-eabi/4.9.3/armv7e-m/softfp\libgcc.a(_arm_fixdfsi.o)
                              ./SSD1306/ssd1306.o (__aeabi_d2iz)
[...]
Memory Configuration

Name             Origin             Length             Attributes
FLASH_1_cached   0x08000000         0x00100000         xr
FLASH_1_uncached 0x0c000000         0x00100000         xr
PSRAM_1          0x10000000         0x00010000         !xr
DSRAM_1_system   0x20000000         0x00010000         !xr
DSRAM_2_comm     0x30000000         0x00008000         !xr
*default*        0x00000000         0xffffffff

Linker script and memory map

LOAD ./Startup/startup_XMC4500.o
LOAD ./Startup/system_XMC4500.o
LOAD ./SSD1306/ssd1306.o
LOAD ./SSD1306/ssd1306_fonts.o
LOAD ./Libraries/XMCLib/src/xmc4_eru.o
LOAD ./Libraries/XMCLib/src/xmc4_flash.o
LOAD ./Libraries/XMCLib/src/xmc4_gpio.o
LOAD ./Libraries/XMCLib/src/xmc4_rtc.o
LOAD ./Libraries/XMCLib/src/xmc4_scu.o
LOAD ./Libraries/XMCLib/src/xmc_can.o
LOAD ./Libraries/XMCLib/src/xmc_ccu4.o
LOAD ./Libraries/XMCLib/src/xmc_ccu8.o
LOAD ./Libraries/XMCLib/src/xmc_common.o
LOAD ./Libraries/XMCLib/src/xmc_dac.o
LOAD ./Libraries/XMCLib/src/xmc_dma.o
LOAD ./Libraries/XMCLib/src/xmc_dsd.o
LOAD ./Libraries/XMCLib/src/xmc_ebu.o
LOAD ./Libraries/XMCLib/src/xmc_ecat.o
LOAD ./Libraries/XMCLib/src/xmc_eru.o
LOAD ./Libraries/XMCLib/src/xmc_eth_mac.o
LOAD ./Libraries/XMCLib/src/xmc_eth_phy_dp83848.o
LOAD ./Libraries/XMCLib/src/xmc_eth_phy_ksz8031rnl.o
LOAD ./Libraries/XMCLib/src/xmc_eth_phy_ksz8081rnb.o
LOAD ./Libraries/XMCLib/src/xmc_fce.o
LOAD ./Libraries/XMCLib/src/xmc_gpio.o
LOAD ./Libraries/XMCLib/src/xmc_hrpwm.o
LOAD ./Libraries/XMCLib/src/xmc_i2c.o
LOAD ./Libraries/XMCLib/src/xmc_i2s.o
LOAD ./Libraries/XMCLib/src/xmc_ledts.o
LOAD ./Libraries/XMCLib/src/xmc_posif.o
LOAD ./Libraries/XMCLib/src/xmc_rtc.o
LOAD ./Libraries/XMCLib/src/xmc_sdmmc.o
LOAD ./Libraries/XMCLib/src/xmc_spi.o
LOAD ./Libraries/XMCLib/src/xmc_uart.o
LOAD ./Libraries/XMCLib/src/xmc_usbd.o
LOAD ./Libraries/XMCLib/src/xmc_usbh.o
LOAD ./Libraries/XMCLib/src/xmc_usic.o
LOAD ./Libraries/XMCLib/src/xmc_vadc.o
LOAD ./Libraries/XMCLib/src/xmc_wdt.o
LOAD ./Libraries/Newlib/syscalls.o
LOAD ./Dave/Generated/I2C_MASTER/i2c_master.o
LOAD ./Dave/Generated/I2C_MASTER/i2c_master_conf.o
LOAD ./Dave/Generated/GLOBAL_CCU4/global_ccu4.o
LOAD ./Dave/Generated/GLOBAL_CCU4/global_ccu4_conf.o
LOAD ./Dave/Generated/GLOBAL_ADC/global_adc.o
LOAD ./Dave/Generated/GLOBAL_ADC/global_adc_conf.o
LOAD ./Dave/Generated/DAC/dac.o
LOAD ./Dave/Generated/DAC/dac_conf.o
LOAD ./Dave/Generated/CPU_CTRL_XMC4/cpu_ctrl_xmc4.o
LOAD ./Dave/Generated/CPU_CTRL_XMC4/cpu_ctrl_xmc4_conf.o
LOAD ./Dave/Generated/CLOCK_XMC4/clock_xmc4.o
LOAD ./Dave/Generated/CLOCK_XMC4/clock_xmc4_conf.o
LOAD ./Dave/Generated/ANALOG_IO/analog_io.o
LOAD ./Dave/Generated/ANALOG_IO/analog_io_conf.o
LOAD ./Dave/Generated/ADC_MEASUREMENT/adc_measurement.o
LOAD ./Dave/Generated/ADC_MEASUREMENT/adc_measurement_conf.o
LOAD ./Dave/Generated/DAVE.o
LOAD ./main.o
LOAD c:/infineon/tools/dave ide/4.5.0.202105191637/eclipse/arm-gcc-49/bin/../lib/gcc/arm-none-eabi/4.9.3/../../../../arm-none-eabi/lib/armv7e-m/softfp\libm.a
START GROUP
LOAD c:/infineon/tools/dave ide/4.5.0.202105191637/eclipse/arm-gcc-49/bin/../lib/gcc/arm-none-eabi/4.9.3/armv7e-m/softfp\libgcc.a
LOAD c:/infineon/tools/dave ide/4.5.0.202105191637/eclipse/arm-gcc-49/bin/../lib/gcc/arm-none-eabi/4.9.3/../../../../arm-none-eabi/lib/armv7e-m/softfp\libg_nano.a
LOAD c:/infineon/tools/dave ide/4.5.0.202105191637/eclipse/arm-gcc-49/bin/../lib/gcc/arm-none-eabi/4.9.3/../../../../arm-none-eabi/lib/armv7e-m/softfp\libc_nano.a
END GROUP
START GROUP
LOAD c:/infineon/tools/dave ide/4.5.0.202105191637/eclipse/arm-gcc-49/bin/../lib/gcc/arm-none-eabi/4.9.3/armv7e-m/softfp\libgcc.a
LOAD c:/infineon/tools/dave ide/4.5.0.202105191637/eclipse/arm-gcc-49/bin/../lib/gcc/arm-none-eabi/4.9.3/../../../../arm-none-eabi/lib/armv7e-m/softfp\libc_nano.a
LOAD c:/infineon/tools/dave ide/4.5.0.202105191637/eclipse/arm-gcc-49/bin/../lib/gcc/arm-none-eabi/4.9.3/../../../../arm-none-eabi/lib/armv7e-m/softfp\libnosys.a
END GROUP
START GROUP
LOAD c:/infineon/tools/dave ide/4.5.0.202105191637/eclipse/arm-gcc-49/bin/../lib/gcc/arm-none-eabi/4.9.3/armv7e-m/softfp\libgcc.a
LOAD c:/infineon/tools/dave ide/4.5.0.202105191637/eclipse/arm-gcc-49/bin/../lib/gcc/arm-none-eabi/4.9.3/../../../../arm-none-eabi/lib/armv7e-m/softfp\libc_nano.a
LOAD c:/infineon/tools/dave ide/4.5.0.202105191637/eclipse/arm-gcc-49/bin/../lib/gcc/arm-none-eabi/4.9.3/../../../../arm-none-eabi/lib/armv7e-m/softfp\libnosys.a
END GROUP
                0x00000800                stack_size = DEFINED (stack_size)?stack_size:0x800
                0x00000040                no_init_size = 0x40

.text           0x08000000     0x5ccc load address 0x0c000000
                0x08000000                sText = .
 *(.reset)
 .reset         0x08000000      0x2b4 ./Startup/startup_XMC4500.o
                0x08000000                __Vectors
                0x08000200                Reset_Handler
                0x080002b0                DSD0_7_IRQHandler
                0x080002b0                DebugMon_Handler
                0x080002b0                VADC0_C0_0_IRQHandler
                0x080002b0                CAN0_4_IRQHandler
                0x080002b0                VADC0_G2_0_IRQHandler
                0x080002b0                USIC0_5_IRQHandler
                0x080002b0                POSIF0_0_IRQHandler
                0x080002b0                POSIF1_0_IRQHandler
                0x080002b0                HardFault_Handler
                0x080002b0                VADC0_G1_1_IRQHandler
                0x080002b0                PendSV_Handler
                0x080002b0                NMI_Handler
                0x080002b0                USIC1_3_IRQHandler
                0x080002b0                CCU40_2_IRQHandler
                0x080002b0                SCU_0_IRQHandler
                0x080002b0                ERU0_0_IRQHandler
                0x080002b0                CCU41_0_IRQHandler
                0x080002b0                USIC1_5_IRQHandler
                0x080002b0                DSD0_4_IRQHandler
                0x080002b0                CCU80_1_IRQHandler
                0x080002b0                CCU81_0_IRQHandler
                0x080002b0                UsageFault_Handler
                0x080002b0                USIC0_0_IRQHandler
                0x080002b0                POSIF1_1_IRQHandler
                0x080002b0                ERU0_2_IRQHandler
                0x080002b0                CCU81_1_IRQHandler
                0x080002b0                ERU1_1_IRQHandler
                0x080002b0                VADC0_G2_3_IRQHandler
                0x080002b0                VADC0_G2_2_IRQHandler
                0x080002b0                CCU42_3_IRQHandler
                0x080002b0                ERU0_3_IRQHandler
                0x080002b0                DSD0_5_IRQHandler
                0x080002b0                VADC0_C0_3_IRQHandler
                0x080002b0                CAN0_6_IRQHandler
                0x080002b0                CCU43_0_IRQHandler
                0x080002b0                VADC0_G0_1_IRQHandler
                0x080002b0                CCU81_2_IRQHandler
                0x080002b0                USIC2_4_IRQHandler
                0x080002b0                CCU81_3_IRQHandler
                0x080002b0                CCU42_1_IRQHandler
                0x080002b0                USIC2_5_IRQHandler
                0x080002b0                CCU40_0_IRQHandler
                0x080002b0                CAN0_0_IRQHandler
                0x080002b0                ERU1_0_IRQHandler
                0x080002b0                CCU42_2_IRQHandler
                0x080002b0                Default_Handler
                0x080002b0                USIC1_4_IRQHandler
                0x080002b0                ERU1_3_IRQHandler
                0x080002b0                POSIF0_1_IRQHandler
                0x080002b0                VADC0_G0_0_IRQHandler
                0x080002b0                DSD0_2_IRQHandler
                0x080002b0                CCU80_3_IRQHandler
                0x080002b0                CCU41_3_IRQHandler
                0x080002b0                CCU80_2_IRQHandler
                0x080002b0                VADC0_G1_3_IRQHandler
                0x080002b0                VADC0_G0_3_IRQHandler
                0x080002b0                GPDMA0_0_IRQHandler
                0x080002b0                PMU0_0_IRQHandler
                0x080002b0                CAN0_7_IRQHandler
                0x080002b0                DSD0_1_IRQHandler
                0x080002b0                CCU41_2_IRQHandler
                0x080002b0                VADC0_C0_1_IRQHandler
                0x080002b0                CCU43_2_IRQHandler
                0x080002b0                USIC2_2_IRQHandler
                0x080002b0                MemManage_Handler
                0x080002b0                VADC0_G3_1_IRQHandler
                0x080002b0                DAC0_0_IRQHandler
                0x080002b0                SVC_Handler
                0x080002b0                VADC0_G3_3_IRQHandler
                0x080002b0                ERU1_2_IRQHandler
                0x080002b0                CCU41_1_IRQHandler
                0x080002b0                DSD0_6_IRQHandler
                0x080002b0                CCU43_1_IRQHandler
                0x080002b0                VADC0_G1_2_IRQHandler
                0x080002b0                USIC2_3_IRQHandler
                0x080002b0                CAN0_2_IRQHandler
                0x080002b0                USIC2_0_IRQHandler
                0x080002b0                VADC0_G0_2_IRQHandler
                0x080002b0                VADC0_G2_1_IRQHandler
                0x080002b0                CAN0_3_IRQHandler
                0x080002b0                ETH0_0_IRQHandler
                0x080002b0                USIC0_3_IRQHandler
                0x080002b0                DSD0_0_IRQHandler
                0x080002b0                CCU42_0_IRQHandler
                0x080002b0                FCE0_0_IRQHandler
                0x080002b0                VADC0_G1_0_IRQHandler
                0x080002b0                USB0_0_IRQHandler
                0x080002b0                CAN0_5_IRQHandler
                0x080002b0                CCU80_0_IRQHandler
                0x080002b0                CCU40_1_IRQHandler
                0x080002b0                USIC2_1_IRQHandler
                0x080002b0                USIC0_1_IRQHandler
                0x080002b0                VADC0_G3_2_IRQHandler
                0x080002b0                CCU40_3_IRQHandler
                0x080002b0                BusFault_Handler
                0x080002b0                LEDTS0_0_IRQHandler
                0x080002b0                USIC0_4_IRQHandler
                0x080002b0                CCU43_3_IRQHandler
                0x080002b0                ERU0_1_IRQHandler
                0x080002b0                VADC0_G3_0_IRQHandler
                0x080002b0                USIC1_2_IRQHandler
                0x080002b0                DSD0_3_IRQHandler
                0x080002b0                SDMMC0_0_IRQHandler
                0x080002b0                CAN0_1_IRQHandler
                0x080002b0                USIC0_2_IRQHandler
                0x080002b0                DAC0_1_IRQHandler
                0x080002b0                GPDMA1_0_IRQHandler
 *(.text .text.* .gnu.linkonce.t.*)
 .text.SystemInit
                0x080002b4       0x20 ./Startup/system_XMC4500.o
                0x080002b4                SystemInit
 .text.SystemCoreClockUpdate
                0x080002d4       0xd4 ./Startup/system_XMC4500.o
                0x080002d4                SystemCoreClockUpdate
 .text.XMC_USIC_CH_TXFIFO_IsFull
                0x080003a8       0x28 ./SSD1306/ssd1306.o
 .text.XMC_USIC_CH_TXFIFO_IsEmpty
                0x080003d0       0x28 ./SSD1306/ssd1306.o
 .text.XMC_I2C_CH_GetStatusFlag
                0x080003f8       0x18 ./SSD1306/ssd1306.o
 .text.XMC_I2C_CH_ClearStatusFlag
                0x08000410       0x20 ./SSD1306/ssd1306.o
 .text.ssd1306_Reset
                0x08000430        0xc ./SSD1306/ssd1306.o
                0x08000430                ssd1306_Reset
 .text.ssd1306_WriteCommand
                0x0800043c       0xac ./SSD1306/ssd1306.o
                0x0800043c                ssd1306_WriteCommand
 .text.ssd1306_WriteData
                0x080004e8       0xc8 ./SSD1306/ssd1306.o
                0x080004e8                ssd1306_WriteData
 .text.ssd1306_Init
                0x080005b0       0xec ./SSD1306/ssd1306.o
                0x080005b0                ssd1306_Init
 .text.ssd1306_Fill
                0x0800069c       0x44 ./SSD1306/ssd1306.o
                0x0800069c                ssd1306_Fill
 .text.ssd1306_UpdateScreen
                0x080006e0       0x54 ./SSD1306/ssd1306.o
                0x080006e0                ssd1306_UpdateScreen
 .text.ssd1306_DrawPixel
                0x08000734       0xd4 ./SSD1306/ssd1306.o
                0x08000734                ssd1306_DrawPixel
 .text.ssd1306_WriteChar
                0x08000808      0x118 ./SSD1306/ssd1306.o
                0x08000808                ssd1306_WriteChar
 .text.ssd1306_WriteString
                0x08000920       0x54 ./SSD1306/ssd1306.o
                0x08000920                ssd1306_WriteString
 .text.ssd1306_SetCursor
                0x08000974       0x30 ./SSD1306/ssd1306.o
                0x08000974                ssd1306_SetCursor
 .text.ssd1306_SetContrast
                0x080009a4       0x24 ./SSD1306/ssd1306.o
                0x080009a4                ssd1306_SetContrast
 .text.ssd1306_SetDisplayOn
                0x080009c8       0x38 ./SSD1306/ssd1306.o
                0x080009c8                ssd1306_SetDisplayOn
 .text.XMC_GPIO_Init
                0x08000a00      0x14c ./Libraries/XMCLib/src/xmc4_gpio.o
                0x08000a00                XMC_GPIO_Init
 .text.XMC_SCU_CLOCK_GetCpuClockFrequency
                0x08000b4c       0x18 ./Libraries/XMCLib/src/xmc4_scu.o
 .text.XMC_SCU_GetMirrorStatus
                0x08000b64       0x18 ./Libraries/XMCLib/src/xmc4_scu.o
 .text.XMC_SCU_lDelay
                0x08000b7c       0x44 ./Libraries/XMCLib/src/xmc4_scu.o
 .text.XMC_SCU_INTERUPT_GetEventStatus
                0x08000bc0       0x18 ./Libraries/XMCLib/src/xmc4_scu.o
                0x08000bc0                XMC_SCU_INTERUPT_GetEventStatus
 .text.XMC_SCU_INTERRUPT_ClearEventStatus
                0x08000bd8       0x1c ./Libraries/XMCLib/src/xmc4_scu.o
                0x08000bd8                XMC_SCU_INTERRUPT_ClearEventStatus
 .text.XMC_SCU_CLOCK_Init
                0x08000bf4       0xf8 ./Libraries/XMCLib/src/xmc4_scu.o
                0x08000bf4                XMC_SCU_CLOCK_Init
 .text.XMC_SCU_RESET_DeassertPeripheralReset
                0x08000cec       0x38 ./Libraries/XMCLib/src/xmc4_scu.o
                0x08000cec                XMC_SCU_RESET_DeassertPeripheralReset
 .text.XMC_SCU_RESET_IsPeripheralResetAsserted
                0x08000d24       0x48 ./Libraries/XMCLib/src/xmc4_scu.o
                0x08000d24                XMC_SCU_RESET_IsPeripheralResetAsserted
 .text.XMC_SCU_CLOCK_GetPeripheralClockFrequency
                0x08000d6c       0x20 ./Libraries/XMCLib/src/xmc4_scu.o
                0x08000d6c                XMC_SCU_CLOCK_GetPeripheralClockFrequency
 .text.XMC_SCU_CLOCK_SetSystemClockSource
                0x08000d8c       0x28 ./Libraries/XMCLib/src/xmc4_scu.o
                0x08000d8c                XMC_SCU_CLOCK_SetSystemClockSource
 .text.XMC_SCU_CLOCK_SetUsbClockSource
                0x08000db4       0x28 ./Libraries/XMCLib/src/xmc4_scu.o
                0x08000db4                XMC_SCU_CLOCK_SetUsbClockSource
 .text.XMC_SCU_CLOCK_SetWdtClockSource
                0x08000ddc       0x28 ./Libraries/XMCLib/src/xmc4_scu.o
                0x08000ddc                XMC_SCU_CLOCK_SetWdtClockSource
 .text.XMC_SCU_CLOCK_SetSystemPllClockSource
                0x08000e04       0x40 ./Libraries/XMCLib/src/xmc4_scu.o
                0x08000e04                XMC_SCU_CLOCK_SetSystemPllClockSource
 .text.XMC_SCU_HIB_SetRtcClockSource
                0x08000e44       0x3c ./Libraries/XMCLib/src/xmc4_scu.o
                0x08000e44                XMC_SCU_HIB_SetRtcClockSource
 .text.XMC_SCU_HIB_SetStandbyClockSource
                0x08000e80       0x3c ./Libraries/XMCLib/src/xmc4_scu.o
                0x08000e80                XMC_SCU_HIB_SetStandbyClockSource
 .text.XMC_SCU_CLOCK_SetSystemClockDivider
                0x08000ebc       0x28 ./Libraries/XMCLib/src/xmc4_scu.o
                0x08000ebc                XMC_SCU_CLOCK_SetSystemClockDivider
 .text.XMC_SCU_CLOCK_SetCcuClockDivider
                0x08000ee4       0x28 ./Libraries/XMCLib/src/xmc4_scu.o
                0x08000ee4                XMC_SCU_CLOCK_SetCcuClockDivider
 .text.XMC_SCU_CLOCK_SetCpuClockDivider
                0x08000f0c       0x28 ./Libraries/XMCLib/src/xmc4_scu.o
                0x08000f0c                XMC_SCU_CLOCK_SetCpuClockDivider
 .text.XMC_SCU_CLOCK_SetPeripheralClockDivider
                0x08000f34       0x28 ./Libraries/XMCLib/src/xmc4_scu.o
                0x08000f34                XMC_SCU_CLOCK_SetPeripheralClockDivider
 .text.XMC_SCU_CLOCK_SetUsbClockDivider
                0x08000f5c       0x28 ./Libraries/XMCLib/src/xmc4_scu.o
                0x08000f5c                XMC_SCU_CLOCK_SetUsbClockDivider
 .text.XMC_SCU_CLOCK_SetEbuClockDivider
                0x08000f84       0x28 ./Libraries/XMCLib/src/xmc4_scu.o
                0x08000f84                XMC_SCU_CLOCK_SetEbuClockDivider
 .text.XMC_SCU_CLOCK_SetWdtClockDivider
                0x08000fac       0x28 ./Libraries/XMCLib/src/xmc4_scu.o
                0x08000fac                XMC_SCU_CLOCK_SetWdtClockDivider
 .text.XMC_SCU_CLOCK_EnableClock
                0x08000fd4       0x20 ./Libraries/XMCLib/src/xmc4_scu.o
                0x08000fd4                XMC_SCU_CLOCK_EnableClock
 .text.XMC_SCU_CLOCK_EnableUsbPll
                0x08000ff4       0x20 ./Libraries/XMCLib/src/xmc4_scu.o
                0x08000ff4                XMC_SCU_CLOCK_EnableUsbPll
 .text.XMC_SCU_CLOCK_StartUsbPll
                0x08001014       0xb4 ./Libraries/XMCLib/src/xmc4_scu.o
                0x08001014                XMC_SCU_CLOCK_StartUsbPll
 .text.XMC_SCU_CLOCK_SetBackupClockCalibrationMode
                0x080010c8       0x4c ./Libraries/XMCLib/src/xmc4_scu.o
                0x080010c8                XMC_SCU_CLOCK_SetBackupClockCalibrationMode
 .text.XMC_SCU_HIB_EnableHibernateDomain
                0x08001114       0x58 ./Libraries/XMCLib/src/xmc4_scu.o
                0x08001114                XMC_SCU_HIB_EnableHibernateDomain
 .text.XMC_SCU_CLOCK_IsLowPowerOscillatorStable
                0x0800116c       0x24 ./Libraries/XMCLib/src/xmc4_scu.o
                0x0800116c                XMC_SCU_CLOCK_IsLowPowerOscillatorStable
 .text.XMC_SCU_CLOCK_EnableLowPowerOscillator
                0x08001190       0x70 ./Libraries/XMCLib/src/xmc4_scu.o
                0x08001190                XMC_SCU_CLOCK_EnableLowPowerOscillator
 .text.XMC_SCU_CLOCK_EnableHighPerformanceOscillator
                0x08001200       0x50 ./Libraries/XMCLib/src/xmc4_scu.o
                0x08001200                XMC_SCU_CLOCK_EnableHighPerformanceOscillator
 .text.XMC_SCU_CLOCK_IsHighPerformanceOscillatorStable
                0x08001250       0x28 ./Libraries/XMCLib/src/xmc4_scu.o
                0x08001250                XMC_SCU_CLOCK_IsHighPerformanceOscillatorStable
 .text.XMC_SCU_CLOCK_EnableSystemPll
                0x08001278       0x20 ./Libraries/XMCLib/src/xmc4_scu.o
                0x08001278                XMC_SCU_CLOCK_EnableSystemPll
 .text.XMC_SCU_CLOCK_DisableSystemPll
                0x08001298       0x20 ./Libraries/XMCLib/src/xmc4_scu.o
                0x08001298                XMC_SCU_CLOCK_DisableSystemPll
 .text.XMC_SCU_CLOCK_StartSystemPll
                0x080012b8      0x19c ./Libraries/XMCLib/src/xmc4_scu.o
                0x080012b8                XMC_SCU_CLOCK_StartSystemPll
 .text.XMC_SCU_CLOCK_StepSystemPllFrequency
                0x08001454       0x3c ./Libraries/XMCLib/src/xmc4_scu.o
                0x08001454                XMC_SCU_CLOCK_StepSystemPllFrequency
 .text.XMC_CCU4_StartPrescaler
                0x08001490       0x1c ./Libraries/XMCLib/src/xmc_ccu4.o
 .text.XMC_CCU4_lDeassertReset
                0x080014ac       0x60 ./Libraries/XMCLib/src/xmc_ccu4.o
 .text.XMC_CCU4_EnableModule
                0x0800150c       0x1c ./Libraries/XMCLib/src/xmc_ccu4.o
                0x0800150c                XMC_CCU4_EnableModule
 .text.XMC_CCU4_Init
                0x08001528       0x3c ./Libraries/XMCLib/src/xmc_ccu4.o
                0x08001528                XMC_CCU4_Init
 .text.XMC_DAC_CH_EnableOutput
                0x08001564       0x30 ./Libraries/XMCLib/src/xmc_dac.o
 .text.XMC_DAC_CH_EnablePatternSignOutput
                0x08001594       0x30 ./Libraries/XMCLib/src/xmc_dac.o
 .text.XMC_DAC_CH_DisablePatternSignOutput
                0x080015c4       0x30 ./Libraries/XMCLib/src/xmc_dac.o
 .text.XMC_DAC_CH_SetRampStart
                0x080015f4       0x28 ./Libraries/XMCLib/src/xmc_dac.o
 .text.XMC_DAC_CH_SetRampStop
                0x0800161c       0x3c ./Libraries/XMCLib/src/xmc_dac.o
 .text.XMC_DAC_CH_SetTrigger
                0x08001658       0x34 ./Libraries/XMCLib/src/xmc_dac.o
 .text.XMC_DAC_CH_SetMode
                0x0800168c       0x34 ./Libraries/XMCLib/src/xmc_dac.o
 .text.XMC_DAC_Enable
                0x080016c0       0x18 ./Libraries/XMCLib/src/xmc_dac.o
                0x080016c0                XMC_DAC_Enable
 .text.XMC_DAC_CH_Init
                0x080016d8       0x48 ./Libraries/XMCLib/src/xmc_dac.o
                0x080016d8                XMC_DAC_CH_Init
 .text.XMC_DAC_CH_SetFrequency
                0x08001720       0x60 ./Libraries/XMCLib/src/xmc_dac.o
                0x08001720                XMC_DAC_CH_SetFrequency
 .text.XMC_DAC_CH_SetRampFrequency
                0x08001780       0x50 ./Libraries/XMCLib/src/xmc_dac.o
                0x08001780                XMC_DAC_CH_SetRampFrequency
 .text.XMC_DAC_CH_StartSingleValueMode
                0x080017d0       0x24 ./Libraries/XMCLib/src/xmc_dac.o
                0x080017d0                XMC_DAC_CH_StartSingleValueMode
 .text.XMC_DAC_CH_StartDataMode
                0x080017f4       0x60 ./Libraries/XMCLib/src/xmc_dac.o
                0x080017f4                XMC_DAC_CH_StartDataMode
 .text.XMC_DAC_CH_StartRampMode
                0x08001854       0x88 ./Libraries/XMCLib/src/xmc_dac.o
                0x08001854                XMC_DAC_CH_StartRampMode
 .text.XMC_DAC_CH_StartPatternMode
                0x080018dc       0x90 ./Libraries/XMCLib/src/xmc_dac.o
                0x080018dc                XMC_DAC_CH_StartPatternMode
 .text.XMC_DAC_CH_StartNoiseMode
                0x0800196c       0x60 ./Libraries/XMCLib/src/xmc_dac.o
                0x0800196c                XMC_DAC_CH_StartNoiseMode
 .text.XMC_DAC_CH_SetPattern
                0x080019cc       0xa0 ./Libraries/XMCLib/src/xmc_dac.o
                0x080019cc                XMC_DAC_CH_SetPattern
 .text.XMC_GPIO_SetMode
                0x08001a6c       0x80 ./Libraries/XMCLib/src/xmc_gpio.o
                0x08001a6c                XMC_GPIO_SetMode
 .text.XMC_USIC_CH_GetTransmitBufferStatus
                0x08001aec       0x20 ./Libraries/XMCLib/src/xmc_i2c.o
 .text.XMC_I2C_CH_ClearStatusFlag
                0x08001b0c       0x20 ./Libraries/XMCLib/src/xmc_i2c.o
 .text.XMC_I2C_CH_InitEx
                0x08001b2c       0x60 ./Libraries/XMCLib/src/xmc_i2c.o
                0x08001b2c                XMC_I2C_CH_InitEx
 .text.XMC_I2C_CH_SetSlaveAddress
                0x08001b8c       0x54 ./Libraries/XMCLib/src/xmc_i2c.o
                0x08001b8c                XMC_I2C_CH_SetSlaveAddress
 .text.XMC_I2C_CH_SetBaudrateEx
                0x08001be0       0x9c ./Libraries/XMCLib/src/xmc_i2c.o
                0x08001be0                XMC_I2C_CH_SetBaudrateEx
 .text.XMC_I2C_CH_MasterStart
                0x08001c7c       0x68 ./Libraries/XMCLib/src/xmc_i2c.o
                0x08001c7c                XMC_I2C_CH_MasterStart
 .text.XMC_I2C_CH_MasterStop
                0x08001ce4       0x4c ./Libraries/XMCLib/src/xmc_i2c.o
                0x08001ce4                XMC_I2C_CH_MasterStop
 .text.XMC_I2C_CH_MasterTransmit
                0x08001d30       0x4c ./Libraries/XMCLib/src/xmc_i2c.o
                0x08001d30                XMC_I2C_CH_MasterTransmit
 .text.XMC_I2C_CH_MasterReceiveAck
                0x08001d7c       0x4c ./Libraries/XMCLib/src/xmc_i2c.o
                0x08001d7c                XMC_I2C_CH_MasterReceiveAck
 .text.XMC_I2C_CH_MasterReceiveNack
                0x08001dc8       0x4c ./Libraries/XMCLib/src/xmc_i2c.o
                0x08001dc8                XMC_I2C_CH_MasterReceiveNack
 .text.XMC_I2C_CH_GetReceivedData
                0x08001e14       0x34 ./Libraries/XMCLib/src/xmc_i2c.o
                0x08001e14                XMC_I2C_CH_GetReceivedData
 .text.XMC_I2C_CH_DisableEvent
                0x08001e48       0x3c ./Libraries/XMCLib/src/xmc_i2c.o
                0x08001e48                XMC_I2C_CH_DisableEvent
 .text.XMC_USIC_CH_Enable
                0x08001e84       0x98 ./Libraries/XMCLib/src/xmc_usic.o
                0x08001e84                XMC_USIC_CH_Enable
 .text.XMC_USIC_CH_SetBaudrate
                0x08001f1c       0xe4 ./Libraries/XMCLib/src/xmc_usic.o
                0x08001f1c                XMC_USIC_CH_SetBaudrate
 .text.XMC_USIC_CH_SetBaudrateEx
                0x08002000      0x100 ./Libraries/XMCLib/src/xmc_usic.o
                0x08002000                XMC_USIC_CH_SetBaudrateEx
 .text.XMC_USIC_CH_TXFIFO_Configure
                0x08002100       0x50 ./Libraries/XMCLib/src/xmc_usic.o
                0x08002100                XMC_USIC_CH_TXFIFO_Configure
 .text.XMC_USIC_CH_RXFIFO_Configure
                0x08002150       0x54 ./Libraries/XMCLib/src/xmc_usic.o
                0x08002150                XMC_USIC_CH_RXFIFO_Configure
 .text.XMC_USIC_CH_RXFIFO_SetSizeTriggerLimit
                0x080021a4       0x30 ./Libraries/XMCLib/src/xmc_usic.o
                0x080021a4                XMC_USIC_CH_RXFIFO_SetSizeTriggerLimit
 .text.XMC_USIC_CH_SetInterruptNodePointer
                0x080021d4       0x38 ./Libraries/XMCLib/src/xmc_usic.o
                0x080021d4                XMC_USIC_CH_SetInterruptNodePointer
 .text.XMC_USIC_CH_TXFIFO_SetInterruptNodePointer
                0x0800220c       0x3c ./Libraries/XMCLib/src/xmc_usic.o
                0x0800220c                XMC_USIC_CH_TXFIFO_SetInterruptNodePointer
 .text.XMC_USIC_CH_RXFIFO_SetInterruptNodePointer
                0x08002248       0x3c ./Libraries/XMCLib/src/xmc_usic.o
                0x08002248                XMC_USIC_CH_RXFIFO_SetInterruptNodePointer
 .text.XMC_USIC_Enable
                0x08002284       0x80 ./Libraries/XMCLib/src/xmc_usic.o
                0x08002284                XMC_USIC_Enable
 .text.XMC_VADC_GROUP_ExternalMuxControlInit
                0x08002304       0x6c ./Libraries/XMCLib/src/xmc_vadc.o
 .text.XMC_VADC_GROUP_BackgroundEnableArbitrationSlot
                0x08002370       0x24 ./Libraries/XMCLib/src/xmc_vadc.o
 .text.XMC_VADC_GROUP_BackgroundDisableArbitrationSlot
                0x08002394       0x24 ./Libraries/XMCLib/src/xmc_vadc.o
 .text.XMC_VADC_GLOBAL_EnableModule
                0x080023b8        0xc ./Libraries/XMCLib/src/xmc_vadc.o
                0x080023b8                XMC_VADC_GLOBAL_EnableModule
 .text.XMC_VADC_GLOBAL_Init
                0x080023c4       0x54 ./Libraries/XMCLib/src/xmc_vadc.o
                0x080023c4                XMC_VADC_GLOBAL_Init
 .text.XMC_VADC_GLOBAL_InputClassInit
                0x08002418       0x48 ./Libraries/XMCLib/src/xmc_vadc.o
                0x08002418                XMC_VADC_GLOBAL_InputClassInit
 .text.XMC_VADC_GLOBAL_StartupCalibration
                0x08002460       0x64 ./Libraries/XMCLib/src/xmc_vadc.o
                0x08002460                XMC_VADC_GLOBAL_StartupCalibration
 .text.XMC_VADC_GLOBAL_BackgroundSetReqSrcEventInterruptNode
                0x080024c4       0x48 ./Libraries/XMCLib/src/xmc_vadc.o
                0x080024c4                XMC_VADC_GLOBAL_BackgroundSetReqSrcEventInterruptNode
 .text.XMC_VADC_GROUP_Init
                0x0800250c       0x68 ./Libraries/XMCLib/src/xmc_vadc.o
                0x0800250c                XMC_VADC_GROUP_Init
 .text.XMC_VADC_GROUP_InputClassInit
                0x08002574       0xb8 ./Libraries/XMCLib/src/xmc_vadc.o
                0x08002574                XMC_VADC_GROUP_InputClassInit
 .text.XMC_VADC_GROUP_SetPowerMode
                0x0800262c       0x38 ./Libraries/XMCLib/src/xmc_vadc.o
                0x0800262c                XMC_VADC_GROUP_SetPowerMode
 .text.XMC_VADC_GLOBAL_BackgroundInit
                0x08002664       0xfc ./Libraries/XMCLib/src/xmc_vadc.o
                0x08002664                XMC_VADC_GLOBAL_BackgroundInit
 .text.XMC_VADC_GROUP_ChannelInit
                0x08002760       0xc8 ./Libraries/XMCLib/src/xmc_vadc.o
                0x08002760                XMC_VADC_GROUP_ChannelInit
 .text._sbrk    0x08002828       0x68 ./Libraries/Newlib/syscalls.o
                0x08002828                _sbrk
 .text._init    0x08002890        0xc ./Libraries/Newlib/syscalls.o
                0x08002890                _init
 .text.__NVIC_ClearPendingIRQ
                0x0800289c       0x3c ./Dave/Generated/I2C_MASTER/i2c_master.o
 .text.XMC_USIC_CH_DisableEvent
                0x080028d8       0x24 ./Dave/Generated/I2C_MASTER/i2c_master.o
 .text.XMC_USIC_CH_GetTransmitBufferStatus
                0x080028fc       0x20 ./Dave/Generated/I2C_MASTER/i2c_master.o
 .text.XMC_USIC_CH_TXFIFO_EnableEvent
                0x0800291c       0x24 ./Dave/Generated/I2C_MASTER/i2c_master.o
 .text.XMC_USIC_CH_TXFIFO_DisableEvent
                0x08002940       0x28 ./Dave/Generated/I2C_MASTER/i2c_master.o
 .text.XMC_USIC_CH_TXFIFO_IsFull
                0x08002968       0x28 ./Dave/Generated/I2C_MASTER/i2c_master.o
 .text.XMC_USIC_CH_TXFIFO_IsEmpty
                0x08002990       0x28 ./Dave/Generated/I2C_MASTER/i2c_master.o
 .text.XMC_USIC_CH_RXFIFO_DisableEvent
                0x080029b8       0x28 ./Dave/Generated/I2C_MASTER/i2c_master.o
 .text.XMC_USIC_CH_RXFIFO_IsEmpty
                0x080029e0       0x28 ./Dave/Generated/I2C_MASTER/i2c_master.o
 .text.XMC_I2C_CH_GetStatusFlag
                0x08002a08       0x18 ./Dave/Generated/I2C_MASTER/i2c_master.o
 .text.XMC_I2C_CH_ClearStatusFlag
                0x08002a20       0x20 ./Dave/Generated/I2C_MASTER/i2c_master.o
 .text.I2C_MASTER_SetRXFIFOTriggerLimit
                0x08002a40       0x24 ./Dave/Generated/I2C_MASTER/i2c_master.o
 .text.I2C_MASTER_IsTXFIFOFull
                0x08002a64       0x1c ./Dave/Generated/I2C_MASTER/i2c_master.o
 .text.I2C_MASTER_IsRXFIFOEmpty
                0x08002a80       0x1c ./Dave/Generated/I2C_MASTER/i2c_master.o
 .text.I2C_MASTER_GetReceivedByte
                0x08002a9c       0x1c ./Dave/Generated/I2C_MASTER/i2c_master.o
 .text.I2C_MASTER_TransmitByte
                0x08002ab8       0x20 ./Dave/Generated/I2C_MASTER/i2c_master.o
 .text.I2C_MASTER_DisableEvent
                0x08002ad8       0x1c ./Dave/Generated/I2C_MASTER/i2c_master.o
 .text.I2C_MASTER_ReceiveACK
                0x08002af4       0x18 ./Dave/Generated/I2C_MASTER/i2c_master.o
 .text.I2C_MASTER_ReceiveNACK
                0x08002b0c       0x18 ./Dave/Generated/I2C_MASTER/i2c_master.o
 .text.I2C_MASTER_SendStop
                0x08002b24       0x24 ./Dave/Generated/I2C_MASTER/i2c_master.o
 .text.calculate_minfifosize
                0x08002b48       0x2c ./Dave/Generated/I2C_MASTER/i2c_master.o
 .text.I2C_MASTER_Init
                0x08002b74       0x2c ./Dave/Generated/I2C_MASTER/i2c_master.o
                0x08002b74                I2C_MASTER_Init
 .text.I2C_MASTER_GetFlagStatus
                0x08002ba0       0x24 ./Dave/Generated/I2C_MASTER/i2c_master.o
                0x08002ba0                I2C_MASTER_GetFlagStatus
 .text.I2C_MASTER_ClearFlag
                0x08002bc4       0x1c ./Dave/Generated/I2C_MASTER/i2c_master.o
                0x08002bc4                I2C_MASTER_ClearFlag
 .text.I2C_MASTER_TransmitHandler
                0x08002be0      0x258 ./Dave/Generated/I2C_MASTER/i2c_master.o
                0x08002be0                I2C_MASTER_TransmitHandler
 .text.I2C_MASTER_lSendStop_JumpTo_TxCallback
                0x08002e38       0x60 ./Dave/Generated/I2C_MASTER/i2c_master.o
 .text.I2C_MASTER_ReceiveHandler
                0x08002e98      0x248 ./Dave/Generated/I2C_MASTER/i2c_master.o
                0x08002e98                I2C_MASTER_ReceiveHandler
 .text.I2C_MASTER_lSendStop_JumpTo_RxCallback
                0x080030e0       0x70 ./Dave/Generated/I2C_MASTER/i2c_master.o
 .text.I2C_MASTER_ProtocolHandler
                0x08003150       0x88 ./Dave/Generated/I2C_MASTER/i2c_master.o
                0x08003150                I2C_MASTER_ProtocolHandler
 .text.I2C_MASTER_lReconfigureRxFIFO
                0x080031d8       0x74 ./Dave/Generated/I2C_MASTER/i2c_master.o
 .text.__NVIC_GetPriorityGrouping
                0x0800324c       0x1c ./Dave/Generated/I2C_MASTER/i2c_master_conf.o
 .text.__NVIC_EnableIRQ
                0x08003268       0x38 ./Dave/Generated/I2C_MASTER/i2c_master_conf.o
 .text.__NVIC_SetPriority
                0x080032a0       0x54 ./Dave/Generated/I2C_MASTER/i2c_master_conf.o
 .text.NVIC_EncodePriority
                0x080032f4       0x64 ./Dave/Generated/I2C_MASTER/i2c_master_conf.o
 .text.XMC_USIC_CH_SetInputSource
                0x08003358       0x3c ./Dave/Generated/I2C_MASTER/i2c_master_conf.o
 .text.XMC_USIC_CH_TXFIFO_EnableEvent
                0x08003394       0x24 ./Dave/Generated/I2C_MASTER/i2c_master_conf.o
 .text.XMC_USIC_CH_RXFIFO_EnableEvent
                0x080033b8       0x24 ./Dave/Generated/I2C_MASTER/i2c_master_conf.o
 .text.XMC_USIC_CH_SetMode
                0x080033dc       0x28 ./Dave/Generated/I2C_MASTER/i2c_master_conf.o
 .text.XMC_I2C_CH_Init
                0x08003404       0x1c ./Dave/Generated/I2C_MASTER/i2c_master_conf.o
 .text.XMC_I2C_CH_Start
                0x08003420       0x18 ./Dave/Generated/I2C_MASTER/i2c_master_conf.o
 .text.I2C_MASTER_0_disable_io
                0x08003438       0x20 ./Dave/Generated/I2C_MASTER/i2c_master_conf.o
 .text.I2C_MASTER_0_enable_io
                0x08003458       0x24 ./Dave/Generated/I2C_MASTER/i2c_master_conf.o
 .text.I2C_MASTER_0_init
                0x0800347c       0xf0 ./Dave/Generated/I2C_MASTER/i2c_master_conf.o
                0x0800347c                I2C_MASTER_0_init
 .text.USIC1_1_IRQHandler
                0x0800356c       0x10 ./Dave/Generated/I2C_MASTER/i2c_master_conf.o
                0x0800356c                USIC1_1_IRQHandler
 .text.USIC1_0_IRQHandler
                0x0800357c       0x10 ./Dave/Generated/I2C_MASTER/i2c_master_conf.o
                0x0800357c                USIC1_0_IRQHandler
 .text.XMC_CCU4_StartPrescaler
                0x0800358c       0x1c ./Dave/Generated/GLOBAL_CCU4/global_ccu4.o
 .text.GLOBAL_CCU4_Init
                0x080035a8       0x40 ./Dave/Generated/GLOBAL_CCU4/global_ccu4.o
                0x080035a8                GLOBAL_CCU4_Init
 .text.XMC_VADC_GLOBAL_DisablePostCalibration
                0x080035e8       0x2c ./Dave/Generated/GLOBAL_ADC/global_adc.o
 .text.GLOBAL_ADC_Init
                0x08003614       0xb0 ./Dave/Generated/GLOBAL_ADC/global_adc.o
                0x08003614                GLOBAL_ADC_Init
 .text.XMC_DAC_EnableSimultaneousDataMode
                0x080036c4       0x20 ./Dave/Generated/DAC/dac.o
 .text.XMC_DAC_CH_Write
                0x080036e4       0x28 ./Dave/Generated/DAC/dac.o
 .text.XMC_DAC_CH_SetMode
                0x0800370c       0x34 ./Dave/Generated/DAC/dac.o
 .text.XMC_DAC_CH_EnableEvent
                0x08003740       0x30 ./Dave/Generated/DAC/dac.o
 .text.XMC_DAC_CH_SetOutputScale
                0x08003770       0x38 ./Dave/Generated/DAC/dac.o
 .text.DAC_ModeConfig
                0x080037a8      0x158 ./Dave/Generated/DAC/dac.o
                0x080037a8                DAC_ModeConfig
 .text.DAC_Init
                0x08003900       0x84 ./Dave/Generated/DAC/dac.o
                0x08003900                DAC_Init
 .text.DAC_SingleValue_SetValue_u16
                0x08003984       0x40 ./Dave/Generated/DAC/dac.o
                0x08003984                DAC_SingleValue_SetValue_u16
 .text.__NVIC_SetPriorityGrouping
                0x080039c4       0x48 ./Dave/Generated/CPU_CTRL_XMC4/cpu_ctrl_xmc4_conf.o
 .text.SystemCoreSetup
                0x08003a0c       0xa0 ./Dave/Generated/CPU_CTRL_XMC4/cpu_ctrl_xmc4_conf.o
                0x08003a0c                SystemCoreSetup
 .text.CLOCK_XMC4_Init
                0x08003aac       0x20 ./Dave/Generated/CLOCK_XMC4/clock_xmc4.o
                0x08003aac                CLOCK_XMC4_Init
 .text.OSCHP_GetFrequency
                0x08003acc       0x14 ./Dave/Generated/CLOCK_XMC4/clock_xmc4.o
                0x08003acc                OSCHP_GetFrequency
 .text.SystemCoreClockSetup
                0x08003ae0       0x58 ./Dave/Generated/CLOCK_XMC4/clock_xmc4_conf.o
                0x08003ae0                SystemCoreClockSetup
 .text.ANALOG_IO_Init
                0x08003b38       0x34 ./Dave/Generated/ANALOG_IO/analog_io.o
                0x08003b38                ANALOG_IO_Init
 .text.__NVIC_GetPriorityGrouping
                0x08003b6c       0x1c ./Dave/Generated/ADC_MEASUREMENT/adc_measurement.o
 .text.__NVIC_EnableIRQ
                0x08003b88       0x38 ./Dave/Generated/ADC_MEASUREMENT/adc_measurement.o
 .text.__NVIC_SetPriority
                0x08003bc0       0x54 ./Dave/Generated/ADC_MEASUREMENT/adc_measurement.o
 .text.NVIC_EncodePriority
                0x08003c14       0x64 ./Dave/Generated/ADC_MEASUREMENT/adc_measurement.o
 .text.XMC_VADC_GLOBAL_BackgroundTriggerConversion
                0x08003c78       0x24 ./Dave/Generated/ADC_MEASUREMENT/adc_measurement.o
 .text.XMC_VADC_GLOBAL_BackgroundAddChannelToSequence
                0x08003c9c       0x38 ./Dave/Generated/ADC_MEASUREMENT/adc_measurement.o
 .text.XMC_VADC_GROUP_ResultInit
                0x08003cd4       0x24 ./Dave/Generated/ADC_MEASUREMENT/adc_measurement.o
 .text.XMC_VADC_GROUP_GetResult
                0x08003cf8       0x24 ./Dave/Generated/ADC_MEASUREMENT/adc_measurement.o
 .text.ADC_MEASUREMENT_Init
                0x08003d1c      0x150 ./Dave/Generated/ADC_MEASUREMENT/adc_measurement.o
                0x08003d1c                ADC_MEASUREMENT_Init
 .text.ADC_MEASUREMENT_StartConversion
                0x08003e6c       0x1c ./Dave/Generated/ADC_MEASUREMENT/adc_measurement.o
                0x08003e6c                ADC_MEASUREMENT_StartConversion
 .text.ADC_MEASUREMENT_GetResult
                0x08003e88       0x30 ./Dave/Generated/ADC_MEASUREMENT/adc_measurement.o
                0x08003e88                ADC_MEASUREMENT_GetResult
 .text.DAVE_Init
                0x08003eb8       0x74 ./Dave/Generated/DAVE.o
                0x08003eb8                DAVE_Init
 .text.__NVIC_SetPriority
                0x08003f2c       0x54 ./main.o
 .text.SysTick_Config
                0x08003f80       0x44 ./main.o
 .text.VADC0_C0_2_IRQHandler
                0x08003fc4       0x2c ./main.o
                0x08003fc4                VADC0_C0_2_IRQHandler
 .text.SysTick_Handler
                0x08003ff0       0x1c ./main.o
                0x08003ff0                SysTick_Handler
 .text.delay_ms
                0x0800400c       0x30 ./main.o
                0x0800400c                delay_ms
 .text.ssd1306_text
                0x0800403c       0x64 ./main.o
                0x0800403c                ssd1306_text
 .text.float2string
                0x080040a0       0xc4 ./main.o
                0x080040a0                float2string
 *fill*         0x08004164        0x4 
 .text.main     0x08004168      0x188 ./main.o
                0x08004168                main
 .text.trunc    0x080042f0       0x60 c:/infineon/tools/dave ide/4.5.0.202105191637/eclipse/arm-gcc-49/bin/../lib/gcc/arm-none-eabi/4.9.3/../../../../arm-none-eabi/lib/armv7e-m/softfp\libm.a(lib_a-s_trunc.o)
                0x080042f0                trunc
 .text          0x08004350      0x370 c:/infineon/tools/dave ide/4.5.0.202105191637/eclipse/arm-gcc-49/bin/../lib/gcc/arm-none-eabi/4.9.3/armv7e-m/softfp\libgcc.a(_arm_addsubdf3.o)
                0x08004350                __aeabi_drsub
                0x08004358                __aeabi_dsub
                0x08004358                __subdf3
                0x0800435c                __aeabi_dadd
                0x0800435c                __adddf3
                0x080045d4                __floatunsidf
                0x080045d4                __aeabi_ui2d
                0x080045f4                __floatsidf
                0x080045f4                __aeabi_i2d
                0x08004618                __aeabi_f2d
                0x08004618                __extendsfdf2
                0x08004654                __floatundidf
                0x08004654                __aeabi_ul2d
                0x08004664                __floatdidf
                0x08004664                __aeabi_l2d
 .text          0x080046c0      0x424 c:/infineon/tools/dave ide/4.5.0.202105191637/eclipse/arm-gcc-49/bin/../lib/gcc/arm-none-eabi/4.9.3/armv7e-m/softfp\libgcc.a(_arm_muldivdf3.o)
                0x080046c0                __aeabi_dmul
                0x080046c0                __muldf3
                0x08004914                __divdf3
                0x08004914                __aeabi_ddiv
 .text          0x08004ae4      0x110 c:/infineon/tools/dave ide/4.5.0.202105191637/eclipse/arm-gcc-49/bin/../lib/gcc/arm-none-eabi/4.9.3/armv7e-m/softfp\libgcc.a(_arm_cmpdf2.o)
                0x08004ae4                __gtdf2
                0x08004ae4                __gedf2
                0x08004aec                __ltdf2
                0x08004aec                __ledf2
                0x08004af4                __nedf2
                0x08004af4                __eqdf2
                0x08004af4                __cmpdf2
                0x08004b70                __aeabi_cdrcmple
                0x08004b80                __aeabi_cdcmpeq
                0x08004b80                __aeabi_cdcmple
                0x08004b90                __aeabi_dcmpeq
                0x08004ba4                __aeabi_dcmplt
                0x08004bb8                __aeabi_dcmple
                0x08004bcc                __aeabi_dcmpge
                0x08004be0                __aeabi_dcmpgt
 .text          0x08004bf4       0x50 c:/infineon/tools/dave ide/4.5.0.202105191637/eclipse/arm-gcc-49/bin/../lib/gcc/arm-none-eabi/4.9.3/armv7e-m/softfp\libgcc.a(_arm_fixdfsi.o)
                0x08004bf4                __aeabi_d2iz
                0x08004bf4                __fixdfsi
 .text          0x08004c44       0xa0 c:/infineon/tools/dave ide/4.5.0.202105191637/eclipse/arm-gcc-49/bin/../lib/gcc/arm-none-eabi/4.9.3/armv7e-m/softfp\libgcc.a(_arm_truncdfsf2.o)
                0x08004c44                __truncdfsf2
                0x08004c44                __aeabi_d2f
 .text.__errno  0x08004ce4        0xc c:/infineon/tools/dave ide/4.5.0.202105191637/eclipse/arm-gcc-49/bin/../lib/gcc/arm-none-eabi/4.9.3/../../../../arm-none-eabi/lib/armv7e-m/softfp\libg_nano.a(lib_a-errno.o)
                0x08004ce4                __errno
 .text.__libc_init_array
                0x08004cf0       0x4c c:/infineon/tools/dave ide/4.5.0.202105191637/eclipse/arm-gcc-49/bin/../lib/gcc/arm-none-eabi/4.9.3/../../../../arm-none-eabi/lib/armv7e-m/softfp\libg_nano.a(lib_a-init.o)
                0x08004cf0                __libc_init_array
 .text.memcpy   0x08004d3c       0x16 c:/infineon/tools/dave ide/4.5.0.202105191637/eclipse/arm-gcc-49/bin/../lib/gcc/arm-none-eabi/4.9.3/../../../../arm-none-eabi/lib/armv7e-m/softfp\libg_nano.a(lib_a-memcpy.o)
                0x08004d3c                memcpy
 *fill*         0x08004d52        0x2 
 .text.sprintf  0x08004d54       0x48 c:/infineon/tools/dave ide/4.5.0.202105191637/eclipse/arm-gcc-49/bin/../lib/gcc/arm-none-eabi/4.9.3/../../../../arm-none-eabi/lib/armv7e-m/softfp\libg_nano.a(lib_a-sprintf.o)
                0x08004d54                siprintf
                0x08004d54                sprintf
 .text.__ssputs_r
                0x08004d9c       0xb2 c:/infineon/tools/dave ide/4.5.0.202105191637/eclipse/arm-gcc-49/bin/../lib/gcc/arm-none-eabi/4.9.3/../../../../arm-none-eabi/lib/armv7e-m/softfp\libg_nano.a(lib_a-nano-svfprintf.o)
                0x08004d9c                __ssputs_r
 *fill*         0x08004e4e        0x2 
 .text._svfprintf_r
                0x08004e50      0x1e4 c:/infineon/tools/dave ide/4.5.0.202105191637/eclipse/arm-gcc-49/bin/../lib/gcc/arm-none-eabi/4.9.3/../../../../arm-none-eabi/lib/armv7e-m/softfp\libg_nano.a(lib_a-nano-svfprintf.o)
                0x08004e50                _svfiprintf_r
                0x08004e50                _svfprintf_r
 .text._printf_common
                0x08005034       0xea c:/infineon/tools/dave ide/4.5.0.202105191637/eclipse/arm-gcc-49/bin/../lib/gcc/arm-none-eabi/4.9.3/../../../../arm-none-eabi/lib/armv7e-m/softfp\libg_nano.a(lib_a-nano-vfprintf_i.o)
                0x08005034                _printf_common
 *fill*         0x0800511e        0x2 
 .text._printf_i
                0x08005120      0x234 c:/infineon/tools/dave ide/4.5.0.202105191637/eclipse/arm-gcc-49/bin/../lib/gcc/arm-none-eabi/4.9.3/../../../../arm-none-eabi/lib/armv7e-m/softfp\libg_nano.a(lib_a-nano-vfprintf_i.o)
                0x08005120                _printf_i
 .text.memchr   0x08005354       0x1e c:/infineon/tools/dave ide/4.5.0.202105191637/eclipse/arm-gcc-49/bin/../lib/gcc/arm-none-eabi/4.9.3/../../../../arm-none-eabi/lib/armv7e-m/softfp\libg_nano.a(lib_a-memchr.o)
                0x08005354                memchr
 .text.memmove  0x08005372       0x36 c:/infineon/tools/dave ide/4.5.0.202105191637/eclipse/arm-gcc-49/bin/../lib/gcc/arm-none-eabi/4.9.3/../../../../arm-none-eabi/lib/armv7e-m/softfp\libg_nano.a(lib_a-memmove.o)
                0x08005372                memmove
 .text._free_r  0x080053a8       0x88 c:/infineon/tools/dave ide/4.5.0.202105191637/eclipse/arm-gcc-49/bin/../lib/gcc/arm-none-eabi/4.9.3/../../../../arm-none-eabi/lib/armv7e-m/softfp\libg_nano.a(lib_a-nano-freer.o)
                0x080053a8                _free_r
 .text._malloc_r
                0x08005430       0xac c:/infineon/tools/dave ide/4.5.0.202105191637/eclipse/arm-gcc-49/bin/../lib/gcc/arm-none-eabi/4.9.3/../../../../arm-none-eabi/lib/armv7e-m/softfp\libg_nano.a(lib_a-nano-mallocr.o)
                0x08005430                _malloc_r
 .text._realloc_r
                0x080054dc       0x4c c:/infineon/tools/dave ide/4.5.0.202105191637/eclipse/arm-gcc-49/bin/../lib/gcc/arm-none-eabi/4.9.3/../../../../arm-none-eabi/lib/armv7e-m/softfp\libg_nano.a(lib_a-nano-reallocr.o)
                0x080054dc                _realloc_r
 .text._sbrk_r  0x08005528       0x20 c:/infineon/tools/dave ide/4.5.0.202105191637/eclipse/arm-gcc-49/bin/../lib/gcc/arm-none-eabi/4.9.3/../../../../arm-none-eabi/lib/armv7e-m/softfp\libg_nano.a(lib_a-sbrkr.o)
                0x08005528                _sbrk_r
 .text._malloc_usable_size_r
                0x08005548       0x14 c:/infineon/tools/dave ide/4.5.0.202105191637/eclipse/arm-gcc-49/bin/../lib/gcc/arm-none-eabi/4.9.3/../../../../arm-none-eabi/lib/armv7e-m/softfp\libg_nano.a(lib_a-nano-msizer.o)
                0x08005548                _malloc_usable_size_r
 *(.init)
 *(.fini)
 *crtbegin.o(.ctors)
 *crtbegin?.o(.ctors)
 *(EXCLUDE_FILE(*crtend.o *crtend?.o) .ctors)
 *(SORT(.ctors.*))
 *(.ctors)
 *crtbegin.o(.dtors)
 *crtbegin?.o(.dtors)
 *(EXCLUDE_FILE(*crtend.o *crtend?.o) .dtors)
 *(SORT(.dtors.*))
 *(.dtors)
 *(.rodata .rodata.*)
 .rodata.Font6x8
                0x0800555c      0x5f0 ./SSD1306/ssd1306_fonts.o
 .rodata.g_xmc_vadc_group_array
                0x08005b4c       0x10 ./Libraries/XMCLib/src/xmc_vadc.o
 .rodata.I2C_MASTER_0_sda_pin_config
                0x08005b5c        0xc ./Dave/Generated/I2C_MASTER/i2c_master_conf.o
 .rodata.I2C_MASTER_0_scl_pin_config
                0x08005b68        0xc ./Dave/Generated/I2C_MASTER/i2c_master_conf.o
 .rodata.I2C_MASTER_0_channel_config
                0x08005b74        0x8 ./Dave/Generated/I2C_MASTER/i2c_master_conf.o
                0x08005b74                I2C_MASTER_0_channel_config
 .rodata.I2C_MASTER_0_config
                0x08005b7c       0x2c ./Dave/Generated/I2C_MASTER/i2c_master_conf.o
                0x08005b7c                I2C_MASTER_0_config
 .rodata.group_init_handle0
                0x08005ba8       0x14 ./Dave/Generated/GLOBAL_ADC/global_adc_conf.o
                0x08005ba8                group_init_handle0
 .rodata.group_init_handle1
                0x08005bbc       0x14 ./Dave/Generated/GLOBAL_ADC/global_adc_conf.o
                0x08005bbc                group_init_handle1
 .rodata.group_init_handle2
                0x08005bd0       0x14 ./Dave/Generated/GLOBAL_ADC/global_adc_conf.o
                0x08005bd0                group_init_handle2
 .rodata.group_init_handle3
                0x08005be4       0x14 ./Dave/Generated/GLOBAL_ADC/global_adc_conf.o
                0x08005be4                group_init_handle3
 .rodata.global_config
                0x08005bf8       0x18 ./Dave/Generated/GLOBAL_ADC/global_adc_conf.o
                0x08005bf8                global_config
 .rodata        0x08005c10       0x14 ./Dave/Generated/CLOCK_XMC4/clock_xmc4_conf.o
 .rodata.ANALOG_IO_0
                0x08005c24       0x10 ./Dave/Generated/ANALOG_IO/analog_io_conf.o
                0x08005c24                ANALOG_IO_0
 .rodata.global_iclass_config
                0x08005c34        0x4 ./Dave/Generated/ADC_MEASUREMENT/adc_measurement_conf.o
                0x08005c34                global_iclass_config
 .rodata.backgnd_rs_intr_handle
                0x08005c38        0xc ./Dave/Generated/ADC_MEASUREMENT/adc_measurement_conf.o
                0x08005c38                backgnd_rs_intr_handle
 .rodata.backgnd_config
                0x08005c44        0xc ./Dave/Generated/ADC_MEASUREMENT/adc_measurement_conf.o
                0x08005c44                backgnd_config
 .rodata        0x08005c50       0x44 ./main.o
 .rodata.str1.1
                0x08005c94        0x2 c:/infineon/tools/dave ide/4.5.0.202105191637/eclipse/arm-gcc-49/bin/../lib/gcc/arm-none-eabi/4.9.3/../../../../arm-none-eabi/lib/armv7e-m/softfp\libg_nano.a(lib_a-impure.o)
 .rodata.str1.1
                0x08005c96       0x11 c:/infineon/tools/dave ide/4.5.0.202105191637/eclipse/arm-gcc-49/bin/../lib/gcc/arm-none-eabi/4.9.3/../../../../arm-none-eabi/lib/armv7e-m/softfp\libg_nano.a(lib_a-nano-svfprintf.o)
 .rodata.str1.1
                0x08005ca7       0x22 c:/infineon/tools/dave ide/4.5.0.202105191637/eclipse/arm-gcc-49/bin/../lib/gcc/arm-none-eabi/4.9.3/../../../../arm-none-eabi/lib/armv7e-m/softfp\libg_nano.a(lib_a-nano-vfprintf_i.o)
 *(.gnu.linkonce.r*)
 *(vtable)
                0x08005ccc                . = ALIGN (0x4)
 *fill*         0x08005cc9        0x3 

.glue_7         0x08005ccc        0x0 load address 0x0c005ccc
 .glue_7        0x00000000        0x0 linker stubs

.glue_7t        0x08005ccc        0x0 load address 0x0c005ccc
 .glue_7t       0x00000000        0x0 linker stubs

.vfp11_veneer   0x08005ccc        0x0 load address 0x0c005ccc
 .vfp11_veneer  0x00000000        0x0 linker stubs

.v4_bx          0x08005ccc        0x0 load address 0x0c005ccc
 .v4_bx         0x00000000        0x0 linker stubs

.iplt           0x08005ccc        0x0 load address 0x0c005ccc
 .iplt          0x00000000        0x0 ./Startup/startup_XMC4500.o

.rel.dyn        0x08005ccc        0x0 load address 0x0c005ccc
 .rel.iplt      0x00000000        0x0 ./Startup/startup_XMC4500.o

.eh_frame_hdr
 *(.eh_frame_hdr)

.eh_frame
 *(.eh_frame)

.ARM.extab
 *(.ARM.extab* .gnu.linkonce.armextab.*)
                0x08005ccc                . = ALIGN (0x4)
                0x08005ccc                __exidx_start = .

.ARM.exidx
 *(.ARM.exidx* .gnu.linkonce.armexidx.*)
                0x08005ccc                __exidx_end = .
                0x08005ccc                . = ALIGN (0x4)

Stack           0x10000000      0x800
                0x10000000                __stack_start = .
                0x10000800                . = (. + stack_size)
 *fill*         0x10000000      0x800 
                0x10000800                __stack_end = .
                0x10000800                __initial_sp = .

.ram_code       0x10000800        0x0 load address 0x0c005ccc
                0x10000800                . = ALIGN (0x4)
                0x10000800                __ram_code_start = .
 *(.ram_code)
                0x10000800                . = ALIGN (0x4)
                0x10000800                __ram_code_end = .
                0x0c005ccc                __ram_code_load = LOADADDR (.ram_code)
                0x00000000                __ram_code_size = (__ram_code_end - __ram_code_start)

PSRAM_DATA      0x10000800        0x0 load address 0x0c005ccc
                0x10000800                . = ALIGN (0x4)
                0x10000800                __data3_start = .
 *(PSRAM_DATA)
                0x10000800                . = ALIGN (0x4)
                0x10000800                __data3_end = .
                0x0c005ccc                __data3_load = LOADADDR (PSRAM_DATA)
                0x00000000                __data3_size = (__data3_end - __data3_start)

PSRAM_BSS       0x10000800        0x0 load address 0x0c005ccc
                0x10000800                . = ALIGN (0x4)
                0x10000800                __bss3_start = .
 *(PSRAM_BSS)
                0x10000800                . = ALIGN (0x4)
                0x10000800                __bss3_end = .
                0x10000800                . = ALIGN (0x8)
                0x10000800                Heap_Bank3_Start = .
                0x00000000                __bss3_size = (__bss3_end - __bss3_start)

.data           0x20000000      0x16c load address 0x0c005ccc
                0x20000000                . = ALIGN (0x4)
                0x20000000                __data_start = .
 *(.data)
 *(.data*)
 .data.Font_6x8
                0x20000000        0x8 ./SSD1306/ssd1306_fonts.o
                0x20000000                Font_6x8
 .data.I2C_MASTER_0_runtime
                0x20000008       0x2c ./Dave/Generated/I2C_MASTER/i2c_master_conf.o
                0x20000008                I2C_MASTER_0_runtime
 .data.I2C_MASTER_0
                0x20000034        0xc ./Dave/Generated/I2C_MASTER/i2c_master_conf.o
                0x20000034                I2C_MASTER_0
 .data.GLOBAL_CCU4_0
                0x20000040       0x10 ./Dave/Generated/GLOBAL_CCU4/global_ccu4_conf.o
                0x20000040                GLOBAL_CCU4_0
 .data.group_0_config
                0x20000050        0xc ./Dave/Generated/GLOBAL_ADC/global_adc_conf.o
                0x20000050                group_0_config
 .data.group_1_config
                0x2000005c        0xc ./Dave/Generated/GLOBAL_ADC/global_adc_conf.o
                0x2000005c                group_1_config
 .data.group_2_config
                0x20000068        0xc ./Dave/Generated/GLOBAL_ADC/global_adc_conf.o
                0x20000068                group_2_config
 .data.group_3_config
                0x20000074        0xc ./Dave/Generated/GLOBAL_ADC/global_adc_conf.o
                0x20000074                group_3_config
 .data.GLOBAL_ADC_0
                0x20000080       0x1c ./Dave/Generated/GLOBAL_ADC/global_adc_conf.o
                0x20000080                GLOBAL_ADC_0
 .data.DAC_0    0x2000009c       0x30 ./Dave/Generated/DAC/dac_conf.o
                0x2000009c                DAC_0
 .data.Channel_A_ch_config
                0x200000cc        0xc ./Dave/Generated/ADC_MEASUREMENT/adc_measurement_conf.o
                0x200000cc                Channel_A_ch_config
 .data.ADC_MEASUREMENT_Channel_A_handle
                0x200000d8       0x10 ./Dave/Generated/ADC_MEASUREMENT/adc_measurement_conf.o
                0x200000d8                ADC_MEASUREMENT_Channel_A_handle
 .data.ADC_MEASUREMENT_channel_array
                0x200000e8        0x4 ./Dave/Generated/ADC_MEASUREMENT/adc_measurement_conf.o
                0x200000e8                ADC_MEASUREMENT_channel_array
 .data.ADC_MEASUREMENT_0
                0x200000ec       0x1c ./Dave/Generated/ADC_MEASUREMENT/adc_measurement_conf.o
                0x200000ec                ADC_MEASUREMENT_0
 .data.impure_data
                0x20000108       0x60 c:/infineon/tools/dave ide/4.5.0.202105191637/eclipse/arm-gcc-49/bin/../lib/gcc/arm-none-eabi/4.9.3/../../../../arm-none-eabi/lib/armv7e-m/softfp\libg_nano.a(lib_a-impure.o)
 .data._impure_ptr
                0x20000168        0x4 c:/infineon/tools/dave ide/4.5.0.202105191637/eclipse/arm-gcc-49/bin/../lib/gcc/arm-none-eabi/4.9.3/../../../../arm-none-eabi/lib/armv7e-m/softfp\libg_nano.a(lib_a-impure.o)
                0x20000168                _impure_ptr
 *(*.data)
 *(.gnu.linkonce.d*)
                0x2000016c                . = ALIGN (0x4)
                0x2000016c                PROVIDE (__preinit_array_start, .)
 *(.preinit_array)
                0x2000016c                PROVIDE (__preinit_array_end, .)
                0x2000016c                . = ALIGN (0x4)
                0x2000016c                PROVIDE (__init_array_start, .)
 *(SORT(.init_array.*))
 *(.init_array)
                0x2000016c                PROVIDE (__init_array_end, .)
                0x2000016c                . = ALIGN (0x4)
                0x2000016c                PROVIDE (__fini_array_start, .)
 *(SORT(.fini_array.*))
 *(.fini_array)
                0x2000016c                PROVIDE (__fini_array_end, .)
                0x2000016c                . = ALIGN (0x4)
                0x2000016c                __data_end = .
                0x0c005ccc                __data_load = LOADADDR (.data)
                0x0000016c                __data_size = (__data_end - __data_start)

.igot.plt       0x2000016c        0x0 load address 0x0c005e38
 .igot.plt      0x00000000        0x0 ./Startup/startup_XMC4500.o

.bss            0x2000016c      0x244 load address 0x0c005e38
                0x2000016c                . = ALIGN (0x4)
                0x2000016c                __bss_start = .
 *(.bss)
 *(.bss*)
 .bss.SSD1306_Buffer
                0x2000016c      0x208 ./SSD1306/ssd1306.o
 .bss.heap_ptr.4331
                0x20000374        0x4 ./Libraries/Newlib/syscalls.o
 .bss.DAC_0_Channel_Config
                0x20000378        0x8 ./Dave/Generated/DAC/dac_conf.o
                0x20000378                DAC_0_Channel_Config
 .bss.CLOCK_XMC4_0
                0x20000380        0x4 ./Dave/Generated/CLOCK_XMC4/clock_xmc4_conf.o
                0x20000380                CLOCK_XMC4_0
 .bss.ANALOG_IO_0_state
                0x20000384        0x1 ./Dave/Generated/ANALOG_IO/analog_io_conf.o
 *fill*         0x20000385        0x3 
 .bss.Channel_A_res_config
                0x20000388        0x4 ./Dave/Generated/ADC_MEASUREMENT/adc_measurement_conf.o
                0x20000388                Channel_A_res_config
 .bss.SysTickCnt
                0x2000038c        0x4 ./main.o
                0x2000038c                SysTickCnt
 .bss.__malloc_sbrk_start
                0x20000390        0x4 c:/infineon/tools/dave ide/4.5.0.202105191637/eclipse/arm-gcc-49/bin/../lib/gcc/arm-none-eabi/4.9.3/../../../../arm-none-eabi/lib/armv7e-m/softfp\libg_nano.a(lib_a-nano-mallocr.o)
                0x20000390                __malloc_sbrk_start
 .bss.__malloc_free_list
                0x20000394        0x4 c:/infineon/tools/dave ide/4.5.0.202105191637/eclipse/arm-gcc-49/bin/../lib/gcc/arm-none-eabi/4.9.3/../../../../arm-none-eabi/lib/armv7e-m/softfp\libg_nano.a(lib_a-nano-mallocr.o)
                0x20000394                __malloc_free_list
 *(COMMON)
 COMMON         0x20000398       0x10 ./SSD1306/ssd1306.o
                0x20000398                SSD1306
 COMMON         0x200003a8        0x2 ./main.o
                0x200003a8                result
 *fill*         0x200003aa        0x2 
 COMMON         0x200003ac        0x4 c:/infineon/tools/dave ide/4.5.0.202105191637/eclipse/arm-gcc-49/bin/../lib/gcc/arm-none-eabi/4.9.3/../../../../arm-none-eabi/lib/armv7e-m/softfp\libg_nano.a(lib_a-reent.o)
                0x200003ac                errno
 *(.gnu.linkonce.b*)
                0x200003b0                . = ALIGN (0x4)
                0x200003b0                __bss_end = .
                0x200003b0                . = ALIGN (0x8)
                0x200003b0                Heap_Bank1_Start = .
                0x00000244                __bss_size = (__bss_end - __bss_start)

.no_init        0x2000ffc0       0x14
                0x2000ffc0                Heap_Bank1_End = .
 *(.no_init)
 .no_init       0x2000ffc0       0x14 ./Startup/system_XMC4500.o
                0x2000ffc0                SystemCoreClock
                0x2000ffc4                g_chipid

DSRAM2_DATA     0x30000000        0x0 load address 0x0c005e38
                0x30000000                . = ALIGN (0x4)
                0x30000000                __data2_start = .
 *(DSRAM2_DATA)
                0x30000000                . = ALIGN (0x4)
                0x30000000                __data2_end = .
                0x0c005e38                __data2_load = LOADADDR (DSRAM2_DATA)
                0x00000000                __data2_size = (__data2_end - __data2_start)
                0x00005e38                __text_size = (((((__exidx_end - sText) + __data_size) + __ram_code_size) + __data2_size) + __data3_size)
                0x08005e38                eText = (sText + __text_size)

DSRAM2_BSS      0x30000000        0x0 load address 0x0c005e38
                0x30000000                . = ALIGN (0x4)
                0x30000000                __bss2_start = .
 *(ETH_RAM)
 *(USB_RAM)
 *(DSRAM2_BSS)
                0x30000000                . = ALIGN (0x4)
                0x30000000                __bss2_end = .
                0x30000000                . = ALIGN (0x8)
                0x30000000                Heap_Bank2_Start = .
                0x00000000                __bss2_size = (__bss2_end - __bss2_start)
                0x0000fc10                Heap_Bank1_Size = (Heap_Bank1_End - Heap_Bank1_Start)
                0x00008000                Heap_Bank2_Size = (0x8000 - (Heap_Bank2_Start - ORIGIN (DSRAM_2_comm)))
                0x0000f800                Heap_Bank3_Size = (0x10000 - (Heap_Bank3_Start - ORIGIN (PSRAM_1)))
                0x00000001                ASSERT ((Heap_Bank1_Start <= Heap_Bank1_End), region SRAM_combined overflowed no_init section)

/DISCARD/
 *(.comment)

.stab
 *(.stab)

.stabstr
 *(.stabstr)

.debug
 *(.debug)

.line
 *(.line)

.debug_srcinfo
 *(.debug_srcinfo)

.debug_sfnames
 *(.debug_sfnames)

.debug_aranges  0x00000000     0x1110
 *(.debug_aranges)
 .debug_aranges
                0x00000000       0x20 ./Startup/startup_XMC4500.o
 .debug_aranges
                0x00000020       0x48 ./Startup/system_XMC4500.o
 .debug_aranges
                0x00000068       0xe0 ./SSD1306/ssd1306.o
 .debug_aranges
                0x00000148       0x18 ./SSD1306/ssd1306_fonts.o
 .debug_aranges
                0x00000160       0x28 ./Libraries/XMCLib/src/xmc4_gpio.o
 .debug_aranges
                0x00000188      0x3c8 ./Libraries/XMCLib/src/xmc4_scu.o
 .debug_aranges
                0x00000550      0x128 ./Libraries/XMCLib/src/xmc_ccu4.o
 .debug_aranges
                0x00000678       0xb0 ./Libraries/XMCLib/src/xmc_dac.o
 .debug_aranges
                0x00000728       0x28 ./Libraries/XMCLib/src/xmc_gpio.o
 .debug_aranges
                0x00000750       0xb0 ./Libraries/XMCLib/src/xmc_i2c.o
 .debug_aranges
                0x00000800       0xb8 ./Libraries/XMCLib/src/xmc_usic.o
 .debug_aranges
                0x000008b8      0x278 ./Libraries/XMCLib/src/xmc_vadc.o
 .debug_aranges
                0x00000b30       0x28 ./Libraries/Newlib/syscalls.o
 .debug_aranges
                0x00000b58      0x1b0 ./Dave/Generated/I2C_MASTER/i2c_master.o
 .debug_aranges
                0x00000d08       0x90 ./Dave/Generated/I2C_MASTER/i2c_master_conf.o
 .debug_aranges
                0x00000d98       0x30 ./Dave/Generated/GLOBAL_CCU4/global_ccu4.o
 .debug_aranges
                0x00000dc8       0x18 ./Dave/Generated/GLOBAL_CCU4/global_ccu4_conf.o
 .debug_aranges
                0x00000de0       0x30 ./Dave/Generated/GLOBAL_ADC/global_adc.o
 .debug_aranges
                0x00000e10       0x18 ./Dave/Generated/GLOBAL_ADC/global_adc_conf.o
 .debug_aranges
                0x00000e28       0xf8 ./Dave/Generated/DAC/dac.o
 .debug_aranges
                0x00000f20       0x18 ./Dave/Generated/DAC/dac_conf.o
 .debug_aranges
                0x00000f38       0x28 ./Dave/Generated/CPU_CTRL_XMC4/cpu_ctrl_xmc4_conf.o
 .debug_aranges
                0x00000f60       0x38 ./Dave/Generated/CLOCK_XMC4/clock_xmc4.o
 .debug_aranges
                0x00000f98       0x20 ./Dave/Generated/CLOCK_XMC4/clock_xmc4_conf.o
 .debug_aranges
                0x00000fb8       0x28 ./Dave/Generated/ANALOG_IO/analog_io.o
 .debug_aranges
                0x00000fe0       0x18 ./Dave/Generated/ANALOG_IO/analog_io_conf.o
 .debug_aranges
                0x00000ff8       0x88 ./Dave/Generated/ADC_MEASUREMENT/adc_measurement.o
 .debug_aranges
                0x00001080       0x18 ./Dave/Generated/ADC_MEASUREMENT/adc_measurement_conf.o
 .debug_aranges
                0x00001098       0x20 ./Dave/Generated/DAVE.o
 .debug_aranges
                0x000010b8       0x58 ./main.o

.debug_pubnames
 *(.debug_pubnames)

.debug_pubtypes
 *(.debug_pubtypes)

.debug_info     0x00000000    0x1c144
 *(.debug_info .gnu.linkonce.wi.*)
 .debug_info    0x00000000       0x8d ./Startup/startup_XMC4500.o
 .debug_info    0x0000008d      0x970 ./Startup/system_XMC4500.o
 .debug_info    0x000009fd      0xf44 ./SSD1306/ssd1306.o
 .debug_info    0x00001941      0x1ce ./SSD1306/ssd1306_fonts.o
 .debug_info    0x00001b0f      0x4dd ./Libraries/XMCLib/src/xmc4_gpio.o
 .debug_info    0x00001fec     0x217b ./Libraries/XMCLib/src/xmc4_scu.o
 .debug_info    0x00004167     0x1671 ./Libraries/XMCLib/src/xmc_ccu4.o
 .debug_info    0x000057d8      0xb7f ./Libraries/XMCLib/src/xmc_dac.o
 .debug_info    0x00006357      0x458 ./Libraries/XMCLib/src/xmc_gpio.o
 .debug_info    0x000067af      0xba3 ./Libraries/XMCLib/src/xmc_i2c.o
 .debug_info    0x00007352      0xead ./Libraries/XMCLib/src/xmc_usic.o
 .debug_info    0x000081ff     0x2eab ./Libraries/XMCLib/src/xmc_vadc.o
 .debug_info    0x0000b0aa      0x11f ./Libraries/Newlib/syscalls.o
 .debug_info    0x0000b1c9     0x1bea ./Dave/Generated/I2C_MASTER/i2c_master.o
 .debug_info    0x0000cdb3     0x1467 ./Dave/Generated/I2C_MASTER/i2c_master_conf.o
 .debug_info    0x0000e21a      0x472 ./Dave/Generated/GLOBAL_CCU4/global_ccu4.o
 .debug_info    0x0000e68c      0x372 ./Dave/Generated/GLOBAL_CCU4/global_ccu4_conf.o
 .debug_info    0x0000e9fe     0x1067 ./Dave/Generated/GLOBAL_ADC/global_adc.o
 .debug_info    0x0000fa65     0x106a ./Dave/Generated/GLOBAL_ADC/global_adc_conf.o
 .debug_info    0x00010acf     0x12a6 ./Dave/Generated/DAC/dac.o
 .debug_info    0x00011d75      0x8b7 ./Dave/Generated/DAC/dac_conf.o
 .debug_info    0x0001262c      0x52e ./Dave/Generated/CPU_CTRL_XMC4/cpu_ctrl_xmc4_conf.o
 .debug_info    0x00012b5a      0x2dd ./Dave/Generated/CLOCK_XMC4/clock_xmc4.o
 .debug_info    0x00012e37      0x43e ./Dave/Generated/CLOCK_XMC4/clock_xmc4_conf.o
 .debug_info    0x00013275      0x447 ./Dave/Generated/ANALOG_IO/analog_io.o
 .debug_info    0x000136bc      0x393 ./Dave/Generated/ANALOG_IO/analog_io_conf.o
 .debug_info    0x00013a4f     0x1eb6 ./Dave/Generated/ADC_MEASUREMENT/adc_measurement.o
 .debug_info    0x00015905     0x1842 ./Dave/Generated/ADC_MEASUREMENT/adc_measurement_conf.o
 .debug_info    0x00017147     0x25b4 ./Dave/Generated/DAVE.o
 .debug_info    0x000196fb     0x2a49 ./main.o

.debug_abbrev   0x00000000     0x375d
 *(.debug_abbrev)
 .debug_abbrev  0x00000000       0x14 ./Startup/startup_XMC4500.o
 .debug_abbrev  0x00000014      0x1f1 ./Startup/system_XMC4500.o
 .debug_abbrev  0x00000205      0x31f ./SSD1306/ssd1306.o
 .debug_abbrev  0x00000524       0xa0 ./SSD1306/ssd1306_fonts.o
 .debug_abbrev  0x000005c4      0x144 ./Libraries/XMCLib/src/xmc4_gpio.o
 .debug_abbrev  0x00000708      0x2a3 ./Libraries/XMCLib/src/xmc4_scu.o
 .debug_abbrev  0x000009ab      0x232 ./Libraries/XMCLib/src/xmc_ccu4.o
 .debug_abbrev  0x00000bdd      0x245 ./Libraries/XMCLib/src/xmc_dac.o
 .debug_abbrev  0x00000e22      0x144 ./Libraries/XMCLib/src/xmc_gpio.o
 .debug_abbrev  0x00000f66      0x2af ./Libraries/XMCLib/src/xmc_i2c.o
 .debug_abbrev  0x00001215      0x24c ./Libraries/XMCLib/src/xmc_usic.o
 .debug_abbrev  0x00001461      0x282 ./Libraries/XMCLib/src/xmc_vadc.o
 .debug_abbrev  0x000016e3       0xbd ./Libraries/Newlib/syscalls.o
 .debug_abbrev  0x000017a0      0x2fc ./Dave/Generated/I2C_MASTER/i2c_master.o
 .debug_abbrev  0x00001a9c      0x286 ./Dave/Generated/I2C_MASTER/i2c_master_conf.o
 .debug_abbrev  0x00001d22      0x196 ./Dave/Generated/GLOBAL_CCU4/global_ccu4.o
 .debug_abbrev  0x00001eb8      0x124 ./Dave/Generated/GLOBAL_CCU4/global_ccu4_conf.o
 .debug_abbrev  0x00001fdc      0x20d ./Dave/Generated/GLOBAL_ADC/global_adc.o
 .debug_abbrev  0x000021e9      0x1ac ./Dave/Generated/GLOBAL_ADC/global_adc_conf.o
 .debug_abbrev  0x00002395      0x282 ./Dave/Generated/DAC/dac.o
 .debug_abbrev  0x00002617      0x188 ./Dave/Generated/DAC/dac_conf.o
 .debug_abbrev  0x0000279f      0x1b4 ./Dave/Generated/CPU_CTRL_XMC4/cpu_ctrl_xmc4_conf.o
 .debug_abbrev  0x00002953      0x13d ./Dave/Generated/CLOCK_XMC4/clock_xmc4.o
 .debug_abbrev  0x00002a90      0x134 ./Dave/Generated/CLOCK_XMC4/clock_xmc4_conf.o
 .debug_abbrev  0x00002bc4      0x178 ./Dave/Generated/ANALOG_IO/analog_io.o
 .debug_abbrev  0x00002d3c      0x13c ./Dave/Generated/ANALOG_IO/analog_io_conf.o
 .debug_abbrev  0x00002e78      0x294 ./Dave/Generated/ADC_MEASUREMENT/adc_measurement.o
 .debug_abbrev  0x0000310c      0x1a2 ./Dave/Generated/ADC_MEASUREMENT/adc_measurement_conf.o
 .debug_abbrev  0x000032ae      0x1de ./Dave/Generated/DAVE.o
 .debug_abbrev  0x0000348c      0x2d1 ./main.o

.debug_line     0x00000000     0x8079
 *(.debug_line)
 .debug_line    0x00000000       0x88 ./Startup/startup_XMC4500.o
 .debug_line    0x00000088      0x324 ./Startup/system_XMC4500.o
 .debug_line    0x000003ac      0x67c ./SSD1306/ssd1306.o
 .debug_line    0x00000a28      0x124 ./SSD1306/ssd1306_fonts.o
 .debug_line    0x00000b4c      0x23f ./Libraries/XMCLib/src/xmc4_gpio.o
 .debug_line    0x00000d8b      0xe05 ./Libraries/XMCLib/src/xmc4_scu.o
 .debug_line    0x00001b90      0x61c ./Libraries/XMCLib/src/xmc_ccu4.o
 .debug_line    0x000021ac      0x452 ./Libraries/XMCLib/src/xmc_dac.o
 .debug_line    0x000025fe      0x22c ./Libraries/XMCLib/src/xmc_gpio.o
 .debug_line    0x0000282a      0x3fb ./Libraries/XMCLib/src/xmc_i2c.o
 .debug_line    0x00002c25      0x54d ./Libraries/XMCLib/src/xmc_usic.o
 .debug_line    0x00003172      0xb04 ./Libraries/XMCLib/src/xmc_vadc.o
 .debug_line    0x00003c76       0xd0 ./Libraries/Newlib/syscalls.o
 .debug_line    0x00003d46      0x91c ./Dave/Generated/I2C_MASTER/i2c_master.o
 .debug_line    0x00004662      0x41f ./Dave/Generated/I2C_MASTER/i2c_master_conf.o
 .debug_line    0x00004a81      0x354 ./Dave/Generated/GLOBAL_CCU4/global_ccu4.o
 .debug_line    0x00004dd5      0x2b5 ./Dave/Generated/GLOBAL_CCU4/global_ccu4_conf.o
 .debug_line    0x0000508a      0x360 ./Dave/Generated/GLOBAL_ADC/global_adc.o
 .debug_line    0x000053ea      0x2a4 ./Dave/Generated/GLOBAL_ADC/global_adc_conf.o
 .debug_line    0x0000568e      0x6c9 ./Dave/Generated/DAC/dac.o
 .debug_line    0x00005d57      0x31d ./Dave/Generated/DAC/dac_conf.o
 .debug_line    0x00006074      0x299 ./Dave/Generated/CPU_CTRL_XMC4/cpu_ctrl_xmc4_conf.o
 .debug_line    0x0000630d      0x2dd ./Dave/Generated/CLOCK_XMC4/clock_xmc4.o
 .debug_line    0x000065ea      0x2b4 ./Dave/Generated/CLOCK_XMC4/clock_xmc4_conf.o
 .debug_line    0x0000689e      0x298 ./Dave/Generated/ANALOG_IO/analog_io.o
 .debug_line    0x00006b36      0x20f ./Dave/Generated/ANALOG_IO/analog_io_conf.o
 .debug_line    0x00006d45      0x51c ./Dave/Generated/ADC_MEASUREMENT/adc_measurement.o
 .debug_line    0x00007261      0x336 ./Dave/Generated/ADC_MEASUREMENT/adc_measurement_conf.o
 .debug_line    0x00007597      0x4a0 ./Dave/Generated/DAVE.o
 .debug_line    0x00007a37      0x642 ./main.o

.debug_frame    0x00000000     0x4af0
 *(.debug_frame)
 .debug_frame   0x00000000       0xec ./Startup/system_XMC4500.o
 .debug_frame   0x000000ec      0x40c ./SSD1306/ssd1306.o
 .debug_frame   0x000004f8       0x60 ./Libraries/XMCLib/src/xmc4_gpio.o
 .debug_frame   0x00000558     0x11c0 ./Libraries/XMCLib/src/xmc4_scu.o
 .debug_frame   0x00001718      0x560 ./Libraries/XMCLib/src/xmc_ccu4.o
 .debug_frame   0x00001c78      0x308 ./Libraries/XMCLib/src/xmc_dac.o
 .debug_frame   0x00001f80       0x60 ./Libraries/XMCLib/src/xmc_gpio.o
 .debug_frame   0x00001fe0      0x308 ./Libraries/XMCLib/src/xmc_i2c.o
 .debug_frame   0x000022e8      0x330 ./Libraries/XMCLib/src/xmc_usic.o
 .debug_frame   0x00002618      0xbd8 ./Libraries/XMCLib/src/xmc_vadc.o
 .debug_frame   0x000031f0       0x5c ./Libraries/Newlib/syscalls.o
 .debug_frame   0x0000324c      0x80c ./Dave/Generated/I2C_MASTER/i2c_master.o
 .debug_frame   0x00003a58      0x234 ./Dave/Generated/I2C_MASTER/i2c_master_conf.o
 .debug_frame   0x00003c8c       0x88 ./Dave/Generated/GLOBAL_CCU4/global_ccu4.o
 .debug_frame   0x00003d14       0x88 ./Dave/Generated/GLOBAL_ADC/global_adc.o
 .debug_frame   0x00003d9c      0x478 ./Dave/Generated/DAC/dac.o
 .debug_frame   0x00004214       0x60 ./Dave/Generated/CPU_CTRL_XMC4/cpu_ctrl_xmc4_conf.o
 .debug_frame   0x00004274       0xac ./Dave/Generated/CLOCK_XMC4/clock_xmc4.o
 .debug_frame   0x00004320       0x3c ./Dave/Generated/CLOCK_XMC4/clock_xmc4_conf.o
 .debug_frame   0x0000435c       0x60 ./Dave/Generated/ANALOG_IO/analog_io.o
 .debug_frame   0x000043bc      0x240 ./Dave/Generated/ADC_MEASUREMENT/adc_measurement.o
 .debug_frame   0x000045fc       0x38 ./Dave/Generated/DAVE.o
 .debug_frame   0x00004634      0x138 ./main.o
 .debug_frame   0x0000476c       0x30 c:/infineon/tools/dave ide/4.5.0.202105191637/eclipse/arm-gcc-49/bin/../lib/gcc/arm-none-eabi/4.9.3/../../../../arm-none-eabi/lib/armv7e-m/softfp\libm.a(lib_a-s_trunc.o)
 .debug_frame   0x0000479c       0x20 c:/infineon/tools/dave ide/4.5.0.202105191637/eclipse/arm-gcc-49/bin/../lib/gcc/arm-none-eabi/4.9.3/../../../../arm-none-eabi/lib/armv7e-m/softfp\libg_nano.a(lib_a-errno.o)
 .debug_frame   0x000047bc       0x2c c:/infineon/tools/dave ide/4.5.0.202105191637/eclipse/arm-gcc-49/bin/../lib/gcc/arm-none-eabi/4.9.3/../../../../arm-none-eabi/lib/armv7e-m/softfp\libg_nano.a(lib_a-init.o)
 .debug_frame   0x000047e8       0x28 c:/infineon/tools/dave ide/4.5.0.202105191637/eclipse/arm-gcc-49/bin/../lib/gcc/arm-none-eabi/4.9.3/../../../../arm-none-eabi/lib/armv7e-m/softfp\libg_nano.a(lib_a-memcpy.o)
 .debug_frame   0x00004810       0x70 c:/infineon/tools/dave ide/4.5.0.202105191637/eclipse/arm-gcc-49/bin/../lib/gcc/arm-none-eabi/4.9.3/../../../../arm-none-eabi/lib/armv7e-m/softfp\libg_nano.a(lib_a-sprintf.o)
 .debug_frame   0x00004880       0x8c c:/infineon/tools/dave ide/4.5.0.202105191637/eclipse/arm-gcc-49/bin/../lib/gcc/arm-none-eabi/4.9.3/../../../../arm-none-eabi/lib/armv7e-m/softfp\libg_nano.a(lib_a-nano-svfprintf.o)
 .debug_frame   0x0000490c       0x58 c:/infineon/tools/dave ide/4.5.0.202105191637/eclipse/arm-gcc-49/bin/../lib/gcc/arm-none-eabi/4.9.3/../../../../arm-none-eabi/lib/armv7e-m/softfp\libg_nano.a(lib_a-nano-vfprintf_i.o)
 .debug_frame   0x00004964       0x28 c:/infineon/tools/dave ide/4.5.0.202105191637/eclipse/arm-gcc-49/bin/../lib/gcc/arm-none-eabi/4.9.3/../../../../arm-none-eabi/lib/armv7e-m/softfp\libg_nano.a(lib_a-memchr.o)
 .debug_frame   0x0000498c       0x28 c:/infineon/tools/dave ide/4.5.0.202105191637/eclipse/arm-gcc-49/bin/../lib/gcc/arm-none-eabi/4.9.3/../../../../arm-none-eabi/lib/armv7e-m/softfp\libg_nano.a(lib_a-memmove.o)
 .debug_frame   0x000049b4       0x2c c:/infineon/tools/dave ide/4.5.0.202105191637/eclipse/arm-gcc-49/bin/../lib/gcc/arm-none-eabi/4.9.3/../../../../arm-none-eabi/lib/armv7e-m/softfp\libg_nano.a(lib_a-nano-freer.o)
 .debug_frame   0x000049e0       0x2c c:/infineon/tools/dave ide/4.5.0.202105191637/eclipse/arm-gcc-49/bin/../lib/gcc/arm-none-eabi/4.9.3/../../../../arm-none-eabi/lib/armv7e-m/softfp\libg_nano.a(lib_a-nano-mallocr.o)
 .debug_frame   0x00004a0c       0x3c c:/infineon/tools/dave ide/4.5.0.202105191637/eclipse/arm-gcc-49/bin/../lib/gcc/arm-none-eabi/4.9.3/../../../../arm-none-eabi/lib/armv7e-m/softfp\libg_nano.a(lib_a-nano-reallocr.o)
 .debug_frame   0x00004a48       0x2c c:/infineon/tools/dave ide/4.5.0.202105191637/eclipse/arm-gcc-49/bin/../lib/gcc/arm-none-eabi/4.9.3/../../../../arm-none-eabi/lib/armv7e-m/softfp\libg_nano.a(lib_a-sbrkr.o)
 .debug_frame   0x00004a74       0x20 c:/infineon/tools/dave ide/4.5.0.202105191637/eclipse/arm-gcc-49/bin/../lib/gcc/arm-none-eabi/4.9.3/../../../../arm-none-eabi/lib/armv7e-m/softfp\libg_nano.a(lib_a-nano-msizer.o)
 .debug_frame   0x00004a94       0x5c c:/infineon/tools/dave ide/4.5.0.202105191637/eclipse/arm-gcc-49/bin/../lib/gcc/arm-none-eabi/4.9.3/../../../../arm-none-eabi/lib/armv7e-m/softfp\libg_nano.a(lib_a-reent.o)

.debug_str      0x00000000     0xb27b
 *(.debug_str)
 .debug_str     0x00000000      0x577 ./Startup/system_XMC4500.o
                                0x5f7 (size before relaxing)
 .debug_str     0x00000577      0xbc0 ./SSD1306/ssd1306.o
                                0xe9e (size before relaxing)
 .debug_str     0x00001137       0x69 ./SSD1306/ssd1306_fonts.o
                                0x25f (size before relaxing)
 .debug_str     0x000011a0      0x53f ./Libraries/XMCLib/src/xmc4_gpio.o
                                0x7ec (size before relaxing)
 .debug_str     0x000016df     0x1f62 ./Libraries/XMCLib/src/xmc4_scu.o
                               0x24ae (size before relaxing)
 .debug_str     0x00003641     0x14e4 ./Libraries/XMCLib/src/xmc_ccu4.o
                               0x1b80 (size before relaxing)
 .debug_str     0x00004b25      0x5ce ./Libraries/XMCLib/src/xmc_dac.o
                                0xbf9 (size before relaxing)
 .debug_str     0x000050f3       0xca ./Libraries/XMCLib/src/xmc_gpio.o
                                0x69a (size before relaxing)
 .debug_str     0x000051bd      0x5fb ./Libraries/XMCLib/src/xmc_i2c.o
                                0xd53 (size before relaxing)
 .debug_str     0x000057b8      0x9e1 ./Libraries/XMCLib/src/xmc_usic.o
                               0x12a8 (size before relaxing)
 .debug_str     0x00006199     0x2083 ./Libraries/XMCLib/src/xmc_vadc.o
                               0x2735 (size before relaxing)
 .debug_str     0x0000821c       0x6f ./Libraries/Newlib/syscalls.o
                                0x228 (size before relaxing)
 .debug_str     0x0000828b     0x1364 ./Dave/Generated/I2C_MASTER/i2c_master.o
                               0x1e42 (size before relaxing)
 .debug_str     0x000095ef      0x22c ./Dave/Generated/I2C_MASTER/i2c_master_conf.o
                               0x19dd (size before relaxing)
 .debug_str     0x0000981b      0x1cb ./Dave/Generated/GLOBAL_CCU4/global_ccu4.o
                                0x5f9 (size before relaxing)
 .debug_str     0x000099e6       0x3f ./Dave/Generated/GLOBAL_CCU4/global_ccu4_conf.o
                                0x50d (size before relaxing)
 .debug_str     0x00009a25      0x1bd ./Dave/Generated/GLOBAL_ADC/global_adc.o
                                0xa9b (size before relaxing)
 .debug_str     0x00009be2      0x21d ./Dave/Generated/GLOBAL_ADC/global_adc_conf.o
                                0xb9a (size before relaxing)
 .debug_str     0x00009dff      0x826 ./Dave/Generated/DAC/dac.o
                               0x1016 (size before relaxing)
 .debug_str     0x0000a625      0x166 ./Dave/Generated/DAC/dac_conf.o
                                0xb12 (size before relaxing)
 .debug_str     0x0000a78b       0x88 ./Dave/Generated/CPU_CTRL_XMC4/cpu_ctrl_xmc4_conf.o
                                0x42c (size before relaxing)
 .debug_str     0x0000a813       0xf3 ./Dave/Generated/CLOCK_XMC4/clock_xmc4.o
                                0x3dd (size before relaxing)
 .debug_str     0x0000a906       0x50 ./Dave/Generated/CLOCK_XMC4/clock_xmc4_conf.o
                                0x7bd (size before relaxing)
 .debug_str     0x0000a956       0xa0 ./Dave/Generated/ANALOG_IO/analog_io.o
                                0x457 (size before relaxing)
 .debug_str     0x0000a9f6       0x3f ./Dave/Generated/ANALOG_IO/analog_io_conf.o
                                0x3bd (size before relaxing)
 .debug_str     0x0000aa35      0x3df ./Dave/Generated/ADC_MEASUREMENT/adc_measurement.o
                               0x18ac (size before relaxing)
 .debug_str     0x0000ae14      0x2c8 ./Dave/Generated/ADC_MEASUREMENT/adc_measurement_conf.o
                               0x181b (size before relaxing)
 .debug_str     0x0000b0dc       0x65 ./Dave/Generated/DAVE.o
                               0x21e6 (size before relaxing)
 .debug_str     0x0000b141      0x13a ./main.o
                               0x2510 (size before relaxing)

.debug_loc      0x00000000     0x9579
 *(.debug_loc)
 .debug_loc     0x00000000      0x1a4 ./Startup/system_XMC4500.o
 .debug_loc     0x000001a4      0x818 ./SSD1306/ssd1306.o
 .debug_loc     0x000009bc       0xb8 ./Libraries/XMCLib/src/xmc4_gpio.o
 .debug_loc     0x00000a74     0x2504 ./Libraries/XMCLib/src/xmc4_scu.o
 .debug_loc     0x00002f78      0xbf0 ./Libraries/XMCLib/src/xmc_ccu4.o
 .debug_loc     0x00003b68      0x650 ./Libraries/XMCLib/src/xmc_dac.o
 .debug_loc     0x000041b8       0xb8 ./Libraries/XMCLib/src/xmc_gpio.o
 .debug_loc     0x00004270      0x650 ./Libraries/XMCLib/src/xmc_i2c.o
 .debug_loc     0x000048c0      0x6c6 ./Libraries/XMCLib/src/xmc_usic.o
 .debug_loc     0x00004f86     0x1a6c ./Libraries/XMCLib/src/xmc_vadc.o
 .debug_loc     0x000069f2       0x94 ./Libraries/Newlib/syscalls.o
 .debug_loc     0x00006a86     0x10c8 ./Dave/Generated/I2C_MASTER/i2c_master.o
 .debug_loc     0x00007b4e      0x468 ./Dave/Generated/I2C_MASTER/i2c_master_conf.o
 .debug_loc     0x00007fb6      0x108 ./Dave/Generated/GLOBAL_CCU4/global_ccu4.o
 .debug_loc     0x000080be      0x108 ./Dave/Generated/GLOBAL_ADC/global_adc.o
 .debug_loc     0x000081c6      0x95c ./Dave/Generated/DAC/dac.o
 .debug_loc     0x00008b22       0xac ./Dave/Generated/CPU_CTRL_XMC4/cpu_ctrl_xmc4_conf.o
 .debug_loc     0x00008bce      0x14c ./Dave/Generated/CLOCK_XMC4/clock_xmc4.o
 .debug_loc     0x00008d1a       0x50 ./Dave/Generated/CLOCK_XMC4/clock_xmc4_conf.o
 .debug_loc     0x00008d6a       0xac ./Dave/Generated/ANALOG_IO/analog_io.o
 .debug_loc     0x00008e16      0x4c0 ./Dave/Generated/ADC_MEASUREMENT/adc_measurement.o
 .debug_loc     0x000092d6       0x50 ./Dave/Generated/DAVE.o
 .debug_loc     0x00009326      0x253 ./main.o

.debug_macinfo
 *(.debug_macinfo)

.debug_ranges   0x00000000      0xef0
 *(.debug_ranges)
 .debug_ranges  0x00000000       0x38 ./Startup/system_XMC4500.o
 .debug_ranges  0x00000038       0xd0 ./SSD1306/ssd1306.o
 .debug_ranges  0x00000108       0x18 ./Libraries/XMCLib/src/xmc4_gpio.o
 .debug_ranges  0x00000120      0x3b8 ./Libraries/XMCLib/src/xmc4_scu.o
 .debug_ranges  0x000004d8      0x118 ./Libraries/XMCLib/src/xmc_ccu4.o
 .debug_ranges  0x000005f0       0xa0 ./Libraries/XMCLib/src/xmc_dac.o
 .debug_ranges  0x00000690       0x18 ./Libraries/XMCLib/src/xmc_gpio.o
 .debug_ranges  0x000006a8       0xa0 ./Libraries/XMCLib/src/xmc_i2c.o
 .debug_ranges  0x00000748       0xa8 ./Libraries/XMCLib/src/xmc_usic.o
 .debug_ranges  0x000007f0      0x268 ./Libraries/XMCLib/src/xmc_vadc.o
 .debug_ranges  0x00000a58       0x18 ./Libraries/Newlib/syscalls.o
 .debug_ranges  0x00000a70      0x1a0 ./Dave/Generated/I2C_MASTER/i2c_master.o
 .debug_ranges  0x00000c10       0x80 ./Dave/Generated/I2C_MASTER/i2c_master_conf.o
 .debug_ranges  0x00000c90       0x20 ./Dave/Generated/GLOBAL_CCU4/global_ccu4.o
 .debug_ranges  0x00000cb0       0x20 ./Dave/Generated/GLOBAL_ADC/global_adc.o
 .debug_ranges  0x00000cd0       0xe8 ./Dave/Generated/DAC/dac.o
 .debug_ranges  0x00000db8       0x18 ./Dave/Generated/CPU_CTRL_XMC4/cpu_ctrl_xmc4_conf.o
 .debug_ranges  0x00000dd0       0x28 ./Dave/Generated/CLOCK_XMC4/clock_xmc4.o
 .debug_ranges  0x00000df8       0x10 ./Dave/Generated/CLOCK_XMC4/clock_xmc4_conf.o
 .debug_ranges  0x00000e08       0x18 ./Dave/Generated/ANALOG_IO/analog_io.o
 .debug_ranges  0x00000e20       0x78 ./Dave/Generated/ADC_MEASUREMENT/adc_measurement.o
 .debug_ranges  0x00000e98       0x10 ./Dave/Generated/DAVE.o
 .debug_ranges  0x00000ea8       0x48 ./main.o

.debug_weaknames
 *(.debug_weaknames)

.debug_funcnames
 *(.debug_funcnames)

.debug_typenames
 *(.debug_typenames)

.debug_varnames
 *(.debug_varnames)

.build_attributes
                0x00000000      0xa2a
 *(.ARM.attributes)
 .ARM.attributes
                0x00000000       0x25 ./Startup/startup_XMC4500.o
 .ARM.attributes
                0x00000025       0x37 ./Startup/system_XMC4500.o
 .ARM.attributes
                0x0000005c       0x37 ./SSD1306/ssd1306.o
 .ARM.attributes
                0x00000093       0x37 ./SSD1306/ssd1306_fonts.o
 .ARM.attributes
                0x000000ca       0x37 ./Libraries/XMCLib/src/xmc4_gpio.o
 .ARM.attributes
                0x00000101       0x37 ./Libraries/XMCLib/src/xmc4_scu.o
 .ARM.attributes
                0x00000138       0x37 ./Libraries/XMCLib/src/xmc_ccu4.o
 .ARM.attributes
                0x0000016f       0x37 ./Libraries/XMCLib/src/xmc_dac.o
 .ARM.attributes
                0x000001a6       0x37 ./Libraries/XMCLib/src/xmc_gpio.o
 .ARM.attributes
                0x000001dd       0x37 ./Libraries/XMCLib/src/xmc_i2c.o
 .ARM.attributes
                0x00000214       0x37 ./Libraries/XMCLib/src/xmc_usic.o
 .ARM.attributes
                0x0000024b       0x37 ./Libraries/XMCLib/src/xmc_vadc.o
 .ARM.attributes
                0x00000282       0x37 ./Libraries/Newlib/syscalls.o
 .ARM.attributes
                0x000002b9       0x37 ./Dave/Generated/I2C_MASTER/i2c_master.o
 .ARM.attributes
                0x000002f0       0x37 ./Dave/Generated/I2C_MASTER/i2c_master_conf.o
 .ARM.attributes
                0x00000327       0x37 ./Dave/Generated/GLOBAL_CCU4/global_ccu4.o
 .ARM.attributes
                0x0000035e       0x37 ./Dave/Generated/GLOBAL_CCU4/global_ccu4_conf.o
 .ARM.attributes
                0x00000395       0x37 ./Dave/Generated/GLOBAL_ADC/global_adc.o
 .ARM.attributes
                0x000003cc       0x37 ./Dave/Generated/GLOBAL_ADC/global_adc_conf.o
 .ARM.attributes
                0x00000403       0x37 ./Dave/Generated/DAC/dac.o
 .ARM.attributes
                0x0000043a       0x37 ./Dave/Generated/DAC/dac_conf.o
 .ARM.attributes
                0x00000471       0x37 ./Dave/Generated/CPU_CTRL_XMC4/cpu_ctrl_xmc4_conf.o
 .ARM.attributes
                0x000004a8       0x37 ./Dave/Generated/CLOCK_XMC4/clock_xmc4.o
 .ARM.attributes
                0x000004df       0x37 ./Dave/Generated/CLOCK_XMC4/clock_xmc4_conf.o
 .ARM.attributes
                0x00000516       0x37 ./Dave/Generated/ANALOG_IO/analog_io.o
 .ARM.attributes
                0x0000054d       0x37 ./Dave/Generated/ANALOG_IO/analog_io_conf.o
 .ARM.attributes
                0x00000584       0x37 ./Dave/Generated/ADC_MEASUREMENT/adc_measurement.o
 .ARM.attributes
                0x000005bb       0x37 ./Dave/Generated/ADC_MEASUREMENT/adc_measurement_conf.o
 .ARM.attributes
                0x000005f2       0x37 ./Dave/Generated/DAVE.o
 .ARM.attributes
                0x00000629       0x37 ./main.o
 .ARM.attributes
                0x00000660       0x32 c:/infineon/tools/dave ide/4.5.0.202105191637/eclipse/arm-gcc-49/bin/../lib/gcc/arm-none-eabi/4.9.3/../../../../arm-none-eabi/lib/armv7e-m/softfp\libm.a(lib_a-s_trunc.o)
 .ARM.attributes
                0x00000692       0x22 c:/infineon/tools/dave ide/4.5.0.202105191637/eclipse/arm-gcc-49/bin/../lib/gcc/arm-none-eabi/4.9.3/armv7e-m/softfp\libgcc.a(_arm_addsubdf3.o)
 .ARM.attributes
                0x000006b4       0x22 c:/infineon/tools/dave ide/4.5.0.202105191637/eclipse/arm-gcc-49/bin/../lib/gcc/arm-none-eabi/4.9.3/armv7e-m/softfp\libgcc.a(_arm_muldivdf3.o)
 .ARM.attributes
                0x000006d6       0x22 c:/infineon/tools/dave ide/4.5.0.202105191637/eclipse/arm-gcc-49/bin/../lib/gcc/arm-none-eabi/4.9.3/armv7e-m/softfp\libgcc.a(_arm_cmpdf2.o)
 .ARM.attributes
                0x000006f8       0x22 c:/infineon/tools/dave ide/4.5.0.202105191637/eclipse/arm-gcc-49/bin/../lib/gcc/arm-none-eabi/4.9.3/armv7e-m/softfp\libgcc.a(_arm_fixdfsi.o)
 .ARM.attributes
                0x0000071a       0x22 c:/infineon/tools/dave ide/4.5.0.202105191637/eclipse/arm-gcc-49/bin/../lib/gcc/arm-none-eabi/4.9.3/armv7e-m/softfp\libgcc.a(_arm_truncdfsf2.o)
 .ARM.attributes
                0x0000073c       0x32 c:/infineon/tools/dave ide/4.5.0.202105191637/eclipse/arm-gcc-49/bin/../lib/gcc/arm-none-eabi/4.9.3/../../../../arm-none-eabi/lib/armv7e-m/softfp\libg_nano.a(lib_a-errno.o)
 .ARM.attributes
                0x0000076e       0x32 c:/infineon/tools/dave ide/4.5.0.202105191637/eclipse/arm-gcc-49/bin/../lib/gcc/arm-none-eabi/4.9.3/../../../../arm-none-eabi/lib/armv7e-m/softfp\libg_nano.a(lib_a-impure.o)
 .ARM.attributes
                0x000007a0       0x32 c:/infineon/tools/dave ide/4.5.0.202105191637/eclipse/arm-gcc-49/bin/../lib/gcc/arm-none-eabi/4.9.3/../../../../arm-none-eabi/lib/armv7e-m/softfp\libg_nano.a(lib_a-init.o)
 .ARM.attributes
                0x000007d2       0x32 c:/infineon/tools/dave ide/4.5.0.202105191637/eclipse/arm-gcc-49/bin/../lib/gcc/arm-none-eabi/4.9.3/../../../../arm-none-eabi/lib/armv7e-m/softfp\libg_nano.a(lib_a-memcpy.o)
 .ARM.attributes
                0x00000804       0x32 c:/infineon/tools/dave ide/4.5.0.202105191637/eclipse/arm-gcc-49/bin/../lib/gcc/arm-none-eabi/4.9.3/../../../../arm-none-eabi/lib/armv7e-m/softfp\libg_nano.a(lib_a-sprintf.o)
 .ARM.attributes
                0x00000836       0x32 c:/infineon/tools/dave ide/4.5.0.202105191637/eclipse/arm-gcc-49/bin/../lib/gcc/arm-none-eabi/4.9.3/../../../../arm-none-eabi/lib/armv7e-m/softfp\libg_nano.a(lib_a-nano-svfprintf.o)
 .ARM.attributes
                0x00000868       0x32 c:/infineon/tools/dave ide/4.5.0.202105191637/eclipse/arm-gcc-49/bin/../lib/gcc/arm-none-eabi/4.9.3/../../../../arm-none-eabi/lib/armv7e-m/softfp\libg_nano.a(lib_a-nano-vfprintf_i.o)
 .ARM.attributes
                0x0000089a       0x32 c:/infineon/tools/dave ide/4.5.0.202105191637/eclipse/arm-gcc-49/bin/../lib/gcc/arm-none-eabi/4.9.3/../../../../arm-none-eabi/lib/armv7e-m/softfp\libg_nano.a(lib_a-memchr.o)
 .ARM.attributes
                0x000008cc       0x32 c:/infineon/tools/dave ide/4.5.0.202105191637/eclipse/arm-gcc-49/bin/../lib/gcc/arm-none-eabi/4.9.3/../../../../arm-none-eabi/lib/armv7e-m/softfp\libg_nano.a(lib_a-memmove.o)
 .ARM.attributes
                0x000008fe       0x32 c:/infineon/tools/dave ide/4.5.0.202105191637/eclipse/arm-gcc-49/bin/../lib/gcc/arm-none-eabi/4.9.3/../../../../arm-none-eabi/lib/armv7e-m/softfp\libg_nano.a(lib_a-nano-freer.o)
 .ARM.attributes
                0x00000930       0x32 c:/infineon/tools/dave ide/4.5.0.202105191637/eclipse/arm-gcc-49/bin/../lib/gcc/arm-none-eabi/4.9.3/../../../../arm-none-eabi/lib/armv7e-m/softfp\libg_nano.a(lib_a-nano-mallocr.o)
 .ARM.attributes
                0x00000962       0x32 c:/infineon/tools/dave ide/4.5.0.202105191637/eclipse/arm-gcc-49/bin/../lib/gcc/arm-none-eabi/4.9.3/../../../../arm-none-eabi/lib/armv7e-m/softfp\libg_nano.a(lib_a-nano-reallocr.o)
 .ARM.attributes
                0x00000994       0x32 c:/infineon/tools/dave ide/4.5.0.202105191637/eclipse/arm-gcc-49/bin/../lib/gcc/arm-none-eabi/4.9.3/../../../../arm-none-eabi/lib/armv7e-m/softfp\libg_nano.a(lib_a-sbrkr.o)
 .ARM.attributes
                0x000009c6       0x32 c:/infineon/tools/dave ide/4.5.0.202105191637/eclipse/arm-gcc-49/bin/../lib/gcc/arm-none-eabi/4.9.3/../../../../arm-none-eabi/lib/armv7e-m/softfp\libg_nano.a(lib_a-nano-msizer.o)
 .ARM.attributes
                0x000009f8       0x32 c:/infineon/tools/dave ide/4.5.0.202105191637/eclipse/arm-gcc-49/bin/../lib/gcc/arm-none-eabi/4.9.3/../../../../arm-none-eabi/lib/armv7e-m/softfp\libg_nano.a(lib_a-reent.o)
OUTPUT(infineon_xmc4500_ac-current-meter.elf elf32-littlearm)